Archive member included to satisfy reference by file (symbol)

/home/tim/Downloads/SimplicityStudio_v5/developer/toolchains/gnu_arm/12.2.rel1_2023.7/bin/../lib/gcc/arm-none-eabi/12.2.1/thumb/v8-m.main+fp/hard/libgcc.a(_aeabi_ldivmod.o)
                              ./gecko_sdk_4.4.1/platform/emlib/src/em_eusart.o (__aeabi_ldivmod)
/home/tim/Downloads/SimplicityStudio_v5/developer/toolchains/gnu_arm/12.2.rel1_2023.7/bin/../lib/gcc/arm-none-eabi/12.2.1/thumb/v8-m.main+fp/hard/libgcc.a(_aeabi_uldivmod.o)
                              ./gecko_sdk_4.4.1/platform/emlib/src/em_eusart.o (__aeabi_uldivmod)
/home/tim/Downloads/SimplicityStudio_v5/developer/toolchains/gnu_arm/12.2.rel1_2023.7/bin/../lib/gcc/arm-none-eabi/12.2.1/thumb/v8-m.main+fp/hard/libgcc.a(_udivmoddi4.o)
                              /home/tim/Downloads/SimplicityStudio_v5/developer/toolchains/gnu_arm/12.2.rel1_2023.7/bin/../lib/gcc/arm-none-eabi/12.2.1/thumb/v8-m.main+fp/hard/libgcc.a(_aeabi_ldivmod.o) (__udivmoddi4)
/home/tim/Downloads/SimplicityStudio_v5/developer/toolchains/gnu_arm/12.2.rel1_2023.7/bin/../lib/gcc/arm-none-eabi/12.2.1/thumb/v8-m.main+fp/hard/libgcc.a(_dvmd_tls.o)
                              /home/tim/Downloads/SimplicityStudio_v5/developer/toolchains/gnu_arm/12.2.rel1_2023.7/bin/../lib/gcc/arm-none-eabi/12.2.1/thumb/v8-m.main+fp/hard/libgcc.a(_aeabi_ldivmod.o) (__aeabi_ldiv0)
/home/tim/Downloads/SimplicityStudio_v5/developer/toolchains/gnu_arm/12.2.rel1_2023.7/bin/../lib/gcc/arm-none-eabi/12.2.1/../../../../arm-none-eabi/lib/thumb/v8-m.main+fp/hard/libc_nano.a(libc_a-exit.o)
                              /home/tim/Downloads/SimplicityStudio_v5/developer/toolchains/gnu_arm/12.2.rel1_2023.7/bin/../lib/gcc/arm-none-eabi/12.2.1/../../../../arm-none-eabi/lib/thumb/v8-m.main+fp/hard/crt0.o (exit)
/home/tim/Downloads/SimplicityStudio_v5/developer/toolchains/gnu_arm/12.2.rel1_2023.7/bin/../lib/gcc/arm-none-eabi/12.2.1/../../../../arm-none-eabi/lib/thumb/v8-m.main+fp/hard/libc_nano.a(libc_a-init.o)
                              /home/tim/Downloads/SimplicityStudio_v5/developer/toolchains/gnu_arm/12.2.rel1_2023.7/bin/../lib/gcc/arm-none-eabi/12.2.1/../../../../arm-none-eabi/lib/thumb/v8-m.main+fp/hard/crt0.o (__libc_init_array)
/home/tim/Downloads/SimplicityStudio_v5/developer/toolchains/gnu_arm/12.2.rel1_2023.7/bin/../lib/gcc/arm-none-eabi/12.2.1/../../../../arm-none-eabi/lib/thumb/v8-m.main+fp/hard/libc_nano.a(libc_a-memcpy-stub.o)
                              ./gecko_sdk_4.4.1/platform/Device/SiliconLabs/EFR32MG24/Source/startup_efr32mg24.o (memcpy)
/home/tim/Downloads/SimplicityStudio_v5/developer/toolchains/gnu_arm/12.2.rel1_2023.7/bin/../lib/gcc/arm-none-eabi/12.2.1/../../../../arm-none-eabi/lib/thumb/v8-m.main+fp/hard/libc_nano.a(libc_a-malloc.o)
                              ./gecko_sdk_4.4.1/util/silicon_labs/silabs_core/memory_manager/sl_malloc.o (malloc)
/home/tim/Downloads/SimplicityStudio_v5/developer/toolchains/gnu_arm/12.2.rel1_2023.7/bin/../lib/gcc/arm-none-eabi/12.2.1/../../../../arm-none-eabi/lib/thumb/v8-m.main+fp/hard/libc_nano.a(libc_a-mallocr.o)
                              /home/tim/Downloads/SimplicityStudio_v5/developer/toolchains/gnu_arm/12.2.rel1_2023.7/bin/../lib/gcc/arm-none-eabi/12.2.1/../../../../arm-none-eabi/lib/thumb/v8-m.main+fp/hard/libc_nano.a(libc_a-malloc.o) (_malloc_r)
/home/tim/Downloads/SimplicityStudio_v5/developer/toolchains/gnu_arm/12.2.rel1_2023.7/bin/../lib/gcc/arm-none-eabi/12.2.1/../../../../arm-none-eabi/lib/thumb/v8-m.main+fp/hard/libc_nano.a(libc_a-findfp.o)
                              /home/tim/Downloads/SimplicityStudio_v5/developer/toolchains/gnu_arm/12.2.rel1_2023.7/bin/../lib/gcc/arm-none-eabi/12.2.1/../../../../arm-none-eabi/lib/thumb/v8-m.main+fp/hard/libc_nano.a(libc_a-exit.o) (__stdio_exit_handler)
/home/tim/Downloads/SimplicityStudio_v5/developer/toolchains/gnu_arm/12.2.rel1_2023.7/bin/../lib/gcc/arm-none-eabi/12.2.1/../../../../arm-none-eabi/lib/thumb/v8-m.main+fp/hard/libc_nano.a(libc_a-strlen.o)
                              ./gecko_sdk_4.4.1/platform/security/sl_component/se_manager/src/sl_se_manager_key_derivation.o (strlen)
/home/tim/Downloads/SimplicityStudio_v5/developer/toolchains/gnu_arm/12.2.rel1_2023.7/bin/../lib/gcc/arm-none-eabi/12.2.1/../../../../arm-none-eabi/lib/thumb/v8-m.main+fp/hard/libc_nano.a(libc_a-stdio.o)
                              /home/tim/Downloads/SimplicityStudio_v5/developer/toolchains/gnu_arm/12.2.rel1_2023.7/bin/../lib/gcc/arm-none-eabi/12.2.1/../../../../arm-none-eabi/lib/thumb/v8-m.main+fp/hard/libc_nano.a(libc_a-findfp.o) (__sread)
/home/tim/Downloads/SimplicityStudio_v5/developer/toolchains/gnu_arm/12.2.rel1_2023.7/bin/../lib/gcc/arm-none-eabi/12.2.1/../../../../arm-none-eabi/lib/thumb/v8-m.main+fp/hard/libc_nano.a(libc_a-mlock.o)
[...]
Memory Configuration

Name             Origin             Length             Attributes
FLASH            0x0000000008000000 0x0000000000006000 xr
RAM              0x0000000020000004 0x000000000001fffc xrw
BOOTLOADER_RESET_REGION 0x0000000020000000 0x0000000000000004 xrw
*default*        0x0000000000000000 0xffffffffffffffff

Linker script and memory map

LOAD /home/tim/Downloads/SimplicityStudio_v5/developer/toolchains/gnu_arm/12.2.rel1_2023.7/bin/../lib/gcc/arm-none-eabi/12.2.1/thumb/v8-m.main+fp/hard/crti.o
LOAD /home/tim/Downloads/SimplicityStudio_v5/developer/toolchains/gnu_arm/12.2.rel1_2023.7/bin/../lib/gcc/arm-none-eabi/12.2.1/thumb/v8-m.main+fp/hard/crtbegin.o
LOAD /home/tim/Downloads/SimplicityStudio_v5/developer/toolchains/gnu_arm/12.2.rel1_2023.7/bin/../lib/gcc/arm-none-eabi/12.2.1/../../../../arm-none-eabi/lib/thumb/v8-m.main+fp/hard/crt0.o
START GROUP
LOAD ./gecko_sdk_4.4.1/platform/Device/SiliconLabs/EFR32MG24/Source/startup_efr32mg24.o
LOAD ./gecko_sdk_4.4.1/platform/Device/SiliconLabs/EFR32MG24/Source/system_efr32mg24.o
LOAD ./gecko_sdk_4.4.1/platform/bootloader/communication/xmodem-parser/btl_xmodem.o
LOAD ./gecko_sdk_4.4.1/platform/bootloader/communication/xmodem-uart/btl_comm_xmodem.o
LOAD ./gecko_sdk_4.4.1/platform/bootloader/communication/xmodem-uart/btl_comm_xmodem_common.o
LOAD ./gecko_sdk_4.4.1/platform/bootloader/core/btl_bootload.o
LOAD ./gecko_sdk_4.4.1/platform/bootloader/core/btl_core.o
LOAD ./gecko_sdk_4.4.1/platform/bootloader/core/btl_main.o
LOAD ./gecko_sdk_4.4.1/platform/bootloader/core/btl_parse.o
LOAD ./gecko_sdk_4.4.1/platform/bootloader/core/btl_reset.o
LOAD ./gecko_sdk_4.4.1/platform/bootloader/core/flash/btl_internal_flash.o
LOAD ./gecko_sdk_4.4.1/platform/bootloader/debug/btl_debug.o
LOAD ./gecko_sdk_4.4.1/platform/bootloader/debug/btl_debug_swo.o
LOAD ./gecko_sdk_4.4.1/platform/bootloader/driver/btl_driver_delay.o
LOAD ./gecko_sdk_4.4.1/platform/bootloader/driver/btl_driver_uart.o
LOAD ./gecko_sdk_4.4.1/platform/bootloader/driver/btl_driver_util.o
LOAD ./gecko_sdk_4.4.1/platform/bootloader/gpio/gpio-activation/btl_gpio_activation.o
LOAD ./gecko_sdk_4.4.1/platform/bootloader/parser/gbl/btl_gbl_custom_tags.o
LOAD ./gecko_sdk_4.4.1/platform/bootloader/parser/gbl/btl_gbl_format.o
LOAD ./gecko_sdk_4.4.1/platform/bootloader/parser/gbl/btl_gbl_parser.o
LOAD ./gecko_sdk_4.4.1/platform/bootloader/security/btl_crc16.o
LOAD ./gecko_sdk_4.4.1/platform/bootloader/security/btl_crc32.o
LOAD ./gecko_sdk_4.4.1/platform/bootloader/security/btl_security_aes.o
LOAD ./gecko_sdk_4.4.1/platform/bootloader/security/btl_security_ecdsa.o
LOAD ./gecko_sdk_4.4.1/platform/bootloader/security/btl_security_sha256.o
LOAD ./gecko_sdk_4.4.1/platform/bootloader/security/btl_security_tokens.o
LOAD ./gecko_sdk_4.4.1/platform/bootloader/security/ecc/ecc.o
LOAD ./gecko_sdk_4.4.1/platform/bootloader/security/sha/btl_sha256.o
LOAD ./gecko_sdk_4.4.1/platform/bootloader/security/sha/crypto_sha.o
LOAD ./gecko_sdk_4.4.1/platform/bootloader/security/sha/cryptoacc_sha.o
LOAD ./gecko_sdk_4.4.1/platform/bootloader/security/sha/se_sha.o
LOAD ./gecko_sdk_4.4.1/platform/common/src/sl_assert.o
LOAD ./gecko_sdk_4.4.1/platform/common/src/sl_syscalls.o
LOAD ./gecko_sdk_4.4.1/platform/common/toolchain/src/sl_memory.o
LOAD ./gecko_sdk_4.4.1/platform/emlib/src/em_acmp.o
LOAD ./gecko_sdk_4.4.1/platform/emlib/src/em_burtc.o
LOAD ./gecko_sdk_4.4.1/platform/emlib/src/em_cmu.o
LOAD ./gecko_sdk_4.4.1/platform/emlib/src/em_core.o
LOAD ./gecko_sdk_4.4.1/platform/emlib/src/em_dbg.o
LOAD ./gecko_sdk_4.4.1/platform/emlib/src/em_emu.o
LOAD ./gecko_sdk_4.4.1/platform/emlib/src/em_eusart.o
LOAD ./gecko_sdk_4.4.1/platform/emlib/src/em_gpcrc.o
LOAD ./gecko_sdk_4.4.1/platform/emlib/src/em_gpio.o
LOAD ./gecko_sdk_4.4.1/platform/emlib/src/em_i2c.o
LOAD ./gecko_sdk_4.4.1/platform/emlib/src/em_iadc.o
LOAD ./gecko_sdk_4.4.1/platform/emlib/src/em_ldma.o
LOAD ./gecko_sdk_4.4.1/platform/emlib/src/em_letimer.o
LOAD ./gecko_sdk_4.4.1/platform/emlib/src/em_msc.o
LOAD ./gecko_sdk_4.4.1/platform/emlib/src/em_opamp.o
LOAD ./gecko_sdk_4.4.1/platform/emlib/src/em_pcnt.o
LOAD ./gecko_sdk_4.4.1/platform/emlib/src/em_prs.o
LOAD ./gecko_sdk_4.4.1/platform/emlib/src/em_rmu.o
LOAD ./gecko_sdk_4.4.1/platform/emlib/src/em_se.o
LOAD ./gecko_sdk_4.4.1/platform/emlib/src/em_system.o
LOAD ./gecko_sdk_4.4.1/platform/emlib/src/em_timer.o
LOAD ./gecko_sdk_4.4.1/platform/emlib/src/em_usart.o
LOAD ./gecko_sdk_4.4.1/platform/emlib/src/em_vdac.o
LOAD ./gecko_sdk_4.4.1/platform/emlib/src/em_wdog.o
LOAD ./gecko_sdk_4.4.1/platform/security/sl_component/se_manager/src/sl_se_manager.o
LOAD ./gecko_sdk_4.4.1/platform/security/sl_component/se_manager/src/sl_se_manager_attestation.o
LOAD ./gecko_sdk_4.4.1/platform/security/sl_component/se_manager/src/sl_se_manager_cipher.o
LOAD ./gecko_sdk_4.4.1/platform/security/sl_component/se_manager/src/sl_se_manager_entropy.o
LOAD ./gecko_sdk_4.4.1/platform/security/sl_component/se_manager/src/sl_se_manager_hash.o
LOAD ./gecko_sdk_4.4.1/platform/security/sl_component/se_manager/src/sl_se_manager_key_derivation.o
LOAD ./gecko_sdk_4.4.1/platform/security/sl_component/se_manager/src/sl_se_manager_key_handling.o
LOAD ./gecko_sdk_4.4.1/platform/security/sl_component/se_manager/src/sl_se_manager_signature.o
LOAD ./gecko_sdk_4.4.1/platform/security/sl_component/se_manager/src/sl_se_manager_util.o
LOAD ./gecko_sdk_4.4.1/platform/security/sl_component/sl_mbedtls_support/src/se_aes.o
LOAD ./gecko_sdk_4.4.1/platform/security/sl_component/sl_mbedtls_support/src/sl_mbedtls.o
LOAD ./gecko_sdk_4.4.1/platform/security/sl_component/sl_psa_driver/src/sli_psa_driver_common.o
LOAD ./gecko_sdk_4.4.1/platform/security/sl_component/sl_psa_driver/src/sli_psa_driver_init.o
LOAD ./gecko_sdk_4.4.1/platform/security/sl_component/sl_psa_driver/src/sli_se_driver_aead.o
LOAD ./gecko_sdk_4.4.1/platform/security/sl_component/sl_psa_driver/src/sli_se_driver_builtin_keys.o
LOAD ./gecko_sdk_4.4.1/platform/security/sl_component/sl_psa_driver/src/sli_se_driver_cipher.o
LOAD ./gecko_sdk_4.4.1/platform/security/sl_component/sl_psa_driver/src/sli_se_driver_key_derivation.o
LOAD ./gecko_sdk_4.4.1/platform/security/sl_component/sl_psa_driver/src/sli_se_driver_key_management.o
LOAD ./gecko_sdk_4.4.1/platform/security/sl_component/sl_psa_driver/src/sli_se_driver_mac.o
LOAD ./gecko_sdk_4.4.1/platform/security/sl_component/sl_psa_driver/src/sli_se_driver_signature.o
LOAD ./gecko_sdk_4.4.1/platform/security/sl_component/sl_psa_driver/src/sli_se_opaque_driver_aead.o
LOAD ./gecko_sdk_4.4.1/platform/security/sl_component/sl_psa_driver/src/sli_se_opaque_driver_cipher.o
LOAD ./gecko_sdk_4.4.1/platform/security/sl_component/sl_psa_driver/src/sli_se_opaque_driver_mac.o
LOAD ./gecko_sdk_4.4.1/platform/security/sl_component/sl_psa_driver/src/sli_se_opaque_key_derivation.o
LOAD ./gecko_sdk_4.4.1/platform/security/sl_component/sl_psa_driver/src/sli_se_transparent_driver_aead.o
LOAD ./gecko_sdk_4.4.1/platform/security/sl_component/sl_psa_driver/src/sli_se_transparent_driver_cipher.o
LOAD ./gecko_sdk_4.4.1/platform/security/sl_component/sl_psa_driver/src/sli_se_transparent_driver_hash.o
LOAD ./gecko_sdk_4.4.1/platform/security/sl_component/sl_psa_driver/src/sli_se_transparent_driver_mac.o
LOAD ./gecko_sdk_4.4.1/platform/security/sl_component/sl_psa_driver/src/sli_se_transparent_key_derivation.o
LOAD ./gecko_sdk_4.4.1/platform/security/sl_component/sl_psa_driver/src/sli_se_version_dependencies.o
LOAD ./gecko_sdk_4.4.1/platform/service/udelay/src/sl_udelay.o
LOAD ./gecko_sdk_4.4.1/platform/service/udelay/src/sl_udelay_armv6m_gcc.o
LOAD ./gecko_sdk_4.4.1/util/silicon_labs/silabs_core/memory_manager/sl_malloc.o
LOAD ./gecko_sdk_4.4.1/util/third_party/mbedtls/library/aes.o
LOAD ./gecko_sdk_4.4.1/util/third_party/mbedtls/library/constant_time.o
LOAD ./gecko_sdk_4.4.1/util/third_party/mbedtls/library/platform.o
LOAD ./gecko_sdk_4.4.1/util/third_party/mbedtls/library/platform_util.o
LOAD ./gecko_sdk_4.4.1/util/third_party/mbedtls/library/psa_crypto_client.o
LOAD ./gecko_sdk_4.4.1/util/third_party/mbedtls/library/psa_util.o
LOAD ./gecko_sdk_4.4.1/util/third_party/mbedtls/library/threading.o
LOAD ./gecko_sdk_4.4.1/util/third_party/trusted-firmware-m/lib/fih/src/fih.o
LOAD ./gecko_sdk_4.4.1/util/third_party/trusted-firmware-m/platform/ext/target/siliconlabs/hse/sli_se.o
LOAD /home/tim/Downloads/SimplicityStudio_v5/developer/toolchains/gnu_arm/12.2.rel1_2023.7/bin/../lib/gcc/arm-none-eabi/12.2.1/thumb/v8-m.main+fp/hard/libgcc.a
LOAD /home/tim/Downloads/SimplicityStudio_v5/developer/toolchains/gnu_arm/12.2.rel1_2023.7/bin/../lib/gcc/arm-none-eabi/12.2.1/../../../../arm-none-eabi/lib/thumb/v8-m.main+fp/hard/libc_nano.a
LOAD /home/tim/Downloads/SimplicityStudio_v5/developer/toolchains/gnu_arm/12.2.rel1_2023.7/bin/../lib/gcc/arm-none-eabi/12.2.1/../../../../arm-none-eabi/lib/thumb/v8-m.main+fp/hard/libm.a
LOAD /home/tim/Downloads/SimplicityStudio_v5/developer/toolchains/gnu_arm/12.2.rel1_2023.7/bin/../lib/gcc/arm-none-eabi/12.2.1/../../../../arm-none-eabi/lib/thumb/v8-m.main+fp/hard/libnosys.a
END GROUP
START GROUP
LOAD /home/tim/Downloads/SimplicityStudio_v5/developer/toolchains/gnu_arm/12.2.rel1_2023.7/bin/../lib/gcc/arm-none-eabi/12.2.1/thumb/v8-m.main+fp/hard/libgcc.a
LOAD /home/tim/Downloads/SimplicityStudio_v5/developer/toolchains/gnu_arm/12.2.rel1_2023.7/bin/../lib/gcc/arm-none-eabi/12.2.1/../../../../arm-none-eabi/lib/thumb/v8-m.main+fp/hard/libc_nano.a
LOAD /home/tim/Downloads/SimplicityStudio_v5/developer/toolchains/gnu_arm/12.2.rel1_2023.7/bin/../lib/gcc/arm-none-eabi/12.2.1/../../../../arm-none-eabi/lib/thumb/v8-m.main+fp/hard/libnosys.a
END GROUP
START GROUP
LOAD /home/tim/Downloads/SimplicityStudio_v5/developer/toolchains/gnu_arm/12.2.rel1_2023.7/bin/../lib/gcc/arm-none-eabi/12.2.1/thumb/v8-m.main+fp/hard/libgcc.a
LOAD /home/tim/Downloads/SimplicityStudio_v5/developer/toolchains/gnu_arm/12.2.rel1_2023.7/bin/../lib/gcc/arm-none-eabi/12.2.1/../../../../arm-none-eabi/lib/thumb/v8-m.main+fp/hard/libg_nano.a
LOAD /home/tim/Downloads/SimplicityStudio_v5/developer/toolchains/gnu_arm/12.2.rel1_2023.7/bin/../lib/gcc/arm-none-eabi/12.2.1/../../../../arm-none-eabi/lib/thumb/v8-m.main+fp/hard/libc_nano.a
END GROUP
START GROUP
LOAD /home/tim/Downloads/SimplicityStudio_v5/developer/toolchains/gnu_arm/12.2.rel1_2023.7/bin/../lib/gcc/arm-none-eabi/12.2.1/thumb/v8-m.main+fp/hard/libgcc.a
LOAD /home/tim/Downloads/SimplicityStudio_v5/developer/toolchains/gnu_arm/12.2.rel1_2023.7/bin/../lib/gcc/arm-none-eabi/12.2.1/../../../../arm-none-eabi/lib/thumb/v8-m.main+fp/hard/libc_nano.a
END GROUP
LOAD /home/tim/Downloads/SimplicityStudio_v5/developer/toolchains/gnu_arm/12.2.rel1_2023.7/bin/../lib/gcc/arm-none-eabi/12.2.1/thumb/v8-m.main+fp/hard/crtend.o
LOAD /home/tim/Downloads/SimplicityStudio_v5/developer/toolchains/gnu_arm/12.2.rel1_2023.7/bin/../lib/gcc/arm-none-eabi/12.2.1/thumb/v8-m.main+fp/hard/crtn.o

.text           0x0000000008000000     0x2ca0
                0x0000000008000000                linker_vectors_begin = .
 *(.vectors)
 .vectors       0x0000000008000000      0x170 ./gecko_sdk_4.4.1/platform/Device/SiliconLabs/EFR32MG24/Source/startup_efr32mg24.o
                0x0000000008000000                __Vectors
                0x0000000008000170                linker_vectors_end = .
                0x0000000008000170                __Vectors_End = .
                0x0000000008000170                __Vectors_Size = (__Vectors_End - __Vectors)
                0x0000000008000170                linker_code_begin = .
 *(SORT_BY_ALIGNMENT(.text*))
 .text.Reset_Handler
                0x0000000008000170       0x40 ./gecko_sdk_4.4.1/platform/Device/SiliconLabs/EFR32MG24/Source/startup_efr32mg24.o
                0x0000000008000170                Reset_Handler
 .text.deregister_tm_clones
                0x00000000080001b0       0x1c /home/tim/Downloads/SimplicityStudio_v5/developer/toolchains/gnu_arm/12.2.rel1_2023.7/bin/../lib/gcc/arm-none-eabi/12.2.1/thumb/v8-m.main+fp/hard/crtbegin.o
 .text.register_tm_clones
                0x00000000080001cc       0x28 /home/tim/Downloads/SimplicityStudio_v5/developer/toolchains/gnu_arm/12.2.rel1_2023.7/bin/../lib/gcc/arm-none-eabi/12.2.1/thumb/v8-m.main+fp/hard/crtbegin.o
 .text.__do_global_dtors_aux
                0x00000000080001f4       0x28 /home/tim/Downloads/SimplicityStudio_v5/developer/toolchains/gnu_arm/12.2.rel1_2023.7/bin/../lib/gcc/arm-none-eabi/12.2.1/thumb/v8-m.main+fp/hard/crtbegin.o
 .text.frame_dummy
                0x000000000800021c       0x24 /home/tim/Downloads/SimplicityStudio_v5/developer/toolchains/gnu_arm/12.2.rel1_2023.7/bin/../lib/gcc/arm-none-eabi/12.2.1/thumb/v8-m.main+fp/hard/crtbegin.o
 .text.Copy_Table
                0x0000000008000240       0x28 ./gecko_sdk_4.4.1/platform/Device/SiliconLabs/EFR32MG24/Source/startup_efr32mg24.o
                0x0000000008000240                Copy_Table
 .text.Zero_Table
                0x0000000008000268       0x24 ./gecko_sdk_4.4.1/platform/Device/SiliconLabs/EFR32MG24/Source/startup_efr32mg24.o
                0x0000000008000268                Zero_Table
 .text.CopyRamFuncs
                0x000000000800028c       0x1c ./gecko_sdk_4.4.1/platform/Device/SiliconLabs/EFR32MG24/Source/startup_efr32mg24.o
                0x000000000800028c                CopyRamFuncs
 .text.SystemInit
                0x00000000080002a8       0x1c ./gecko_sdk_4.4.1/platform/Device/SiliconLabs/EFR32MG24/Source/system_efr32mg24.o
                0x00000000080002a8                SystemInit
 .text.xmodem_reset
                0x00000000080002c4       0x14 ./gecko_sdk_4.4.1/platform/bootloader/communication/xmodem-parser/btl_xmodem.o
                0x00000000080002c4                xmodem_reset
 .text.xmodem_parsePacket
                0x00000000080002d8       0xbc ./gecko_sdk_4.4.1/platform/bootloader/communication/xmodem-parser/btl_xmodem.o
                0x00000000080002d8                xmodem_parsePacket
 .text.communication_main
                0x0000000008000394       0x10 ./gecko_sdk_4.4.1/platform/bootloader/communication/xmodem-uart/btl_comm_xmodem.o
                0x0000000008000394                communication_main
 .text.bootloader_xmodem_communication_start
                0x00000000080003a4       0x6c ./gecko_sdk_4.4.1/platform/bootloader/communication/xmodem-uart/btl_comm_xmodem_common.o
                0x00000000080003a4                bootloader_xmodem_communication_start
 .text.bootloader_xmodem_communication_main
                0x0000000008000410      0x36c ./gecko_sdk_4.4.1/platform/bootloader/communication/xmodem-uart/btl_comm_xmodem_common.o
                0x0000000008000410                bootloader_xmodem_communication_main
 .text.bootload_bootloaderCallback
                0x000000000800077c       0x5c ./gecko_sdk_4.4.1/platform/bootloader/core/btl_bootload.o
                0x000000000800077c                bootload_bootloaderCallback
 .text.bootload_checkApplicationPropertiesMagic
                0x00000000080007d8       0x4c ./gecko_sdk_4.4.1/platform/bootloader/core/btl_bootload.o
                0x00000000080007d8                bootload_checkApplicationPropertiesMagic
 .text.bootload_verifyApplication
                0x0000000008000824       0xf8 ./gecko_sdk_4.4.1/platform/bootloader/core/btl_bootload.o
                0x0000000008000824                bootload_verifyApplication
 .text.bootload_commitBootloaderUpgrade
                0x000000000800091c       0x94 ./gecko_sdk_4.4.1/platform/bootloader/core/btl_bootload.o
                0x000000000800091c                bootload_commitBootloaderUpgrade
 .text.bootload_commitSeUpgrade
                0x00000000080009b0       0x6c ./gecko_sdk_4.4.1/platform/bootloader/core/btl_bootload.o
                0x00000000080009b0                bootload_commitSeUpgrade
 .text.bootload_getSeVersion
                0x0000000008000a1c       0x50 ./gecko_sdk_4.4.1/platform/bootloader/core/btl_bootload.o
                0x0000000008000a1c                bootload_getSeVersion
 .text.bootload_getUpgradeLocation
                0x0000000008000a6c        0x8 ./gecko_sdk_4.4.1/platform/bootloader/core/btl_bootload.o
                0x0000000008000a6c                bootload_getUpgradeLocation
 .text.btl_getPeripheralList
                0x0000000008000a74       0x1c ./gecko_sdk_4.4.1/platform/bootloader/core/btl_main.o
 .text.startup.main
                0x0000000008000a90       0xb4 ./gecko_sdk_4.4.1/platform/bootloader/core/btl_main.o
                0x0000000008000a90                main
 .text.SystemInit2
                0x0000000008000b44       0x94 ./gecko_sdk_4.4.1/platform/bootloader/core/btl_main.o
                0x0000000008000b44                SystemInit2
 .text.reset_invalidateResetReason
                0x0000000008000bd8       0x10 ./gecko_sdk_4.4.1/platform/bootloader/core/btl_reset.o
                0x0000000008000bd8                reset_invalidateResetReason
 .text.reset_resetCounterEnabled
                0x0000000008000be8       0x1c ./gecko_sdk_4.4.1/platform/bootloader/core/btl_reset.o
                0x0000000008000be8                reset_resetCounterEnabled
 .text.reset_setResetReason
                0x0000000008000c04       0x18 ./gecko_sdk_4.4.1/platform/bootloader/core/btl_reset.o
                0x0000000008000c04                reset_setResetReason
 .text.reset_resetWithReason
                0x0000000008000c1c       0x28 ./gecko_sdk_4.4.1/platform/bootloader/core/btl_reset.o
                0x0000000008000c1c                reset_resetWithReason
 .text.reset_classifyReset
                0x0000000008000c44       0x2c ./gecko_sdk_4.4.1/platform/bootloader/core/btl_reset.o
                0x0000000008000c44                reset_classifyReset
 .text.flash_erasePage
                0x0000000008000c70       0x1c ./gecko_sdk_4.4.1/platform/bootloader/core/flash/btl_internal_flash.o
                0x0000000008000c70                flash_erasePage
 .text.flash_writeBuffer_dma
                0x0000000008000c8c       0x50 ./gecko_sdk_4.4.1/platform/bootloader/core/flash/btl_internal_flash.o
                0x0000000008000c8c                flash_writeBuffer_dma
 .text.delay_init
                0x0000000008000cdc       0x4c ./gecko_sdk_4.4.1/platform/bootloader/driver/btl_driver_delay.o
                0x0000000008000cdc                delay_init
 .text.delay_milliseconds
                0x0000000008000d28       0x4c ./gecko_sdk_4.4.1/platform/bootloader/driver/btl_driver_delay.o
                0x0000000008000d28                delay_milliseconds
 .text.delay_expired
                0x0000000008000d74       0x34 ./gecko_sdk_4.4.1/platform/bootloader/driver/btl_driver_delay.o
                0x0000000008000d74                delay_expired
 .text.uart_init
                0x0000000008000da8      0x148 ./gecko_sdk_4.4.1/platform/bootloader/driver/btl_driver_uart.o
                0x0000000008000da8                uart_init
 .text.uart_isTxIdle
                0x0000000008000ef0       0x2c ./gecko_sdk_4.4.1/platform/bootloader/driver/btl_driver_uart.o
                0x0000000008000ef0                uart_isTxIdle
 .text.uart_sendBuffer
                0x0000000008000f1c       0x70 ./gecko_sdk_4.4.1/platform/bootloader/driver/btl_driver_uart.o
                0x0000000008000f1c                uart_sendBuffer
 .text.uart_sendByte
                0x0000000008000f8c       0x28 ./gecko_sdk_4.4.1/platform/bootloader/driver/btl_driver_uart.o
                0x0000000008000f8c                uart_sendByte
 .text.uart_getRxAvailableBytes
                0x0000000008000fb4       0x48 ./gecko_sdk_4.4.1/platform/bootloader/driver/btl_driver_uart.o
                0x0000000008000fb4                uart_getRxAvailableBytes
 .text.uart_receiveBuffer
                0x0000000008000ffc       0xa4 ./gecko_sdk_4.4.1/platform/bootloader/driver/btl_driver_uart.o
                0x0000000008000ffc                uart_receiveBuffer
 .text.uart_flush
                0x00000000080010a0       0x3c ./gecko_sdk_4.4.1/platform/bootloader/driver/btl_driver_uart.o
                0x00000000080010a0                uart_flush
 .text.util_getClockFreq
                0x00000000080010dc       0x94 ./gecko_sdk_4.4.1/platform/bootloader/driver/btl_driver_util.o
                0x00000000080010dc                util_getClockFreq
 .text.gpio_enterBootloader
                0x0000000008001170       0x68 ./gecko_sdk_4.4.1/platform/bootloader/gpio/gpio-activation/btl_gpio_activation.o
                0x0000000008001170                gpio_enterBootloader
 .text.gbl_getTagParsingInfoFromTagId
                0x00000000080011d8       0x24 ./gecko_sdk_4.4.1/platform/bootloader/parser/gbl/btl_gbl_format.o
                0x00000000080011d8                gbl_getTagParsingInfoFromTagId
 .text.gbl_parseHeader
                0x00000000080011fc       0x7c ./gecko_sdk_4.4.1/platform/bootloader/parser/gbl/btl_gbl_parser.o
 .text.gbl_writeProgData
                0x0000000008001278       0xa8 ./gecko_sdk_4.4.1/platform/bootloader/parser/gbl/btl_gbl_parser.o
                0x0000000008001278                gbl_writeProgData
 .text.parser_init
                0x0000000008001320       0x74 ./gecko_sdk_4.4.1/platform/bootloader/parser/gbl/btl_gbl_parser.o
                0x0000000008001320                parser_init
 .text.parser_parse
                0x0000000008001394      0x6a0 ./gecko_sdk_4.4.1/platform/bootloader/parser/gbl/btl_gbl_parser.o
                0x0000000008001394                parser_parse
 .text.btl_crc32Stream
                0x0000000008001a34       0x30 ./gecko_sdk_4.4.1/platform/bootloader/security/btl_crc32.o
                0x0000000008001a34                btl_crc32Stream
 .text.btl_initAesCcm
                0x0000000008001a64       0x58 ./gecko_sdk_4.4.1/platform/bootloader/security/btl_security_aes.o
                0x0000000008001a64                btl_initAesCcm
 .text.btl_verifyEcdsaP256r1
                0x0000000008001abc      0x100 ./gecko_sdk_4.4.1/platform/bootloader/security/btl_security_ecdsa.o
                0x0000000008001abc                btl_verifyEcdsaP256r1
 .text.btl_initSha256
                0x0000000008001bbc       0x20 ./gecko_sdk_4.4.1/platform/bootloader/security/btl_security_sha256.o
                0x0000000008001bbc                btl_initSha256
 .text.btl_getSignedBootloaderKeyXPtr
                0x0000000008001bdc       0x3c ./gecko_sdk_4.4.1/platform/bootloader/security/btl_security_tokens.o
                0x0000000008001bdc                btl_getSignedBootloaderKeyXPtr
 .text.btl_getSignedBootloaderKeyYPtr
                0x0000000008001c18       0x3c ./gecko_sdk_4.4.1/platform/bootloader/security/btl_security_tokens.o
                0x0000000008001c18                btl_getSignedBootloaderKeyYPtr
 .text.btl_getImageFileEncryptionKeyPtr
                0x0000000008001c54        0x8 ./gecko_sdk_4.4.1/platform/bootloader/security/btl_security_tokens.o
                0x0000000008001c54                btl_getImageFileEncryptionKeyPtr
 .text.sha_x_update
                0x0000000008001c5c       0xbc ./gecko_sdk_4.4.1/platform/bootloader/security/sha/btl_sha256.o
                0x0000000008001c5c                sha_x_update
 .text.sha_x_finish.part.0
                0x0000000008001d18       0x98 ./gecko_sdk_4.4.1/platform/bootloader/security/sha/btl_sha256.o
 .text.sha_x_process
                0x0000000008001db0       0xa8 ./gecko_sdk_4.4.1/platform/bootloader/security/sha/se_sha.o
                0x0000000008001db0                sha_x_process
 .text.CMU_ClockEnable
                0x0000000008001e58       0x34 ./gecko_sdk_4.4.1/platform/emlib/src/em_cmu.o
                0x0000000008001e58                CMU_ClockEnable
 .text.GPIO_PinModeSet
                0x0000000008001e8c       0x80 ./gecko_sdk_4.4.1/platform/emlib/src/em_gpio.o
                0x0000000008001e8c                GPIO_PinModeSet
 .text.mscStatusWait
                0x0000000008001f0c       0x54 ./gecko_sdk_4.4.1/platform/emlib/src/em_msc.o
                0x0000000008001f0c                mscStatusWait
 .text.MSC_ErasePage
                0x0000000008001f60       0x50 ./gecko_sdk_4.4.1/platform/emlib/src/em_msc.o
                0x0000000008001f60                MSC_ErasePage
 .text.MSC_WriteWordDma
                0x0000000008001fb0       0xe0 ./gecko_sdk_4.4.1/platform/emlib/src/em_msc.o
                0x0000000008001fb0                MSC_WriteWordDma
 .text.SYSTEM_ChipRevisionGet
                0x0000000008002090       0x24 ./gecko_sdk_4.4.1/platform/emlib/src/em_system.o
                0x0000000008002090                SYSTEM_ChipRevisionGet
 .text.sli_se_lock_acquire
                0x00000000080020b4       0x10 ./gecko_sdk_4.4.1/platform/security/sl_component/se_manager/src/sl_se_manager.o
                0x00000000080020b4                sli_se_lock_acquire
 .text.sli_se_lock_release
                0x00000000080020c4       0x10 ./gecko_sdk_4.4.1/platform/security/sl_component/se_manager/src/sl_se_manager.o
                0x00000000080020c4                sli_se_lock_release
 .text.sli_se_execute_and_wait
                0x00000000080020d4       0x40 ./gecko_sdk_4.4.1/platform/security/sl_component/se_manager/src/sl_se_manager.o
                0x00000000080020d4                sli_se_execute_and_wait
 .text.sl_se_read_pubkey
                0x0000000008002114       0x58 ./gecko_sdk_4.4.1/platform/security/sl_component/se_manager/src/sl_se_manager_util.o
                0x0000000008002114                sl_se_read_pubkey
 .text.mbedtls_aes_crypt_ecb
                0x000000000800216c       0xc8 ./gecko_sdk_4.4.1/platform/security/sl_component/sl_mbedtls_support/src/se_aes.o
                0x000000000800216c                mbedtls_aes_crypt_ecb
 .text.mbedtls_aes_crypt_ctr
                0x0000000008002234      0x180 ./gecko_sdk_4.4.1/platform/security/sl_component/sl_mbedtls_support/src/se_aes.o
                0x0000000008002234                mbedtls_aes_crypt_ctr
 .text.Default_Handler
                0x00000000080023b4        0x2 ./gecko_sdk_4.4.1/platform/Device/SiliconLabs/EFR32MG24/Source/startup_efr32mg24.o
                0x00000000080023b4                ULFRCO_IRQHandler
                0x00000000080023b4                AHB2AHB1_IRQHandler
                0x00000000080023b4                SW2_IRQHandler
                0x00000000080023b4                TIMER2_IRQHandler
                0x00000000080023b4                DebugMon_Handler
                0x00000000080023b4                USART0_TX_IRQHandler
                0x00000000080023b4                IADC_IRQHandler
                0x00000000080023b4                EUSART0_TX_IRQHandler
                0x00000000080023b4                I2C0_IRQHandler
                0x00000000080023b4                LFXO_IRQHandler
                0x00000000080023b4                SMU_SECURE_IRQHandler
                0x00000000080023b4                SysTick_Handler
                0x00000000080023b4                SYSRTC_SEQ_IRQHandler
                0x00000000080023b4                EMUEFP_IRQHandler
                0x00000000080023b4                PendSV_Handler
                0x00000000080023b4                NMI_Handler
                0x00000000080023b4                SYNTH_IRQHandler
                0x00000000080023b4                HOSTMAILBOX_IRQHandler
                0x00000000080023b4                HFXO0_IRQHandler
                0x00000000080023b4                I2C1_IRQHandler
                0x00000000080023b4                WDOG0_IRQHandler
                0x00000000080023b4                TIMER3_IRQHandler
                0x00000000080023b4                SYSCFG_IRQHandler
                0x00000000080023b4                RFECA1_IRQHandler
                0x00000000080023b4                EMUDG_IRQHandler
                0x00000000080023b4                MSC_IRQHandler
                0x00000000080023b4                DPLL0_IRQHandler
                0x00000000080023b4                UsageFault_Handler
                0x00000000080023b4                WDOG1_IRQHandler
                0x00000000080023b4                M33CTI1_IRQHandler
                0x00000000080023b4                TIMER4_IRQHandler
                0x00000000080023b4                GPIO_EVEN_IRQHandler
                0x00000000080023b4                VDAC0_IRQHandler
                0x00000000080023b4                LDMA_IRQHandler
                0x00000000080023b4                SEMBTX_IRQHandler
                0x00000000080023b4                SW0_IRQHandler
                0x00000000080023b4                TIMER0_IRQHandler
                0x00000000080023b4                MVP_IRQHandler
                0x00000000080023b4                LETIMER0_IRQHandler
                0x00000000080023b4                EUSART1_RX_IRQHandler
                0x00000000080023b4                TIMER1_IRQHandler
                0x00000000080023b4                HFRCO0_IRQHandler
                0x00000000080023b4                SecureFault_Handler
                0x00000000080023b4                BUFC_IRQHandler
                0x00000000080023b4                DCDC_IRQHandler
                0x00000000080023b4                MODEM_IRQHandler
                0x00000000080023b4                Default_Handler
                0x00000000080023b4                RAC_SEQ_IRQHandler
                0x00000000080023b4                FRC_PRI_IRQHandler
                0x00000000080023b4                EMU_IRQHandler
                0x00000000080023b4                SW3_IRQHandler
                0x00000000080023b4                KERNEL0_IRQHandler
                0x00000000080023b4                FRC_IRQHandler
                0x00000000080023b4                PCNT0_IRQHandler
                0x00000000080023b4                KERNEL1_IRQHandler
                0x00000000080023b4                AGC_IRQHandler
                0x00000000080023b4                EUSART1_TX_IRQHandler
                0x00000000080023b4                KEYSCAN_IRQHandler
                0x00000000080023b4                HFRCOEM23_IRQHandler
                0x00000000080023b4                BURTC_IRQHandler
                0x00000000080023b4                SEMBRX_IRQHandler
                0x00000000080023b4                RFECA0_IRQHandler
                0x00000000080023b4                LFRCO_IRQHandler
                0x00000000080023b4                VDAC1_IRQHandler
                0x00000000080023b4                ACMP0_IRQHandler
                0x00000000080023b4                USART0_RX_IRQHandler
                0x00000000080023b4                MemManage_Handler
                0x00000000080023b4                AHB2AHB0_IRQHandler
                0x00000000080023b4                SVC_Handler
                0x00000000080023b4                SMU_S_PRIVILEGED_IRQHandler
                0x00000000080023b4                SW1_IRQHandler
                0x00000000080023b4                CMU_IRQHandler
                0x00000000080023b4                EUSART0_RX_IRQHandler
                0x00000000080023b4                RAC_RSM_IRQHandler
                0x00000000080023b4                SETAMPERHOST_IRQHandler
                0x00000000080023b4                GPIO_ODD_IRQHandler
                0x00000000080023b4                AES_IRQHandler
                0x00000000080023b4                M33CTI0_IRQHandler
                0x00000000080023b4                ICACHE0_IRQHandler
                0x00000000080023b4                SMU_NS_PRIVILEGED_IRQHandler
                0x00000000080023b4                FPUEXH_IRQHandler
                0x00000000080023b4                PROTIMER_IRQHandler
                0x00000000080023b4                ACMP1_IRQHandler
                0x00000000080023b4                BusFault_Handler
                0x00000000080023b4                MPAHBRAM_IRQHandler
                0x00000000080023b4                SYSRTC_APP_IRQHandler
 .text.FlashToRamCopy
                0x00000000080023b6       0x16 ./gecko_sdk_4.4.1/platform/Device/SiliconLabs/EFR32MG24/Source/system_efr32mg24.o
                0x00000000080023b6                FlashToRamCopy
 .text.communication_init
                0x00000000080023cc        0x4 ./gecko_sdk_4.4.1/platform/bootloader/communication/xmodem-uart/btl_comm_xmodem.o
                0x00000000080023cc                communication_init
 .text.communication_start
                0x00000000080023d0        0x4 ./gecko_sdk_4.4.1/platform/bootloader/communication/xmodem-uart/btl_comm_xmodem.o
                0x00000000080023d0                communication_start
 .text.communication_shutdown
                0x00000000080023d4        0x2 ./gecko_sdk_4.4.1/platform/bootloader/communication/xmodem-uart/btl_comm_xmodem.o
                0x00000000080023d4                communication_shutdown
 .text.sendPacket.isra.0
                0x00000000080023d6       0x1e ./gecko_sdk_4.4.1/platform/bootloader/communication/xmodem-uart/btl_comm_xmodem_common.o
 .text.bootloader_xmodem_communication_init
                0x00000000080023f4        0x4 ./gecko_sdk_4.4.1/platform/bootloader/communication/xmodem-uart/btl_comm_xmodem_common.o
                0x00000000080023f4                bootloader_xmodem_communication_init
 .text.SE_readCommandResponse
                0x00000000080023f8       0x12 ./gecko_sdk_4.4.1/platform/bootloader/core/btl_bootload.o
 .text.flashData
                0x000000000800240a       0x44 ./gecko_sdk_4.4.1/platform/bootloader/core/btl_bootload.o
 .text.bootload_applicationCallback
                0x000000000800244e       0x22 ./gecko_sdk_4.4.1/platform/bootloader/core/btl_bootload.o
                0x000000000800244e                bootload_applicationCallback
 .text.bootload_checkApplicationPropertiesVersion
                0x0000000008002470        0xe ./gecko_sdk_4.4.1/platform/bootloader/core/btl_bootload.o
                0x0000000008002470                bootload_checkApplicationPropertiesVersion
 .text.getSignatureX
                0x000000000800247e       0x26 ./gecko_sdk_4.4.1/platform/bootloader/core/btl_bootload.o
 .text.bootload_getBootloaderVersion
                0x00000000080024a4        0xa ./gecko_sdk_4.4.1/platform/bootloader/core/btl_bootload.o
                0x00000000080024a4                bootload_getBootloaderVersion
 .text.bootload_checkSeUpgradeVersion
                0x00000000080024ae       0x20 ./gecko_sdk_4.4.1/platform/bootloader/core/btl_bootload.o
                0x00000000080024ae                bootload_checkSeUpgradeVersion
 .text.btl_init
                0x00000000080024ce        0x4 ./gecko_sdk_4.4.1/platform/bootloader/core/btl_core.o
                0x00000000080024ce                btl_init
 .text.btl_deinit
                0x00000000080024d2        0x4 ./gecko_sdk_4.4.1/platform/bootloader/core/btl_core.o
                0x00000000080024d2                btl_deinit
 .text.bootToApp
                0x00000000080024d6       0x14 ./gecko_sdk_4.4.1/platform/bootloader/core/btl_main.o
 .text.HardFault_Handler
                0x00000000080024ea        0x8 ./gecko_sdk_4.4.1/platform/bootloader/core/btl_main.o
                0x00000000080024ea                HardFault_Handler
 .text.core_initParser
                0x00000000080024f2       0x30 ./gecko_sdk_4.4.1/platform/bootloader/core/btl_parse.o
                0x00000000080024f2                core_initParser
 .text.core_parseBuffer
                0x0000000008002522       0x30 ./gecko_sdk_4.4.1/platform/bootloader/core/btl_parse.o
                0x0000000008002522                core_parseBuffer
 .text.core_parseImageInfo
                0x0000000008002552       0x76 ./gecko_sdk_4.4.1/platform/bootloader/core/btl_parse.o
                0x0000000008002552                core_parseImageInfo
 .text.core_parserContextSize
                0x00000000080025c8        0x6 ./gecko_sdk_4.4.1/platform/bootloader/core/btl_parse.o
                0x00000000080025c8                core_parserContextSize
 .text.uart_receiveByteTimeout
                0x00000000080025ce       0x14 ./gecko_sdk_4.4.1/platform/bootloader/driver/btl_driver_uart.o
                0x00000000080025ce                uart_receiveByteTimeout
 .text.gbl_storeData
                0x00000000080025e2       0x42 ./gecko_sdk_4.4.1/platform/bootloader/parser/gbl/btl_gbl_parser.o
 .text.gbl_getData
                0x0000000008002624      0x102 ./gecko_sdk_4.4.1/platform/bootloader/parser/gbl/btl_gbl_parser.o
 .text.btl_crc16
                0x0000000008002726       0x1e ./gecko_sdk_4.4.1/platform/bootloader/security/btl_crc16.o
                0x0000000008002726                btl_crc16
 .text.btl_crc16Stream
                0x0000000008002744       0x1a ./gecko_sdk_4.4.1/platform/bootloader/security/btl_crc16.o
                0x0000000008002744                btl_crc16Stream
 .text.btl_processAesCtrData
                0x000000000800275e       0x22 ./gecko_sdk_4.4.1/platform/bootloader/security/btl_security_aes.o
                0x000000000800275e                btl_processAesCtrData
 .text.btl_updateSha256
                0x0000000008002780        0x4 ./gecko_sdk_4.4.1/platform/bootloader/security/btl_security_sha256.o
                0x0000000008002780                btl_updateSha256
 .text.btl_finalizeSha256
                0x0000000008002784        0x6 ./gecko_sdk_4.4.1/platform/bootloader/security/btl_security_sha256.o
                0x0000000008002784                btl_finalizeSha256
 .text.btl_sha256_init
                0x000000000800278a        0x8 ./gecko_sdk_4.4.1/platform/bootloader/security/sha/btl_sha256.o
                0x000000000800278a                btl_sha256_init
 .text.btl_sha256_starts_ret
                0x0000000008002792        0xa ./gecko_sdk_4.4.1/platform/bootloader/security/sha/btl_sha256.o
                0x0000000008002792                btl_sha256_starts_ret
 .text.btl_sha256_update_ret
                0x000000000800279c       0x1a ./gecko_sdk_4.4.1/platform/bootloader/security/sha/btl_sha256.o
                0x000000000800279c                btl_sha256_update_ret
 .text.btl_sha256_finish_ret
                0x00000000080027b6        0xe ./gecko_sdk_4.4.1/platform/bootloader/security/sha/btl_sha256.o
                0x00000000080027b6                btl_sha256_finish_ret
 .text.CORE_EnterCritical
                0x00000000080027c4        0x8 ./gecko_sdk_4.4.1/platform/emlib/src/em_core.o
                0x00000000080027c4                CORE_EnterCritical
 .text.CORE_ExitCritical
                0x00000000080027cc        0x6 ./gecko_sdk_4.4.1/platform/emlib/src/em_core.o
                0x00000000080027cc                CORE_ExitCritical
 .text.BUS_RegMaskedWrite
                0x00000000080027d2       0x1e ./gecko_sdk_4.4.1/platform/emlib/src/em_gpio.o
 .text.SE_addDataInput
                0x00000000080027f0       0x14 ./gecko_sdk_4.4.1/platform/emlib/src/em_se.o
                0x00000000080027f0                SE_addDataInput
 .text.SE_addDataOutput
                0x0000000008002804       0x14 ./gecko_sdk_4.4.1/platform/emlib/src/em_se.o
                0x0000000008002804                SE_addDataOutput
 .text.SE_addParameter
                0x0000000008002818       0x12 ./gecko_sdk_4.4.1/platform/emlib/src/em_se.o
                0x0000000008002818                SE_addParameter
 .text.SE_executeCommand
                0x000000000800282a       0x3a ./gecko_sdk_4.4.1/platform/emlib/src/em_se.o
                0x000000000800282a                SE_executeCommand
 .text.TIMER_SyncWait
                0x0000000008002864        0xe ./gecko_sdk_4.4.1/platform/emlib/src/em_timer.o
                0x0000000008002864                TIMER_SyncWait
 .text.TIMER_Init
                0x0000000008002872       0x82 ./gecko_sdk_4.4.1/platform/emlib/src/em_timer.o
                0x0000000008002872                TIMER_Init
 .text.sli_se_to_sl_status
                0x00000000080028f4       0x5c ./gecko_sdk_4.4.1/platform/security/sl_component/se_manager/src/sl_se_manager.o
                0x00000000080028f4                sli_se_to_sl_status
 .text.mbedtls_aes_init
                0x0000000008002950        0x8 ./gecko_sdk_4.4.1/platform/security/sl_component/sl_mbedtls_support/src/se_aes.o
                0x0000000008002950                mbedtls_aes_init
 .text.mbedtls_aes_setkey_enc
                0x0000000008002958       0x36 ./gecko_sdk_4.4.1/platform/security/sl_component/sl_mbedtls_support/src/se_aes.o
                0x0000000008002958                mbedtls_aes_setkey_enc
 .text.memcpy   0x000000000800298e       0x1a /home/tim/Downloads/SimplicityStudio_v5/developer/toolchains/gnu_arm/12.2.rel1_2023.7/bin/../lib/gcc/arm-none-eabi/12.2.1/../../../../arm-none-eabi/lib/thumb/v8-m.main+fp/hard/libc_nano.a(libc_a-memcpy-stub.o)
                0x000000000800298e                memcpy
 .text.memcmp   0x00000000080029a8       0x20 /home/tim/Downloads/SimplicityStudio_v5/developer/toolchains/gnu_arm/12.2.rel1_2023.7/bin/../lib/gcc/arm-none-eabi/12.2.1/../../../../arm-none-eabi/lib/thumb/v8-m.main+fp/hard/libc_nano.a(libc_a-memcmp.o)
                0x00000000080029a8                memcmp
 .text.memset   0x00000000080029c8       0x10 /home/tim/Downloads/SimplicityStudio_v5/developer/toolchains/gnu_arm/12.2.rel1_2023.7/bin/../lib/gcc/arm-none-eabi/12.2.1/../../../../arm-none-eabi/lib/thumb/v8-m.main+fp/hard/libc_nano.a(libc_a-memset.o)
                0x00000000080029c8                memset
                0x00000000080029e0                . = ALIGN (0x20)
 *fill*         0x00000000080029d8        0x8 
                0x00000000080029e0                linker_code_end = .
 *(.init)
 .init          0x00000000080029e0        0x4 /home/tim/Downloads/SimplicityStudio_v5/developer/toolchains/gnu_arm/12.2.rel1_2023.7/bin/../lib/gcc/arm-none-eabi/12.2.1/thumb/v8-m.main+fp/hard/crti.o
                0x00000000080029e0                _init
 .init          0x00000000080029e4        0x8 /home/tim/Downloads/SimplicityStudio_v5/developer/toolchains/gnu_arm/12.2.rel1_2023.7/bin/../lib/gcc/arm-none-eabi/12.2.1/thumb/v8-m.main+fp/hard/crtn.o
 *(.fini)
 .fini          0x00000000080029ec        0x4 /home/tim/Downloads/SimplicityStudio_v5/developer/toolchains/gnu_arm/12.2.rel1_2023.7/bin/../lib/gcc/arm-none-eabi/12.2.1/thumb/v8-m.main+fp/hard/crti.o
                0x00000000080029ec                _fini
 .fini          0x00000000080029f0        0x8 /home/tim/Downloads/SimplicityStudio_v5/developer/toolchains/gnu_arm/12.2.rel1_2023.7/bin/../lib/gcc/arm-none-eabi/12.2.1/thumb/v8-m.main+fp/hard/crtn.o
 *crtbegin.o(.ctors)
 *crtbegin?.o(.ctors)
 *(EXCLUDE_FILE(*crtend.o *crtend?.o) .ctors)
 *(SORT_BY_NAME(.ctors.*))
 *(.ctors)
 *crtbegin.o(.dtors)
 *crtbegin?.o(.dtors)
 *(EXCLUDE_FILE(*crtend.o *crtend?.o) .dtors)
 *(SORT_BY_NAME(.dtors.*))
 *(.dtors)
                0x00000000080029f8                __code_classification_validator_start__ = .
                0x0000000008002a18                . = (. + 0x20)
 *fill*         0x00000000080029f8       0x20 
 *(code_classification_validator)
                0x0000000008002a20                . = ALIGN (0x20)
 *fill*         0x0000000008002a18        0x8 
                0x0000000008002a20                __code_classification_validator_end__ = .
 *(.rodata*)
 .rodata.parseCb.0
                0x0000000008002a20       0x10 ./gecko_sdk_4.4.1/platform/bootloader/communication/xmodem-uart/btl_comm_xmodem.o
 .rodata.bootloader_xmodem_communication_start.str1.1
                0x0000000008002a30       0x47 ./gecko_sdk_4.4.1/platform/bootloader/communication/xmodem-uart/btl_comm_xmodem_common.o
 .rodata.bootError
                0x0000000008002a77       0x13 ./gecko_sdk_4.4.1/platform/bootloader/communication/xmodem-uart/btl_comm_xmodem_common.o
 .rodata.fileError
                0x0000000008002a8a       0x10 ./gecko_sdk_4.4.1/platform/bootloader/communication/xmodem-uart/btl_comm_xmodem_common.o
 .rodata.xmodemError
                0x0000000008002a9a       0x11 ./gecko_sdk_4.4.1/platform/bootloader/communication/xmodem-uart/btl_comm_xmodem_common.o
 .rodata.transferAbortedStr
                0x0000000008002aab       0x1a ./gecko_sdk_4.4.1/platform/bootloader/communication/xmodem-uart/btl_comm_xmodem_common.o
 .rodata.transferCompleteStr
                0x0000000008002ac5       0x1b ./gecko_sdk_4.4.1/platform/bootloader/communication/xmodem-uart/btl_comm_xmodem_common.o
 .rodata.transferInitStr
                0x0000000008002ae0       0x11 ./gecko_sdk_4.4.1/platform/bootloader/communication/xmodem-uart/btl_comm_xmodem_common.o
 .rodata.bootload_checkApplicationPropertiesMagic.str1.1
                0x0000000008002af1       0x11 ./gecko_sdk_4.4.1/platform/bootloader/core/btl_bootload.o
 *fill*         0x0000000008002b02        0x2 
 .rodata.sl_app_properties
                0x0000000008002b04       0x50 ./gecko_sdk_4.4.1/platform/bootloader/core/btl_main.o
                0x0000000008002b04                sl_app_properties
 .rodata.mainStageTable
                0x0000000008002b54       0x48 ./gecko_sdk_4.4.1/platform/bootloader/core/btl_main.o
                0x0000000008002b54                mainStageTable
 .rodata        0x0000000008002b9c       0x11 ./gecko_sdk_4.4.1/platform/bootloader/driver/btl_driver_util.o
 *fill*         0x0000000008002bad        0x3 
 .rodata.gblTagParsingInfoStructs
                0x0000000008002bb0       0x90 ./gecko_sdk_4.4.1/platform/bootloader/parser/gbl/btl_gbl_format.o
                0x0000000008002bb0                gblTagParsingInfoStructs
 .rodata.shax_padding
                0x0000000008002c40       0x40 ./gecko_sdk_4.4.1/platform/bootloader/security/sha/btl_sha256.o
 .rodata.init_state_sha256
                0x0000000008002c80       0x20 ./gecko_sdk_4.4.1/platform/bootloader/security/sha/btl_sha256.o
 *(.eh_frame*)
 .eh_frame      0x0000000008002ca0        0x0 /home/tim/Downloads/SimplicityStudio_v5/developer/toolchains/gnu_arm/12.2.rel1_2023.7/bin/../lib/gcc/arm-none-eabi/12.2.1/thumb/v8-m.main+fp/hard/crtbegin.o

.glue_7         0x0000000008002ca0        0x0
 .glue_7        0x0000000008002ca0        0x0 linker stubs

.glue_7t        0x0000000008002ca0        0x0
 .glue_7t       0x0000000008002ca0        0x0 linker stubs

.vfp11_veneer   0x0000000008002ca0        0x0
 .vfp11_veneer  0x0000000008002ca0        0x0 linker stubs

.v4_bx          0x0000000008002ca0        0x0
 .v4_bx         0x0000000008002ca0        0x0 linker stubs

.iplt           0x0000000008002ca0        0x0
 .iplt          0x0000000008002ca0        0x0 /home/tim/Downloads/SimplicityStudio_v5/developer/toolchains/gnu_arm/12.2.rel1_2023.7/bin/../lib/gcc/arm-none-eabi/12.2.1/thumb/v8-m.main+fp/hard/crtbegin.o

.rel.dyn        0x0000000008002ca0        0x0
 .rel.iplt      0x0000000008002ca0        0x0 /home/tim/Downloads/SimplicityStudio_v5/developer/toolchains/gnu_arm/12.2.rel1_2023.7/bin/../lib/gcc/arm-none-eabi/12.2.1/thumb/v8-m.main+fp/hard/crtbegin.o

.gnu.sgstubs    0x0000000008002ca0        0x0
                0x0000000008002ca0                . = ALIGN (0x20)
                0x0000000008002ca0                linker_sg_begin = .
 *(.gnu.sgstubs*)
                0x0000000008002ca0                . = ALIGN (0x20)
                0x0000000008002ca0                linker_sg_end = (linker_sg_begin + SIZEOF (.gnu.sgstubs))

.ARM.extab
 *(.ARM.extab* .gnu.linkonce.armextab.*)
                0x0000000008002ca0                __exidx_start = .

.ARM.exidx
 *(.ARM.exidx* .gnu.linkonce.armexidx.*)
                0x0000000008002ca0                __exidx_end = .

.copy.table     0x0000000008002ca0        0xc
                0x0000000008002ca0                . = ALIGN (0x4)
                0x0000000008002ca0                __copy_table_start__ = .
                0x0000000008002ca0        0x4 LONG 0x8002cac __etext
                0x0000000008002ca4        0x4 LONG 0x20001010 __data_start__
                0x0000000008002ca8        0x4 LONG 0x18 ((__data_end__ - __data_start__) / 0x4)
                0x0000000008002cac                __copy_table_end__ = .

.zero.table     0x0000000008002cac        0x0
                0x0000000008002cac                . = ALIGN (0x4)
                0x0000000008002cac                __zero_table_start__ = .
                0x0000000008002cac                __zero_table_end__ = .
                0x0000000008002cac                __etext = .
                0x0000000020000000                . = ORIGIN (BOOTLOADER_RESET_REGION)

.bootloader_reset_section
                0x0000000020000000        0x0
                0x0000000020000000                __ResetReasonStart__ = .
 *(.bootloader_reset_section)
                0x0000000020000004                . = ORIGIN (RAM)

.stack          0x0000000020000008     0x1000
                0x0000000020000008                __StackLimit = .
 *(.stack*)
 .stack         0x0000000020000008     0x1000 ./gecko_sdk_4.4.1/platform/common/toolchain/src/sl_memory.o
                0x0000000020001008                . = ALIGN (0x4)
                0x0000000020001008                __StackTop = .
                0x0000000020001008                PROVIDE (__stack = __StackTop)

.stackseal      0x0000000020001008        0x8
                0x0000000020001008                __StackSeal = .
                0x0000000020001010                . = (. + 0x8)
 *fill*         0x0000000020001008        0x8 
                0x0000000020001010                . = ALIGN (0x8)

.noinit
 *(.noinit*)

.data           0x0000000020001010       0x60 load address 0x0000000008002cac
                0x0000000020001010                . = ALIGN (0x4)
                0x0000000020001010                __data_start__ = .
 *(vtable)
 *(SORT_BY_ALIGNMENT(.data*))
 .data.ldmaRxDesc
                0x0000000020001010       0x40 ./gecko_sdk_4.4.1/platform/bootloader/driver/btl_driver_uart.o
 .data.ldmaTxDesc
                0x0000000020001050       0x10 ./gecko_sdk_4.4.1/platform/bootloader/driver/btl_driver_uart.o
 .data.sl_uart_init_inst
                0x0000000020001060        0x8 ./gecko_sdk_4.4.1/platform/bootloader/driver/btl_driver_uart.o
                0x0000000020001060                sl_uart_init_inst
                0x0000000020001068                . = ALIGN (0x4)
                [!provide]                        PROVIDE (__ram_func_section_start = .)
 *(.ram)
                [!provide]                        PROVIDE (__ram_func_section_end = .)
                0x0000000020001068                . = ALIGN (0x4)
                0x0000000020001068                PROVIDE (__preinit_array_start = .)
 *(.preinit_array)
                0x0000000020001068                PROVIDE (__preinit_array_end = .)
                0x0000000020001068                . = ALIGN (0x4)
                0x0000000020001068                PROVIDE (__init_array_start = .)
 *(SORT_BY_NAME(.init_array.*))
 *(.init_array)
 .init_array    0x0000000020001068        0x4 /home/tim/Downloads/SimplicityStudio_v5/developer/toolchains/gnu_arm/12.2.rel1_2023.7/bin/../lib/gcc/arm-none-eabi/12.2.1/thumb/v8-m.main+fp/hard/crtbegin.o
                0x000000002000106c                PROVIDE (__init_array_end = .)
                0x000000002000106c                . = ALIGN (0x4)
                [!provide]                        PROVIDE (__fini_array_start = .)
 *(SORT_BY_NAME(.fini_array.*))
 *(.fini_array)
 .fini_array    0x000000002000106c        0x4 /home/tim/Downloads/SimplicityStudio_v5/developer/toolchains/gnu_arm/12.2.rel1_2023.7/bin/../lib/gcc/arm-none-eabi/12.2.1/thumb/v8-m.main+fp/hard/crtbegin.o
                [!provide]                        PROVIDE (__fini_array_end = .)
                0x0000000020001070                . = ALIGN (0x4)
                0x0000000020001070                __data_end__ = .
                0x0000000008002d0c                __rom_end__ = (__etext + SIZEOF (.data))

.tm_clone_table
                0x0000000020001070        0x0 load address 0x0000000008002d0c
 .tm_clone_table
                0x0000000020001070        0x0 /home/tim/Downloads/SimplicityStudio_v5/developer/toolchains/gnu_arm/12.2.rel1_2023.7/bin/../lib/gcc/arm-none-eabi/12.2.1/thumb/v8-m.main+fp/hard/crtbegin.o
 .tm_clone_table
                0x0000000020001070        0x0 /home/tim/Downloads/SimplicityStudio_v5/developer/toolchains/gnu_arm/12.2.rel1_2023.7/bin/../lib/gcc/arm-none-eabi/12.2.1/thumb/v8-m.main+fp/hard/crtend.o

.igot.plt       0x0000000020001070        0x0 load address 0x0000000008002d0c
 .igot.plt      0x0000000020001070        0x0 /home/tim/Downloads/SimplicityStudio_v5/developer/toolchains/gnu_arm/12.2.rel1_2023.7/bin/../lib/gcc/arm-none-eabi/12.2.1/thumb/v8-m.main+fp/hard/crtbegin.o

.bss            0x0000000020001070      0x2d4 load address 0x0000000008002d0c
                0x0000000020001070                . = ALIGN (0x4)
                0x0000000020001070                __bss_start__ = .
 *(SORT_BY_ALIGNMENT(.bss*))
 .bss.object.0  0x0000000020001070       0x18 /home/tim/Downloads/SimplicityStudio_v5/developer/toolchains/gnu_arm/12.2.rel1_2023.7/bin/../lib/gcc/arm-none-eabi/12.2.1/thumb/v8-m.main+fp/hard/crtbegin.o
 .bss.imageProps.1
                0x0000000020001088       0x2c ./gecko_sdk_4.4.1/platform/bootloader/communication/xmodem-uart/btl_comm_xmodem.o
 .bss.ticksPerMillisecond
                0x00000000200010b4        0x4 ./gecko_sdk_4.4.1/platform/bootloader/driver/btl_driver_delay.o
 .bss.rxHead    0x00000000200010b8        0x4 ./gecko_sdk_4.4.1/platform/bootloader/driver/btl_driver_uart.o
 .bss.delayTarget
                0x00000000200010bc        0x2 ./gecko_sdk_4.4.1/platform/bootloader/driver/btl_driver_delay.o
 .bss.completed.1
                0x00000000200010be        0x1 /home/tim/Downloads/SimplicityStudio_v5/developer/toolchains/gnu_arm/12.2.rel1_2023.7/bin/../lib/gcc/arm-none-eabi/12.2.1/thumb/v8-m.main+fp/hard/crtbegin.o
 .bss.started   0x00000000200010bf        0x1 ./gecko_sdk_4.4.1/platform/bootloader/communication/xmodem-parser/btl_xmodem.o
 .bss.packetNumber
                0x00000000200010c0        0x1 ./gecko_sdk_4.4.1/platform/bootloader/communication/xmodem-parser/btl_xmodem.o
 .bss.expectOverflow
                0x00000000200010c1        0x1 ./gecko_sdk_4.4.1/platform/bootloader/driver/btl_driver_delay.o
 .bss.txBuffer  0x00000000200010c2       0x80 ./gecko_sdk_4.4.1/platform/bootloader/driver/btl_driver_uart.o
 .bss.rxBuffer  0x0000000020001142      0x200 ./gecko_sdk_4.4.1/platform/bootloader/driver/btl_driver_uart.o
 *(COMMON)
                0x0000000020001344                . = ALIGN (0x4)
 *fill*         0x0000000020001342        0x2 
                0x0000000020001344                __bss_end__ = .
                0x0000000020001344                __ramfuncs_start__ = .
                0x0000000020001344                __vma_ramfuncs_start__ = .
                0x0000000008002d0c                __lma_ramfuncs_start__ = (__etext + SIZEOF (.data))
                0x0000000000000000                __text_application_ram_offset__ = (. - __vma_ramfuncs_start__)

text_application_ram
                0x0000000020001344        0x0 load address 0x0000000008002d0c
                0x0000000020001344                . = ALIGN (0x4)
                0x0000000020001344                __text_application_ram_start__ = .
 *(text_application_ram)
                0x0000000020001344                . = ALIGN (0x4)
                0x0000000020001344                __text_application_ram_end__ = .
                0x0000000020001344                . = ALIGN (0x4)
                0x0000000020001344                __vma_ramfuncs_end__ = .
                0x0000000008002d0c                __lma_ramfuncs_end__ = ((__lma_ramfuncs_start__ + __text_application_ram_offset__) + SIZEOF (text_application_ram))
                0x0000000020001344                __ramfuncs_end__ = .

.heap           0x0000000020001348      0x800
                0x0000000020001348                __HeapBase = .
                0x0000000020001348                __end__ = .
                0x0000000020001348                end = __end__
                0x0000000020001348                _end = __end__
 *(.heap*)
 .heap          0x0000000020001348      0x800 ./gecko_sdk_4.4.1/platform/common/toolchain/src/sl_memory.o
                0x0000000020020000                __HeapLimit = (ORIGIN (RAM) + LENGTH (RAM))
                0x000000000001ecb8                __heap_size = (__HeapLimit - __HeapBase)
                0x0000000020020000                __ram_end__ = 0x20020000
                0x00000000080fe000                __main_flash_end__ = 0x80fe000

.internal_storage
 *(.internal_storage*)
                0x00000000080fe000                linker_storage_end = __main_flash_end__
                0x00000000080fe000                linker_storage_begin = (linker_storage_end - SIZEOF (.internal_storage))
                0x0000000000000000                linker_storage_size = SIZEOF (.internal_storage)
                0x0000000000000020                _app_rollback_protection_size = 0x20
                0x0000000000000001                ASSERT (((((ORIGIN (FLASH) + LENGTH (FLASH)) - 0x40) - _app_rollback_protection_size) >= (__etext + SIZEOF (.data))), FLASH memory overflowed !)
OUTPUT(bootloader-uart-xmodem_smlight-mg24v2.axf elf32-littlearm)
LOAD linker stubs

.ARM.attributes
                0x0000000000000000       0x36
 .ARM.attributes
                0x0000000000000000       0x26 /home/tim/Downloads/SimplicityStudio_v5/developer/toolchains/gnu_arm/12.2.rel1_2023.7/bin/../lib/gcc/arm-none-eabi/12.2.1/thumb/v8-m.main+fp/hard/crti.o
 .ARM.attributes
                0x0000000000000026       0x38 /home/tim/Downloads/SimplicityStudio_v5/developer/toolchains/gnu_arm/12.2.rel1_2023.7/bin/../lib/gcc/arm-none-eabi/12.2.1/thumb/v8-m.main+fp/hard/crtbegin.o
 .ARM.attributes
                0x000000000000005e       0x3a ./gecko_sdk_4.4.1/platform/Device/SiliconLabs/EFR32MG24/Source/startup_efr32mg24.o
 .ARM.attributes
                0x0000000000000098       0x3a ./gecko_sdk_4.4.1/platform/Device/SiliconLabs/EFR32MG24/Source/system_efr32mg24.o
 .ARM.attributes
                0x00000000000000d2       0x3a ./gecko_sdk_4.4.1/platform/bootloader/communication/xmodem-parser/btl_xmodem.o
 .ARM.attributes
                0x000000000000010c       0x3a ./gecko_sdk_4.4.1/platform/bootloader/communication/xmodem-uart/btl_comm_xmodem.o
 .ARM.attributes
                0x0000000000000146       0x3a ./gecko_sdk_4.4.1/platform/bootloader/communication/xmodem-uart/btl_comm_xmodem_common.o
 .ARM.attributes
                0x0000000000000180       0x3a ./gecko_sdk_4.4.1/platform/bootloader/core/btl_bootload.o
 .ARM.attributes
                0x00000000000001ba       0x3a ./gecko_sdk_4.4.1/platform/bootloader/core/btl_core.o
 .ARM.attributes
                0x00000000000001f4       0x3a ./gecko_sdk_4.4.1/platform/bootloader/core/btl_main.o
 .ARM.attributes
                0x000000000000022e       0x3a ./gecko_sdk_4.4.1/platform/bootloader/core/btl_parse.o
 .ARM.attributes
                0x0000000000000268       0x3a ./gecko_sdk_4.4.1/platform/bootloader/core/btl_reset.o
 .ARM.attributes
                0x00000000000002a2       0x3a ./gecko_sdk_4.4.1/platform/bootloader/core/flash/btl_internal_flash.o
 .ARM.attributes
                0x00000000000002dc       0x3a ./gecko_sdk_4.4.1/platform/bootloader/driver/btl_driver_delay.o
 .ARM.attributes
                0x0000000000000316       0x3a ./gecko_sdk_4.4.1/platform/bootloader/driver/btl_driver_uart.o
 .ARM.attributes
                0x0000000000000350       0x3a ./gecko_sdk_4.4.1/platform/bootloader/driver/btl_driver_util.o
 .ARM.attributes
                0x000000000000038a       0x3a ./gecko_sdk_4.4.1/platform/bootloader/gpio/gpio-activation/btl_gpio_activation.o
 .ARM.attributes
                0x00000000000003c4       0x3a ./gecko_sdk_4.4.1/platform/bootloader/parser/gbl/btl_gbl_format.o
 .ARM.attributes
                0x00000000000003fe       0x3a ./gecko_sdk_4.4.1/platform/bootloader/parser/gbl/btl_gbl_parser.o
 .ARM.attributes
                0x0000000000000438       0x3a ./gecko_sdk_4.4.1/platform/bootloader/security/btl_crc16.o
 .ARM.attributes
                0x0000000000000472       0x3a ./gecko_sdk_4.4.1/platform/bootloader/security/btl_crc32.o
 .ARM.attributes
                0x00000000000004ac       0x3a ./gecko_sdk_4.4.1/platform/bootloader/security/btl_security_aes.o
 .ARM.attributes
                0x00000000000004e6       0x3a ./gecko_sdk_4.4.1/platform/bootloader/security/btl_security_ecdsa.o
 .ARM.attributes
                0x0000000000000520       0x3a ./gecko_sdk_4.4.1/platform/bootloader/security/btl_security_sha256.o
 .ARM.attributes
                0x000000000000055a       0x3a ./gecko_sdk_4.4.1/platform/bootloader/security/btl_security_tokens.o
 .ARM.attributes
                0x0000000000000594       0x3a ./gecko_sdk_4.4.1/platform/bootloader/security/sha/btl_sha256.o
 .ARM.attributes
                0x00000000000005ce       0x3a ./gecko_sdk_4.4.1/platform/bootloader/security/sha/se_sha.o
 .ARM.attributes
                0x0000000000000608       0x3a ./gecko_sdk_4.4.1/platform/common/toolchain/src/sl_memory.o
 .ARM.attributes
                0x0000000000000642       0x3a ./gecko_sdk_4.4.1/platform/emlib/src/em_cmu.o
 .ARM.attributes
                0x000000000000067c       0x3a ./gecko_sdk_4.4.1/platform/emlib/src/em_core.o
 .ARM.attributes
                0x00000000000006b6       0x3a ./gecko_sdk_4.4.1/platform/emlib/src/em_gpio.o
 .ARM.attributes
                0x00000000000006f0       0x3a ./gecko_sdk_4.4.1/platform/emlib/src/em_msc.o
 .ARM.attributes
                0x000000000000072a       0x3a ./gecko_sdk_4.4.1/platform/emlib/src/em_se.o
 .ARM.attributes
                0x0000000000000764       0x3a ./gecko_sdk_4.4.1/platform/emlib/src/em_system.o
 .ARM.attributes
                0x000000000000079e       0x3a ./gecko_sdk_4.4.1/platform/emlib/src/em_timer.o
 .ARM.attributes
                0x00000000000007d8       0x3a ./gecko_sdk_4.4.1/platform/security/sl_component/se_manager/src/sl_se_manager.o
 .ARM.attributes
                0x0000000000000812       0x3a ./gecko_sdk_4.4.1/platform/security/sl_component/se_manager/src/sl_se_manager_util.o
 .ARM.attributes
                0x000000000000084c       0x3a ./gecko_sdk_4.4.1/platform/security/sl_component/sl_mbedtls_support/src/se_aes.o
 .ARM.attributes
                0x0000000000000886       0x38 /home/tim/Downloads/SimplicityStudio_v5/developer/toolchains/gnu_arm/12.2.rel1_2023.7/bin/../lib/gcc/arm-none-eabi/12.2.1/../../../../arm-none-eabi/lib/thumb/v8-m.main+fp/hard/libc_nano.a(libc_a-memcpy-stub.o)
 .ARM.attributes
                0x00000000000008be       0x38 /home/tim/Downloads/SimplicityStudio_v5/developer/toolchains/gnu_arm/12.2.rel1_2023.7/bin/../lib/gcc/arm-none-eabi/12.2.1/../../../../arm-none-eabi/lib/thumb/v8-m.main+fp/hard/libc_nano.a(libc_a-memcmp.o)
 .ARM.attributes
                0x00000000000008f6       0x38 /home/tim/Downloads/SimplicityStudio_v5/developer/toolchains/gnu_arm/12.2.rel1_2023.7/bin/../lib/gcc/arm-none-eabi/12.2.1/../../../../arm-none-eabi/lib/thumb/v8-m.main+fp/hard/libc_nano.a(libc_a-memset.o)
 .ARM.attributes
                0x000000000000092e       0x38 /home/tim/Downloads/SimplicityStudio_v5/developer/toolchains/gnu_arm/12.2.rel1_2023.7/bin/../lib/gcc/arm-none-eabi/12.2.1/thumb/v8-m.main+fp/hard/crtend.o
 .ARM.attributes
                0x0000000000000966       0x26 /home/tim/Downloads/SimplicityStudio_v5/developer/toolchains/gnu_arm/12.2.rel1_2023.7/bin/../lib/gcc/arm-none-eabi/12.2.1/thumb/v8-m.main+fp/hard/crtn.o

.comment        0x0000000000000000       0x45
 .comment       0x0000000000000000       0x45 ./gecko_sdk_4.4.1/platform/Device/SiliconLabs/EFR32MG24/Source/startup_efr32mg24.o
                                         0x46 (size before relaxing)
 .comment       0x0000000000000045       0x46 ./gecko_sdk_4.4.1/platform/Device/SiliconLabs/EFR32MG24/Source/system_efr32mg24.o
 .comment       0x0000000000000045       0x46 ./gecko_sdk_4.4.1/platform/bootloader/communication/xmodem-parser/btl_xmodem.o
 .comment       0x0000000000000045       0x46 ./gecko_sdk_4.4.1/platform/bootloader/communication/xmodem-uart/btl_comm_xmodem.o
 .comment       0x0000000000000045       0x46 ./gecko_sdk_4.4.1/platform/bootloader/communication/xmodem-uart/btl_comm_xmodem_common.o
 .comment       0x0000000000000045       0x46 ./gecko_sdk_4.4.1/platform/bootloader/core/btl_bootload.o
 .comment       0x0000000000000045       0x46 ./gecko_sdk_4.4.1/platform/bootloader/core/btl_core.o
 .comment       0x0000000000000045       0x46 ./gecko_sdk_4.4.1/platform/bootloader/core/btl_main.o
 .comment       0x0000000000000045       0x46 ./gecko_sdk_4.4.1/platform/bootloader/core/btl_parse.o
 .comment       0x0000000000000045       0x46 ./gecko_sdk_4.4.1/platform/bootloader/core/btl_reset.o
 .comment       0x0000000000000045       0x46 ./gecko_sdk_4.4.1/platform/bootloader/core/flash/btl_internal_flash.o
 .comment       0x0000000000000045       0x46 ./gecko_sdk_4.4.1/platform/bootloader/driver/btl_driver_delay.o
 .comment       0x0000000000000045       0x46 ./gecko_sdk_4.4.1/platform/bootloader/driver/btl_driver_uart.o
 .comment       0x0000000000000045       0x46 ./gecko_sdk_4.4.1/platform/bootloader/driver/btl_driver_util.o
 .comment       0x0000000000000045       0x46 ./gecko_sdk_4.4.1/platform/bootloader/gpio/gpio-activation/btl_gpio_activation.o
 .comment       0x0000000000000045       0x46 ./gecko_sdk_4.4.1/platform/bootloader/parser/gbl/btl_gbl_format.o
 .comment       0x0000000000000045       0x46 ./gecko_sdk_4.4.1/platform/bootloader/parser/gbl/btl_gbl_parser.o
 .comment       0x0000000000000045       0x46 ./gecko_sdk_4.4.1/platform/bootloader/security/btl_crc16.o
 .comment       0x0000000000000045       0x46 ./gecko_sdk_4.4.1/platform/bootloader/security/btl_crc32.o
 .comment       0x0000000000000045       0x46 ./gecko_sdk_4.4.1/platform/bootloader/security/btl_security_aes.o
 .comment       0x0000000000000045       0x46 ./gecko_sdk_4.4.1/platform/bootloader/security/btl_security_ecdsa.o
 .comment       0x0000000000000045       0x46 ./gecko_sdk_4.4.1/platform/bootloader/security/btl_security_sha256.o
 .comment       0x0000000000000045       0x46 ./gecko_sdk_4.4.1/platform/bootloader/security/btl_security_tokens.o
 .comment       0x0000000000000045       0x46 ./gecko_sdk_4.4.1/platform/bootloader/security/sha/btl_sha256.o
 .comment       0x0000000000000045       0x46 ./gecko_sdk_4.4.1/platform/bootloader/security/sha/se_sha.o
 .comment       0x0000000000000045       0x46 ./gecko_sdk_4.4.1/platform/common/toolchain/src/sl_memory.o
 .comment       0x0000000000000045       0x46 ./gecko_sdk_4.4.1/platform/emlib/src/em_cmu.o
 .comment       0x0000000000000045       0x46 ./gecko_sdk_4.4.1/platform/emlib/src/em_core.o
 .comment       0x0000000000000045       0x46 ./gecko_sdk_4.4.1/platform/emlib/src/em_gpio.o
 .comment       0x0000000000000045       0x46 ./gecko_sdk_4.4.1/platform/emlib/src/em_msc.o
 .comment       0x0000000000000045       0x46 ./gecko_sdk_4.4.1/platform/emlib/src/em_se.o
 .comment       0x0000000000000045       0x46 ./gecko_sdk_4.4.1/platform/emlib/src/em_system.o
 .comment       0x0000000000000045       0x46 ./gecko_sdk_4.4.1/platform/emlib/src/em_timer.o
 .comment       0x0000000000000045       0x46 ./gecko_sdk_4.4.1/platform/security/sl_component/se_manager/src/sl_se_manager.o
 .comment       0x0000000000000045       0x46 ./gecko_sdk_4.4.1/platform/security/sl_component/se_manager/src/sl_se_manager_util.o
 .comment       0x0000000000000045       0x46 ./gecko_sdk_4.4.1/platform/security/sl_component/sl_mbedtls_support/src/se_aes.o

.debug_info     0x0000000000000000    0x3ba7d
 .debug_info    0x0000000000000000      0xbc4 ./gecko_sdk_4.4.1/platform/Device/SiliconLabs/EFR32MG24/Source/startup_efr32mg24.o
 .debug_info    0x0000000000000bc4     0x175a ./gecko_sdk_4.4.1/platform/Device/SiliconLabs/EFR32MG24/Source/system_efr32mg24.o
 .debug_info    0x000000000000231e      0x259 ./gecko_sdk_4.4.1/platform/bootloader/communication/xmodem-parser/btl_xmodem.o
 .debug_info    0x0000000000002577      0x3ab ./gecko_sdk_4.4.1/platform/bootloader/communication/xmodem-uart/btl_comm_xmodem.o
 .debug_info    0x0000000000002922     0x1413 ./gecko_sdk_4.4.1/platform/bootloader/communication/xmodem-uart/btl_comm_xmodem_common.o
 .debug_info    0x0000000000003d35     0x30e9 ./gecko_sdk_4.4.1/platform/bootloader/core/btl_bootload.o
 .debug_info    0x0000000000006e1e       0xed ./gecko_sdk_4.4.1/platform/bootloader/core/btl_core.o
 .debug_info    0x0000000000006f0b     0x2f77 ./gecko_sdk_4.4.1/platform/bootloader/core/btl_main.o
 .debug_info    0x0000000000009e82      0xbe7 ./gecko_sdk_4.4.1/platform/bootloader/core/btl_parse.o
 .debug_info    0x000000000000aa69      0x75c ./gecko_sdk_4.4.1/platform/bootloader/core/btl_reset.o
 .debug_info    0x000000000000b1c5     0x127e ./gecko_sdk_4.4.1/platform/bootloader/core/flash/btl_internal_flash.o
 .debug_info    0x000000000000c443     0x1936 ./gecko_sdk_4.4.1/platform/bootloader/driver/btl_driver_delay.o
 .debug_info    0x000000000000dd79     0x44f4 ./gecko_sdk_4.4.1/platform/bootloader/driver/btl_driver_uart.o
 .debug_info    0x000000000001226d     0x2d42 ./gecko_sdk_4.4.1/platform/bootloader/driver/btl_driver_util.o
 .debug_info    0x0000000000014faf     0x25ad ./gecko_sdk_4.4.1/platform/bootloader/gpio/gpio-activation/btl_gpio_activation.o
 .debug_info    0x000000000001755c      0x257 ./gecko_sdk_4.4.1/platform/bootloader/parser/gbl/btl_gbl_format.o
 .debug_info    0x00000000000177b3     0x2574 ./gecko_sdk_4.4.1/platform/bootloader/parser/gbl/btl_gbl_parser.o
 .debug_info    0x0000000000019d27      0x173 ./gecko_sdk_4.4.1/platform/bootloader/security/btl_crc16.o
 .debug_info    0x0000000000019e9a     0x11fb ./gecko_sdk_4.4.1/platform/bootloader/security/btl_crc32.o
 .debug_info    0x000000000001b095     0x14a4 ./gecko_sdk_4.4.1/platform/bootloader/security/btl_security_aes.o
 .debug_info    0x000000000001c539     0x129e ./gecko_sdk_4.4.1/platform/bootloader/security/btl_security_ecdsa.o
 .debug_info    0x000000000001d7d7     0x118f ./gecko_sdk_4.4.1/platform/bootloader/security/btl_security_sha256.o
 .debug_info    0x000000000001e966     0x1113 ./gecko_sdk_4.4.1/platform/bootloader/security/btl_security_tokens.o
 .debug_info    0x000000000001fa79      0x8ef ./gecko_sdk_4.4.1/platform/bootloader/security/sha/btl_sha256.o
 .debug_info    0x0000000000020368     0x1248 ./gecko_sdk_4.4.1/platform/bootloader/security/sha/se_sha.o
 .debug_info    0x00000000000215b0      0x205 ./gecko_sdk_4.4.1/platform/common/toolchain/src/sl_memory.o
 .debug_info    0x00000000000217b5     0x9ead ./gecko_sdk_4.4.1/platform/emlib/src/em_cmu.o
 .debug_info    0x000000000002b662     0x10b9 ./gecko_sdk_4.4.1/platform/emlib/src/em_core.o
 .debug_info    0x000000000002c71b     0x273a ./gecko_sdk_4.4.1/platform/emlib/src/em_gpio.o
 .debug_info    0x000000000002ee55     0x34e2 ./gecko_sdk_4.4.1/platform/emlib/src/em_msc.o
 .debug_info    0x0000000000032337     0x115d ./gecko_sdk_4.4.1/platform/emlib/src/em_se.o
 .debug_info    0x0000000000033494     0x1e67 ./gecko_sdk_4.4.1/platform/emlib/src/em_system.o
 .debug_info    0x00000000000352fb     0x2d85 ./gecko_sdk_4.4.1/platform/emlib/src/em_timer.o
 .debug_info    0x0000000000038080     0x148c ./gecko_sdk_4.4.1/platform/security/sl_component/se_manager/src/sl_se_manager.o
 .debug_info    0x000000000003950c     0x1a6c ./gecko_sdk_4.4.1/platform/security/sl_component/se_manager/src/sl_se_manager_util.o
 .debug_info    0x000000000003af78      0xb05 ./gecko_sdk_4.4.1/platform/security/sl_component/sl_mbedtls_support/src/se_aes.o

.debug_abbrev   0x0000000000000000     0x5b86
 .debug_abbrev  0x0000000000000000      0x296 ./gecko_sdk_4.4.1/platform/Device/SiliconLabs/EFR32MG24/Source/startup_efr32mg24.o
 .debug_abbrev  0x0000000000000296      0x2b0 ./gecko_sdk_4.4.1/platform/Device/SiliconLabs/EFR32MG24/Source/system_efr32mg24.o
 .debug_abbrev  0x0000000000000546      0x13f ./gecko_sdk_4.4.1/platform/bootloader/communication/xmodem-parser/btl_xmodem.o
 .debug_abbrev  0x0000000000000685      0x195 ./gecko_sdk_4.4.1/platform/bootloader/communication/xmodem-uart/btl_comm_xmodem.o
 .debug_abbrev  0x000000000000081a      0x386 ./gecko_sdk_4.4.1/platform/bootloader/communication/xmodem-uart/btl_comm_xmodem_common.o
 .debug_abbrev  0x0000000000000ba0      0x4dd ./gecko_sdk_4.4.1/platform/bootloader/core/btl_bootload.o
 .debug_abbrev  0x000000000000107d       0x8f ./gecko_sdk_4.4.1/platform/bootloader/core/btl_core.o
 .debug_abbrev  0x000000000000110c      0x449 ./gecko_sdk_4.4.1/platform/bootloader/core/btl_main.o
 .debug_abbrev  0x0000000000001555      0x226 ./gecko_sdk_4.4.1/platform/bootloader/core/btl_parse.o
 .debug_abbrev  0x000000000000177b      0x210 ./gecko_sdk_4.4.1/platform/bootloader/core/btl_reset.o
 .debug_abbrev  0x000000000000198b      0x1c9 ./gecko_sdk_4.4.1/platform/bootloader/core/flash/btl_internal_flash.o
 .debug_abbrev  0x0000000000001b54      0x21a ./gecko_sdk_4.4.1/platform/bootloader/driver/btl_driver_delay.o
 .debug_abbrev  0x0000000000001d6e      0x3c5 ./gecko_sdk_4.4.1/platform/bootloader/driver/btl_driver_uart.o
 .debug_abbrev  0x0000000000002133      0x158 ./gecko_sdk_4.4.1/platform/bootloader/driver/btl_driver_util.o
 .debug_abbrev  0x000000000000228b      0x213 ./gecko_sdk_4.4.1/platform/bootloader/gpio/gpio-activation/btl_gpio_activation.o
 .debug_abbrev  0x000000000000249e      0x10a ./gecko_sdk_4.4.1/platform/bootloader/parser/gbl/btl_gbl_format.o
 .debug_abbrev  0x00000000000025a8      0x495 ./gecko_sdk_4.4.1/platform/bootloader/parser/gbl/btl_gbl_parser.o
 .debug_abbrev  0x0000000000002a3d       0xb8 ./gecko_sdk_4.4.1/platform/bootloader/security/btl_crc16.o
 .debug_abbrev  0x0000000000002af5       0xd0 ./gecko_sdk_4.4.1/platform/bootloader/security/btl_crc32.o
 .debug_abbrev  0x0000000000002bc5      0x230 ./gecko_sdk_4.4.1/platform/bootloader/security/btl_security_aes.o
 .debug_abbrev  0x0000000000002df5      0x1c1 ./gecko_sdk_4.4.1/platform/bootloader/security/btl_security_ecdsa.o
 .debug_abbrev  0x0000000000002fb6      0x1f9 ./gecko_sdk_4.4.1/platform/bootloader/security/btl_security_sha256.o
 .debug_abbrev  0x00000000000031af      0x1a8 ./gecko_sdk_4.4.1/platform/bootloader/security/btl_security_tokens.o
 .debug_abbrev  0x0000000000003357      0x29e ./gecko_sdk_4.4.1/platform/bootloader/security/sha/btl_sha256.o
 .debug_abbrev  0x00000000000035f5      0x1e4 ./gecko_sdk_4.4.1/platform/bootloader/security/sha/se_sha.o
 .debug_abbrev  0x00000000000037d9      0x11e ./gecko_sdk_4.4.1/platform/common/toolchain/src/sl_memory.o
 .debug_abbrev  0x00000000000038f7      0x583 ./gecko_sdk_4.4.1/platform/emlib/src/em_cmu.o
 .debug_abbrev  0x0000000000003e7a      0x375 ./gecko_sdk_4.4.1/platform/emlib/src/em_core.o
 .debug_abbrev  0x00000000000041ef      0x392 ./gecko_sdk_4.4.1/platform/emlib/src/em_gpio.o
 .debug_abbrev  0x0000000000004581      0x383 ./gecko_sdk_4.4.1/platform/emlib/src/em_msc.o
 .debug_abbrev  0x0000000000004904      0x2e9 ./gecko_sdk_4.4.1/platform/emlib/src/em_se.o
 .debug_abbrev  0x0000000000004bed      0x297 ./gecko_sdk_4.4.1/platform/emlib/src/em_system.o
 .debug_abbrev  0x0000000000004e84      0x354 ./gecko_sdk_4.4.1/platform/emlib/src/em_timer.o
 .debug_abbrev  0x00000000000051d8      0x36d ./gecko_sdk_4.4.1/platform/security/sl_component/se_manager/src/sl_se_manager.o
 .debug_abbrev  0x0000000000005545      0x368 ./gecko_sdk_4.4.1/platform/security/sl_component/se_manager/src/sl_se_manager_util.o
 .debug_abbrev  0x00000000000058ad      0x2d9 ./gecko_sdk_4.4.1/platform/security/sl_component/sl_mbedtls_support/src/se_aes.o

.debug_loc      0x0000000000000000     0xdeb3
 .debug_loc     0x0000000000000000       0x20 ./gecko_sdk_4.4.1/platform/Device/SiliconLabs/EFR32MG24/Source/startup_efr32mg24.o
 .debug_loc     0x0000000000000020      0x274 ./gecko_sdk_4.4.1/platform/Device/SiliconLabs/EFR32MG24/Source/system_efr32mg24.o
 .debug_loc     0x0000000000000294      0x180 ./gecko_sdk_4.4.1/platform/bootloader/communication/xmodem-parser/btl_xmodem.o
 .debug_loc     0x0000000000000414      0x461 ./gecko_sdk_4.4.1/platform/bootloader/communication/xmodem-uart/btl_comm_xmodem_common.o
 .debug_loc     0x0000000000000875      0xcb4 ./gecko_sdk_4.4.1/platform/bootloader/core/btl_bootload.o
 .debug_loc     0x0000000000001529      0x14b ./gecko_sdk_4.4.1/platform/bootloader/core/btl_main.o
 .debug_loc     0x0000000000001674      0x28f ./gecko_sdk_4.4.1/platform/bootloader/core/btl_parse.o
 .debug_loc     0x0000000000001903       0xca ./gecko_sdk_4.4.1/platform/bootloader/core/btl_reset.o
 .debug_loc     0x00000000000019cd      0x2bd ./gecko_sdk_4.4.1/platform/bootloader/core/flash/btl_internal_flash.o
 .debug_loc     0x0000000000001c8a      0x1e9 ./gecko_sdk_4.4.1/platform/bootloader/driver/btl_driver_delay.o
 .debug_loc     0x0000000000001e73      0x6b2 ./gecko_sdk_4.4.1/platform/bootloader/driver/btl_driver_uart.o
 .debug_loc     0x0000000000002525       0xea ./gecko_sdk_4.4.1/platform/bootloader/driver/btl_driver_util.o
 .debug_loc     0x000000000000260f       0x96 ./gecko_sdk_4.4.1/platform/bootloader/gpio/gpio-activation/btl_gpio_activation.o
 .debug_loc     0x00000000000026a5       0x65 ./gecko_sdk_4.4.1/platform/bootloader/parser/gbl/btl_gbl_format.o
 .debug_loc     0x000000000000270a     0x1090 ./gecko_sdk_4.4.1/platform/bootloader/parser/gbl/btl_gbl_parser.o
 .debug_loc     0x000000000000379a      0x16e ./gecko_sdk_4.4.1/platform/bootloader/security/btl_crc16.o
 .debug_loc     0x0000000000003908       0xba ./gecko_sdk_4.4.1/platform/bootloader/security/btl_crc32.o
 .debug_loc     0x00000000000039c2      0x510 ./gecko_sdk_4.4.1/platform/bootloader/security/btl_security_aes.o
 .debug_loc     0x0000000000003ed2      0x163 ./gecko_sdk_4.4.1/platform/bootloader/security/btl_security_ecdsa.o
 .debug_loc     0x0000000000004035      0x288 ./gecko_sdk_4.4.1/platform/bootloader/security/btl_security_sha256.o
 .debug_loc     0x00000000000042bd       0x9c ./gecko_sdk_4.4.1/platform/bootloader/security/btl_security_tokens.o
 .debug_loc     0x0000000000004359      0x8d0 ./gecko_sdk_4.4.1/platform/bootloader/security/sha/btl_sha256.o
 .debug_loc     0x0000000000004c29      0x102 ./gecko_sdk_4.4.1/platform/bootloader/security/sha/se_sha.o
 .debug_loc     0x0000000000004d2b       0xa9 ./gecko_sdk_4.4.1/platform/common/toolchain/src/sl_memory.o
 .debug_loc     0x0000000000004dd4     0x408c ./gecko_sdk_4.4.1/platform/emlib/src/em_cmu.o
 .debug_loc     0x0000000000008e60      0x6ff ./gecko_sdk_4.4.1/platform/emlib/src/em_core.o
 .debug_loc     0x000000000000955f      0x7bb ./gecko_sdk_4.4.1/platform/emlib/src/em_gpio.o
 .debug_loc     0x0000000000009d1a      0xa10 ./gecko_sdk_4.4.1/platform/emlib/src/em_msc.o
 .debug_loc     0x000000000000a72a      0x8e8 ./gecko_sdk_4.4.1/platform/emlib/src/em_se.o
 .debug_loc     0x000000000000b012      0x160 ./gecko_sdk_4.4.1/platform/emlib/src/em_system.o
 .debug_loc     0x000000000000b172      0x530 ./gecko_sdk_4.4.1/platform/emlib/src/em_timer.o
 .debug_loc     0x000000000000b6a2      0x424 ./gecko_sdk_4.4.1/platform/security/sl_component/se_manager/src/sl_se_manager.o
 .debug_loc     0x000000000000bac6     0x1d89 ./gecko_sdk_4.4.1/platform/security/sl_component/se_manager/src/sl_se_manager_util.o
 .debug_loc     0x000000000000d84f      0x664 ./gecko_sdk_4.4.1/platform/security/sl_component/sl_mbedtls_support/src/se_aes.o

.debug_aranges  0x0000000000000000      0xd70
 .debug_aranges
                0x0000000000000000       0x40 ./gecko_sdk_4.4.1/platform/Device/SiliconLabs/EFR32MG24/Source/startup_efr32mg24.o
 .debug_aranges
                0x0000000000000040       0x98 ./gecko_sdk_4.4.1/platform/Device/SiliconLabs/EFR32MG24/Source/system_efr32mg24.o
 .debug_aranges
                0x00000000000000d8       0x30 ./gecko_sdk_4.4.1/platform/bootloader/communication/xmodem-parser/btl_xmodem.o
 .debug_aranges
                0x0000000000000108       0x38 ./gecko_sdk_4.4.1/platform/bootloader/communication/xmodem-uart/btl_comm_xmodem.o
 .debug_aranges
                0x0000000000000140       0x38 ./gecko_sdk_4.4.1/platform/bootloader/communication/xmodem-uart/btl_comm_xmodem_common.o
 .debug_aranges
                0x0000000000000178       0xe8 ./gecko_sdk_4.4.1/platform/bootloader/core/btl_bootload.o
 .debug_aranges
                0x0000000000000260       0x28 ./gecko_sdk_4.4.1/platform/bootloader/core/btl_core.o
 .debug_aranges
                0x0000000000000288       0x40 ./gecko_sdk_4.4.1/platform/bootloader/core/btl_main.o
 .debug_aranges
                0x00000000000002c8       0x38 ./gecko_sdk_4.4.1/platform/bootloader/core/btl_parse.o
 .debug_aranges
                0x0000000000000300       0x68 ./gecko_sdk_4.4.1/platform/bootloader/core/btl_reset.o
 .debug_aranges
                0x0000000000000368       0x30 ./gecko_sdk_4.4.1/platform/bootloader/core/flash/btl_internal_flash.o
 .debug_aranges
                0x0000000000000398       0x38 ./gecko_sdk_4.4.1/platform/bootloader/driver/btl_driver_delay.o
 .debug_aranges
                0x00000000000003d0       0x68 ./gecko_sdk_4.4.1/platform/bootloader/driver/btl_driver_uart.o
 .debug_aranges
                0x0000000000000438       0x28 ./gecko_sdk_4.4.1/platform/bootloader/driver/btl_driver_util.o
 .debug_aranges
                0x0000000000000460       0x20 ./gecko_sdk_4.4.1/platform/bootloader/gpio/gpio-activation/btl_gpio_activation.o
 .debug_aranges
                0x0000000000000480       0x20 ./gecko_sdk_4.4.1/platform/bootloader/parser/gbl/btl_gbl_format.o
 .debug_aranges
                0x00000000000004a0       0x50 ./gecko_sdk_4.4.1/platform/bootloader/parser/gbl/btl_gbl_parser.o
 .debug_aranges
                0x00000000000004f0       0x28 ./gecko_sdk_4.4.1/platform/bootloader/security/btl_crc16.o
 .debug_aranges
                0x0000000000000518       0x20 ./gecko_sdk_4.4.1/platform/bootloader/security/btl_crc32.o
 .debug_aranges
                0x0000000000000538       0x40 ./gecko_sdk_4.4.1/platform/bootloader/security/btl_security_aes.o
 .debug_aranges
                0x0000000000000578       0x20 ./gecko_sdk_4.4.1/platform/bootloader/security/btl_security_ecdsa.o
 .debug_aranges
                0x0000000000000598       0x38 ./gecko_sdk_4.4.1/platform/bootloader/security/btl_security_sha256.o
 .debug_aranges
                0x00000000000005d0       0x30 ./gecko_sdk_4.4.1/platform/bootloader/security/btl_security_tokens.o
 .debug_aranges
                0x0000000000000600       0x50 ./gecko_sdk_4.4.1/platform/bootloader/security/sha/btl_sha256.o
 .debug_aranges
                0x0000000000000650       0x20 ./gecko_sdk_4.4.1/platform/bootloader/security/sha/se_sha.o
 .debug_aranges
                0x0000000000000670       0x30 ./gecko_sdk_4.4.1/platform/common/toolchain/src/sl_memory.o
 .debug_aranges
                0x00000000000006a0      0x1f8 ./gecko_sdk_4.4.1/platform/emlib/src/em_cmu.o
 .debug_aranges
                0x0000000000000898       0xe8 ./gecko_sdk_4.4.1/platform/emlib/src/em_core.o
 .debug_aranges
                0x0000000000000980       0x50 ./gecko_sdk_4.4.1/platform/emlib/src/em_gpio.o
 .debug_aranges
                0x00000000000009d0       0x80 ./gecko_sdk_4.4.1/platform/emlib/src/em_msc.o
 .debug_aranges
                0x0000000000000a50       0xa8 ./gecko_sdk_4.4.1/platform/emlib/src/em_se.o
 .debug_aranges
                0x0000000000000af8       0x78 ./gecko_sdk_4.4.1/platform/emlib/src/em_system.o
 .debug_aranges
                0x0000000000000b70       0x48 ./gecko_sdk_4.4.1/platform/emlib/src/em_timer.o
 .debug_aranges
                0x0000000000000bb8       0x60 ./gecko_sdk_4.4.1/platform/security/sl_component/se_manager/src/sl_se_manager.o
 .debug_aranges
                0x0000000000000c18      0x110 ./gecko_sdk_4.4.1/platform/security/sl_component/se_manager/src/sl_se_manager_util.o
 .debug_aranges
                0x0000000000000d28       0x48 ./gecko_sdk_4.4.1/platform/security/sl_component/sl_mbedtls_support/src/se_aes.o

.debug_ranges   0x0000000000000000     0x15f8
 .debug_ranges  0x0000000000000000       0x48 ./gecko_sdk_4.4.1/platform/Device/SiliconLabs/EFR32MG24/Source/startup_efr32mg24.o
 .debug_ranges  0x0000000000000048       0x88 ./gecko_sdk_4.4.1/platform/Device/SiliconLabs/EFR32MG24/Source/system_efr32mg24.o
 .debug_ranges  0x00000000000000d0       0x20 ./gecko_sdk_4.4.1/platform/bootloader/communication/xmodem-parser/btl_xmodem.o
 .debug_ranges  0x00000000000000f0       0x28 ./gecko_sdk_4.4.1/platform/bootloader/communication/xmodem-uart/btl_comm_xmodem.o
 .debug_ranges  0x0000000000000118       0x88 ./gecko_sdk_4.4.1/platform/bootloader/communication/xmodem-uart/btl_comm_xmodem_common.o
 .debug_ranges  0x00000000000001a0      0x138 ./gecko_sdk_4.4.1/platform/bootloader/core/btl_bootload.o
 .debug_ranges  0x00000000000002d8       0x18 ./gecko_sdk_4.4.1/platform/bootloader/core/btl_core.o
 .debug_ranges  0x00000000000002f0       0x48 ./gecko_sdk_4.4.1/platform/bootloader/core/btl_main.o
 .debug_ranges  0x0000000000000338       0x28 ./gecko_sdk_4.4.1/platform/bootloader/core/btl_parse.o
 .debug_ranges  0x0000000000000360       0x58 ./gecko_sdk_4.4.1/platform/bootloader/core/btl_reset.o
 .debug_ranges  0x00000000000003b8       0x20 ./gecko_sdk_4.4.1/platform/bootloader/core/flash/btl_internal_flash.o
 .debug_ranges  0x00000000000003d8       0x28 ./gecko_sdk_4.4.1/platform/bootloader/driver/btl_driver_delay.o
 .debug_ranges  0x0000000000000400       0xa0 ./gecko_sdk_4.4.1/platform/bootloader/driver/btl_driver_uart.o
 .debug_ranges  0x00000000000004a0       0x18 ./gecko_sdk_4.4.1/platform/bootloader/driver/btl_driver_util.o
 .debug_ranges  0x00000000000004b8       0x60 ./gecko_sdk_4.4.1/platform/bootloader/gpio/gpio-activation/btl_gpio_activation.o
 .debug_ranges  0x0000000000000518       0x28 ./gecko_sdk_4.4.1/platform/bootloader/parser/gbl/btl_gbl_format.o
 .debug_ranges  0x0000000000000540      0x1a0 ./gecko_sdk_4.4.1/platform/bootloader/parser/gbl/btl_gbl_parser.o
 .debug_ranges  0x00000000000006e0       0x18 ./gecko_sdk_4.4.1/platform/bootloader/security/btl_crc16.o
 .debug_ranges  0x00000000000006f8       0x10 ./gecko_sdk_4.4.1/platform/bootloader/security/btl_crc32.o
 .debug_ranges  0x0000000000000708       0x30 ./gecko_sdk_4.4.1/platform/bootloader/security/btl_security_aes.o
 .debug_ranges  0x0000000000000738       0x40 ./gecko_sdk_4.4.1/platform/bootloader/security/btl_security_ecdsa.o
 .debug_ranges  0x0000000000000778       0x40 ./gecko_sdk_4.4.1/platform/bootloader/security/btl_security_sha256.o
 .debug_ranges  0x00000000000007b8       0x20 ./gecko_sdk_4.4.1/platform/bootloader/security/btl_security_tokens.o
 .debug_ranges  0x00000000000007d8       0xc8 ./gecko_sdk_4.4.1/platform/bootloader/security/sha/btl_sha256.o
 .debug_ranges  0x00000000000008a0       0x28 ./gecko_sdk_4.4.1/platform/bootloader/security/sha/se_sha.o
 .debug_ranges  0x00000000000008c8       0x20 ./gecko_sdk_4.4.1/platform/common/toolchain/src/sl_memory.o
 .debug_ranges  0x00000000000008e8      0x400 ./gecko_sdk_4.4.1/platform/emlib/src/em_cmu.o
 .debug_ranges  0x0000000000000ce8      0x1a0 ./gecko_sdk_4.4.1/platform/emlib/src/em_core.o
 .debug_ranges  0x0000000000000e88      0x108 ./gecko_sdk_4.4.1/platform/emlib/src/em_gpio.o
 .debug_ranges  0x0000000000000f90      0x110 ./gecko_sdk_4.4.1/platform/emlib/src/em_msc.o
 .debug_ranges  0x00000000000010a0      0x138 ./gecko_sdk_4.4.1/platform/emlib/src/em_se.o
 .debug_ranges  0x00000000000011d8       0x80 ./gecko_sdk_4.4.1/platform/emlib/src/em_system.o
 .debug_ranges  0x0000000000001258       0x88 ./gecko_sdk_4.4.1/platform/emlib/src/em_timer.o
 .debug_ranges  0x00000000000012e0       0xd0 ./gecko_sdk_4.4.1/platform/security/sl_component/se_manager/src/sl_se_manager.o
 .debug_ranges  0x00000000000013b0      0x148 ./gecko_sdk_4.4.1/platform/security/sl_component/se_manager/src/sl_se_manager_util.o
 .debug_ranges  0x00000000000014f8      0x100 ./gecko_sdk_4.4.1/platform/security/sl_component/sl_mbedtls_support/src/se_aes.o

.debug_line     0x0000000000000000    0x1078c
 .debug_line    0x0000000000000000      0x46f ./gecko_sdk_4.4.1/platform/Device/SiliconLabs/EFR32MG24/Source/startup_efr32mg24.o
 .debug_line    0x000000000000046f      0x522 ./gecko_sdk_4.4.1/platform/Device/SiliconLabs/EFR32MG24/Source/system_efr32mg24.o
 .debug_line    0x0000000000000991      0x3ee ./gecko_sdk_4.4.1/platform/bootloader/communication/xmodem-parser/btl_xmodem.o
 .debug_line    0x0000000000000d7f      0x3b7 ./gecko_sdk_4.4.1/platform/bootloader/communication/xmodem-uart/btl_comm_xmodem.o
 .debug_line    0x0000000000001136      0xac6 ./gecko_sdk_4.4.1/platform/bootloader/communication/xmodem-uart/btl_comm_xmodem_common.o
 .debug_line    0x0000000000001bfc      0xc54 ./gecko_sdk_4.4.1/platform/bootloader/core/btl_bootload.o
 .debug_line    0x0000000000002850      0x19f ./gecko_sdk_4.4.1/platform/bootloader/core/btl_core.o
 .debug_line    0x00000000000029ef      0x9c0 ./gecko_sdk_4.4.1/platform/bootloader/core/btl_main.o
 .debug_line    0x00000000000033af      0x607 ./gecko_sdk_4.4.1/platform/bootloader/core/btl_parse.o
 .debug_line    0x00000000000039b6      0x433 ./gecko_sdk_4.4.1/platform/bootloader/core/btl_reset.o
 .debug_line    0x0000000000003de9      0x3b3 ./gecko_sdk_4.4.1/platform/bootloader/core/flash/btl_internal_flash.o
 .debug_line    0x000000000000419c      0x3ce ./gecko_sdk_4.4.1/platform/bootloader/driver/btl_driver_delay.o
 .debug_line    0x000000000000456a      0xa03 ./gecko_sdk_4.4.1/platform/bootloader/driver/btl_driver_uart.o
 .debug_line    0x0000000000004f6d      0x357 ./gecko_sdk_4.4.1/platform/bootloader/driver/btl_driver_util.o
 .debug_line    0x00000000000052c4      0x357 ./gecko_sdk_4.4.1/platform/bootloader/gpio/gpio-activation/btl_gpio_activation.o
 .debug_line    0x000000000000561b      0x2ac ./gecko_sdk_4.4.1/platform/bootloader/parser/gbl/btl_gbl_format.o
 .debug_line    0x00000000000058c7     0x1121 ./gecko_sdk_4.4.1/platform/bootloader/parser/gbl/btl_gbl_parser.o
 .debug_line    0x00000000000069e8      0x28e ./gecko_sdk_4.4.1/platform/bootloader/security/btl_crc16.o
 .debug_line    0x0000000000006c76      0x2e4 ./gecko_sdk_4.4.1/platform/bootloader/security/btl_crc32.o
 .debug_line    0x0000000000006f5a      0x544 ./gecko_sdk_4.4.1/platform/bootloader/security/btl_security_aes.o
 .debug_line    0x000000000000749e      0x406 ./gecko_sdk_4.4.1/platform/bootloader/security/btl_security_ecdsa.o
 .debug_line    0x00000000000078a4      0x399 ./gecko_sdk_4.4.1/platform/bootloader/security/btl_security_sha256.o
 .debug_line    0x0000000000007c3d      0x449 ./gecko_sdk_4.4.1/platform/bootloader/security/btl_security_tokens.o
 .debug_line    0x0000000000008086      0x57a ./gecko_sdk_4.4.1/platform/bootloader/security/sha/btl_sha256.o
 .debug_line    0x0000000000008600      0x420 ./gecko_sdk_4.4.1/platform/bootloader/security/sha/se_sha.o
 .debug_line    0x0000000000008a20      0x2e7 ./gecko_sdk_4.4.1/platform/common/toolchain/src/sl_memory.o
 .debug_line    0x0000000000008d07     0x2c85 ./gecko_sdk_4.4.1/platform/emlib/src/em_cmu.o
 .debug_line    0x000000000000b98c      0x84d ./gecko_sdk_4.4.1/platform/emlib/src/em_core.o
 .debug_line    0x000000000000c1d9      0x5cd ./gecko_sdk_4.4.1/platform/emlib/src/em_gpio.o
 .debug_line    0x000000000000c7a6      0x9b7 ./gecko_sdk_4.4.1/platform/emlib/src/em_msc.o
 .debug_line    0x000000000000d15d      0xa3f ./gecko_sdk_4.4.1/platform/emlib/src/em_se.o
 .debug_line    0x000000000000db9c      0x49c ./gecko_sdk_4.4.1/platform/emlib/src/em_system.o
 .debug_line    0x000000000000e038      0x808 ./gecko_sdk_4.4.1/platform/emlib/src/em_timer.o
 .debug_line    0x000000000000e840      0x644 ./gecko_sdk_4.4.1/platform/security/sl_component/se_manager/src/sl_se_manager.o
 .debug_line    0x000000000000ee84      0xfce ./gecko_sdk_4.4.1/platform/security/sl_component/se_manager/src/sl_se_manager_util.o
 .debug_line    0x000000000000fe52      0x93a ./gecko_sdk_4.4.1/platform/security/sl_component/sl_mbedtls_support/src/se_aes.o

.debug_str      0x0000000000000000     0xc97c
 .debug_str     0x0000000000000000      0x763 ./gecko_sdk_4.4.1/platform/Device/SiliconLabs/EFR32MG24/Source/startup_efr32mg24.o
                                        0x8c1 (size before relaxing)
 .debug_str     0x0000000000000763      0xc95 ./gecko_sdk_4.4.1/platform/Device/SiliconLabs/EFR32MG24/Source/system_efr32mg24.o
                                        0xf6f (size before relaxing)
 .debug_str     0x00000000000013f8       0xf5 ./gecko_sdk_4.4.1/platform/bootloader/communication/xmodem-parser/btl_xmodem.o
                                        0x30e (size before relaxing)
 .debug_str     0x00000000000014ed      0x1c7 ./gecko_sdk_4.4.1/platform/bootloader/communication/xmodem-uart/btl_comm_xmodem.o
                                        0x4bc (size before relaxing)
 .debug_str     0x00000000000016b4      0x84e ./gecko_sdk_4.4.1/platform/bootloader/communication/xmodem-uart/btl_comm_xmodem_common.o
                                        0xd4b (size before relaxing)
 .debug_str     0x0000000000001f02      0x97e ./gecko_sdk_4.4.1/platform/bootloader/core/btl_bootload.o
                                       0x1bd6 (size before relaxing)
 .debug_str     0x0000000000002880       0x69 ./gecko_sdk_4.4.1/platform/bootloader/core/btl_core.o
                                        0x23a (size before relaxing)
 .debug_str     0x00000000000028e9      0x47b ./gecko_sdk_4.4.1/platform/bootloader/core/btl_main.o
                                       0x1e53 (size before relaxing)
 .debug_str     0x0000000000002d64       0x76 ./gecko_sdk_4.4.1/platform/bootloader/core/btl_parse.o
                                        0xaa3 (size before relaxing)
 .debug_str     0x0000000000002dda      0x151 ./gecko_sdk_4.4.1/platform/bootloader/core/btl_reset.o
                                        0x4c2 (size before relaxing)
 .debug_str     0x0000000000002f2b      0x56d ./gecko_sdk_4.4.1/platform/bootloader/core/flash/btl_internal_flash.o
                                       0x11bb (size before relaxing)
 .debug_str     0x0000000000003498      0x508 ./gecko_sdk_4.4.1/platform/bootloader/driver/btl_driver_delay.o
                                       0x120a (size before relaxing)
 .debug_str     0x00000000000039a0     0x1ff8 ./gecko_sdk_4.4.1/platform/bootloader/driver/btl_driver_uart.o
                                       0x32ba (size before relaxing)
 .debug_str     0x0000000000005998       0x8d ./gecko_sdk_4.4.1/platform/bootloader/driver/btl_driver_util.o
                                       0x1c19 (size before relaxing)