Archive member included to satisfy reference by file (symbol)

/home/tim/Downloads/SimplicityStudio_v5/developer/toolchains/gnu_arm/12.2.rel1_2023.7/bin/../lib/gcc/arm-none-eabi/12.2.1/thumb/v8-m.main+fp/hard/libgcc.a(_aeabi_ldivmod.o)
                              ./gecko_sdk_4.4.0/platform/emlib/src/em_eusart.o (__aeabi_ldivmod)
/home/tim/Downloads/SimplicityStudio_v5/developer/toolchains/gnu_arm/12.2.rel1_2023.7/bin/../lib/gcc/arm-none-eabi/12.2.1/thumb/v8-m.main+fp/hard/libgcc.a(_aeabi_uldivmod.o)
                              ./gecko_sdk_4.4.0/platform/emlib/src/em_eusart.o (__aeabi_uldivmod)
/home/tim/Downloads/SimplicityStudio_v5/developer/toolchains/gnu_arm/12.2.rel1_2023.7/bin/../lib/gcc/arm-none-eabi/12.2.1/thumb/v8-m.main+fp/hard/libgcc.a(_udivmoddi4.o)
                              /home/tim/Downloads/SimplicityStudio_v5/developer/toolchains/gnu_arm/12.2.rel1_2023.7/bin/../lib/gcc/arm-none-eabi/12.2.1/thumb/v8-m.main+fp/hard/libgcc.a(_aeabi_ldivmod.o) (__udivmoddi4)
/home/tim/Downloads/SimplicityStudio_v5/developer/toolchains/gnu_arm/12.2.rel1_2023.7/bin/../lib/gcc/arm-none-eabi/12.2.1/thumb/v8-m.main+fp/hard/libgcc.a(_dvmd_tls.o)
                              /home/tim/Downloads/SimplicityStudio_v5/developer/toolchains/gnu_arm/12.2.rel1_2023.7/bin/../lib/gcc/arm-none-eabi/12.2.1/thumb/v8-m.main+fp/hard/libgcc.a(_aeabi_ldivmod.o) (__aeabi_ldiv0)
/home/tim/Downloads/SimplicityStudio_v5/developer/toolchains/gnu_arm/12.2.rel1_2023.7/bin/../lib/gcc/arm-none-eabi/12.2.1/../../../../arm-none-eabi/lib/thumb/v8-m.main+fp/hard/libc_nano.a(libc_a-exit.o)
                              /home/tim/Downloads/SimplicityStudio_v5/developer/toolchains/gnu_arm/12.2.rel1_2023.7/bin/../lib/gcc/arm-none-eabi/12.2.1/../../../../arm-none-eabi/lib/thumb/v8-m.main+fp/hard/crt0.o (exit)
/home/tim/Downloads/SimplicityStudio_v5/developer/toolchains/gnu_arm/12.2.rel1_2023.7/bin/../lib/gcc/arm-none-eabi/12.2.1/../../../../arm-none-eabi/lib/thumb/v8-m.main+fp/hard/libc_nano.a(libc_a-init.o)
                              /home/tim/Downloads/SimplicityStudio_v5/developer/toolchains/gnu_arm/12.2.rel1_2023.7/bin/../lib/gcc/arm-none-eabi/12.2.1/../../../../arm-none-eabi/lib/thumb/v8-m.main+fp/hard/crt0.o (__libc_init_array)
/home/tim/Downloads/SimplicityStudio_v5/developer/toolchains/gnu_arm/12.2.rel1_2023.7/bin/../lib/gcc/arm-none-eabi/12.2.1/../../../../arm-none-eabi/lib/thumb/v8-m.main+fp/hard/libc_nano.a(libc_a-memcpy-stub.o)
                              ./gecko_sdk_4.4.0/platform/Device/SiliconLabs/EFR32MG24/Source/startup_efr32mg24.o (memcpy)
/home/tim/Downloads/SimplicityStudio_v5/developer/toolchains/gnu_arm/12.2.rel1_2023.7/bin/../lib/gcc/arm-none-eabi/12.2.1/../../../../arm-none-eabi/lib/thumb/v8-m.main+fp/hard/libc_nano.a(libc_a-malloc.o)
                              ./gecko_sdk_4.4.0/util/silicon_labs/silabs_core/memory_manager/sl_malloc.o (malloc)
/home/tim/Downloads/SimplicityStudio_v5/developer/toolchains/gnu_arm/12.2.rel1_2023.7/bin/../lib/gcc/arm-none-eabi/12.2.1/../../../../arm-none-eabi/lib/thumb/v8-m.main+fp/hard/libc_nano.a(libc_a-mallocr.o)
                              /home/tim/Downloads/SimplicityStudio_v5/developer/toolchains/gnu_arm/12.2.rel1_2023.7/bin/../lib/gcc/arm-none-eabi/12.2.1/../../../../arm-none-eabi/lib/thumb/v8-m.main+fp/hard/libc_nano.a(libc_a-malloc.o) (_malloc_r)
/home/tim/Downloads/SimplicityStudio_v5/developer/toolchains/gnu_arm/12.2.rel1_2023.7/bin/../lib/gcc/arm-none-eabi/12.2.1/../../../../arm-none-eabi/lib/thumb/v8-m.main+fp/hard/libc_nano.a(libc_a-findfp.o)
                              /home/tim/Downloads/SimplicityStudio_v5/developer/toolchains/gnu_arm/12.2.rel1_2023.7/bin/../lib/gcc/arm-none-eabi/12.2.1/../../../../arm-none-eabi/lib/thumb/v8-m.main+fp/hard/libc_nano.a(libc_a-exit.o) (__stdio_exit_handler)
/home/tim/Downloads/SimplicityStudio_v5/developer/toolchains/gnu_arm/12.2.rel1_2023.7/bin/../lib/gcc/arm-none-eabi/12.2.1/../../../../arm-none-eabi/lib/thumb/v8-m.main+fp/hard/libc_nano.a(libc_a-strlen.o)
                              ./gecko_sdk_4.4.0/platform/security/sl_component/se_manager/src/sl_se_manager_key_derivation.o (strlen)
/home/tim/Downloads/SimplicityStudio_v5/developer/toolchains/gnu_arm/12.2.rel1_2023.7/bin/../lib/gcc/arm-none-eabi/12.2.1/../../../../arm-none-eabi/lib/thumb/v8-m.main+fp/hard/libc_nano.a(libc_a-stdio.o)
                              /home/tim/Downloads/SimplicityStudio_v5/developer/toolchains/gnu_arm/12.2.rel1_2023.7/bin/../lib/gcc/arm-none-eabi/12.2.1/../../../../arm-none-eabi/lib/thumb/v8-m.main+fp/hard/libc_nano.a(libc_a-findfp.o) (__sread)
/home/tim/Downloads/SimplicityStudio_v5/developer/toolchains/gnu_arm/12.2.rel1_2023.7/bin/../lib/gcc/arm-none-eabi/12.2.1/../../../../arm-none-eabi/lib/thumb/v8-m.main+fp/hard/libc_nano.a(libc_a-mlock.o)
[...]
Memory Configuration

Name             Origin             Length             Attributes
FLASH            0x0000000008000000 0x0000000000006000 xr
RAM              0x0000000020000004 0x000000000002fffc xrw
BOOTLOADER_RESET_REGION 0x0000000020000000 0x0000000000000004 xrw
*default*        0x0000000000000000 0xffffffffffffffff

Linker script and memory map

LOAD /home/tim/Downloads/SimplicityStudio_v5/developer/toolchains/gnu_arm/12.2.rel1_2023.7/bin/../lib/gcc/arm-none-eabi/12.2.1/thumb/v8-m.main+fp/hard/crti.o
LOAD /home/tim/Downloads/SimplicityStudio_v5/developer/toolchains/gnu_arm/12.2.rel1_2023.7/bin/../lib/gcc/arm-none-eabi/12.2.1/thumb/v8-m.main+fp/hard/crtbegin.o
LOAD /home/tim/Downloads/SimplicityStudio_v5/developer/toolchains/gnu_arm/12.2.rel1_2023.7/bin/../lib/gcc/arm-none-eabi/12.2.1/../../../../arm-none-eabi/lib/thumb/v8-m.main+fp/hard/crt0.o
START GROUP
LOAD ./gecko_sdk_4.4.0/platform/Device/SiliconLabs/EFR32MG24/Source/startup_efr32mg24.o
LOAD ./gecko_sdk_4.4.0/platform/Device/SiliconLabs/EFR32MG24/Source/system_efr32mg24.o
LOAD ./gecko_sdk_4.4.0/platform/bootloader/communication/xmodem-parser/btl_xmodem.o
LOAD ./gecko_sdk_4.4.0/platform/bootloader/communication/xmodem-uart/btl_comm_xmodem.o
LOAD ./gecko_sdk_4.4.0/platform/bootloader/communication/xmodem-uart/btl_comm_xmodem_common.o
LOAD ./gecko_sdk_4.4.0/platform/bootloader/core/btl_bootload.o
LOAD ./gecko_sdk_4.4.0/platform/bootloader/core/btl_core.o
LOAD ./gecko_sdk_4.4.0/platform/bootloader/core/btl_main.o
LOAD ./gecko_sdk_4.4.0/platform/bootloader/core/btl_parse.o
LOAD ./gecko_sdk_4.4.0/platform/bootloader/core/btl_reset.o
LOAD ./gecko_sdk_4.4.0/platform/bootloader/core/flash/btl_internal_flash.o
LOAD ./gecko_sdk_4.4.0/platform/bootloader/debug/btl_debug.o
LOAD ./gecko_sdk_4.4.0/platform/bootloader/debug/btl_debug_swo.o
LOAD ./gecko_sdk_4.4.0/platform/bootloader/driver/btl_driver_delay.o
LOAD ./gecko_sdk_4.4.0/platform/bootloader/driver/btl_driver_uart.o
LOAD ./gecko_sdk_4.4.0/platform/bootloader/driver/btl_driver_util.o
LOAD ./gecko_sdk_4.4.0/platform/bootloader/gpio/gpio-activation/btl_gpio_activation.o
LOAD ./gecko_sdk_4.4.0/platform/bootloader/parser/gbl/btl_gbl_custom_tags.o
LOAD ./gecko_sdk_4.4.0/platform/bootloader/parser/gbl/btl_gbl_format.o
LOAD ./gecko_sdk_4.4.0/platform/bootloader/parser/gbl/btl_gbl_parser.o
LOAD ./gecko_sdk_4.4.0/platform/bootloader/security/btl_crc16.o
LOAD ./gecko_sdk_4.4.0/platform/bootloader/security/btl_crc32.o
LOAD ./gecko_sdk_4.4.0/platform/bootloader/security/btl_security_aes.o
LOAD ./gecko_sdk_4.4.0/platform/bootloader/security/btl_security_ecdsa.o
LOAD ./gecko_sdk_4.4.0/platform/bootloader/security/btl_security_sha256.o
LOAD ./gecko_sdk_4.4.0/platform/bootloader/security/btl_security_tokens.o
LOAD ./gecko_sdk_4.4.0/platform/bootloader/security/ecc/ecc.o
LOAD ./gecko_sdk_4.4.0/platform/bootloader/security/sha/btl_sha256.o
LOAD ./gecko_sdk_4.4.0/platform/bootloader/security/sha/crypto_sha.o
LOAD ./gecko_sdk_4.4.0/platform/bootloader/security/sha/cryptoacc_sha.o
LOAD ./gecko_sdk_4.4.0/platform/bootloader/security/sha/se_sha.o
LOAD ./gecko_sdk_4.4.0/platform/common/src/sl_assert.o
LOAD ./gecko_sdk_4.4.0/platform/common/src/sl_syscalls.o
LOAD ./gecko_sdk_4.4.0/platform/common/toolchain/src/sl_memory.o
LOAD ./gecko_sdk_4.4.0/platform/emlib/src/em_acmp.o
LOAD ./gecko_sdk_4.4.0/platform/emlib/src/em_burtc.o
LOAD ./gecko_sdk_4.4.0/platform/emlib/src/em_cmu.o
LOAD ./gecko_sdk_4.4.0/platform/emlib/src/em_core.o
LOAD ./gecko_sdk_4.4.0/platform/emlib/src/em_dbg.o
LOAD ./gecko_sdk_4.4.0/platform/emlib/src/em_emu.o
LOAD ./gecko_sdk_4.4.0/platform/emlib/src/em_eusart.o
LOAD ./gecko_sdk_4.4.0/platform/emlib/src/em_gpcrc.o
LOAD ./gecko_sdk_4.4.0/platform/emlib/src/em_gpio.o
LOAD ./gecko_sdk_4.4.0/platform/emlib/src/em_i2c.o
LOAD ./gecko_sdk_4.4.0/platform/emlib/src/em_iadc.o
LOAD ./gecko_sdk_4.4.0/platform/emlib/src/em_ldma.o
LOAD ./gecko_sdk_4.4.0/platform/emlib/src/em_letimer.o
LOAD ./gecko_sdk_4.4.0/platform/emlib/src/em_msc.o
LOAD ./gecko_sdk_4.4.0/platform/emlib/src/em_opamp.o
LOAD ./gecko_sdk_4.4.0/platform/emlib/src/em_pcnt.o
LOAD ./gecko_sdk_4.4.0/platform/emlib/src/em_prs.o
LOAD ./gecko_sdk_4.4.0/platform/emlib/src/em_rmu.o
LOAD ./gecko_sdk_4.4.0/platform/emlib/src/em_se.o
LOAD ./gecko_sdk_4.4.0/platform/emlib/src/em_system.o
LOAD ./gecko_sdk_4.4.0/platform/emlib/src/em_timer.o
LOAD ./gecko_sdk_4.4.0/platform/emlib/src/em_usart.o
LOAD ./gecko_sdk_4.4.0/platform/emlib/src/em_vdac.o
LOAD ./gecko_sdk_4.4.0/platform/emlib/src/em_wdog.o
LOAD ./gecko_sdk_4.4.0/platform/security/sl_component/se_manager/src/sl_se_manager.o
LOAD ./gecko_sdk_4.4.0/platform/security/sl_component/se_manager/src/sl_se_manager_attestation.o
LOAD ./gecko_sdk_4.4.0/platform/security/sl_component/se_manager/src/sl_se_manager_cipher.o
LOAD ./gecko_sdk_4.4.0/platform/security/sl_component/se_manager/src/sl_se_manager_entropy.o
LOAD ./gecko_sdk_4.4.0/platform/security/sl_component/se_manager/src/sl_se_manager_hash.o
LOAD ./gecko_sdk_4.4.0/platform/security/sl_component/se_manager/src/sl_se_manager_key_derivation.o
LOAD ./gecko_sdk_4.4.0/platform/security/sl_component/se_manager/src/sl_se_manager_key_handling.o
LOAD ./gecko_sdk_4.4.0/platform/security/sl_component/se_manager/src/sl_se_manager_signature.o
LOAD ./gecko_sdk_4.4.0/platform/security/sl_component/se_manager/src/sl_se_manager_util.o
LOAD ./gecko_sdk_4.4.0/platform/security/sl_component/sl_mbedtls_support/src/se_aes.o
LOAD ./gecko_sdk_4.4.0/platform/security/sl_component/sl_mbedtls_support/src/sl_mbedtls.o
LOAD ./gecko_sdk_4.4.0/platform/security/sl_component/sl_psa_driver/src/sli_psa_driver_common.o
LOAD ./gecko_sdk_4.4.0/platform/security/sl_component/sl_psa_driver/src/sli_psa_driver_init.o
LOAD ./gecko_sdk_4.4.0/platform/security/sl_component/sl_psa_driver/src/sli_se_driver_aead.o
LOAD ./gecko_sdk_4.4.0/platform/security/sl_component/sl_psa_driver/src/sli_se_driver_builtin_keys.o
LOAD ./gecko_sdk_4.4.0/platform/security/sl_component/sl_psa_driver/src/sli_se_driver_cipher.o
LOAD ./gecko_sdk_4.4.0/platform/security/sl_component/sl_psa_driver/src/sli_se_driver_key_derivation.o
LOAD ./gecko_sdk_4.4.0/platform/security/sl_component/sl_psa_driver/src/sli_se_driver_key_management.o
LOAD ./gecko_sdk_4.4.0/platform/security/sl_component/sl_psa_driver/src/sli_se_driver_mac.o
LOAD ./gecko_sdk_4.4.0/platform/security/sl_component/sl_psa_driver/src/sli_se_driver_signature.o
LOAD ./gecko_sdk_4.4.0/platform/security/sl_component/sl_psa_driver/src/sli_se_opaque_driver_aead.o
LOAD ./gecko_sdk_4.4.0/platform/security/sl_component/sl_psa_driver/src/sli_se_opaque_driver_cipher.o
LOAD ./gecko_sdk_4.4.0/platform/security/sl_component/sl_psa_driver/src/sli_se_opaque_driver_mac.o
LOAD ./gecko_sdk_4.4.0/platform/security/sl_component/sl_psa_driver/src/sli_se_opaque_key_derivation.o
LOAD ./gecko_sdk_4.4.0/platform/security/sl_component/sl_psa_driver/src/sli_se_transparent_driver_aead.o
LOAD ./gecko_sdk_4.4.0/platform/security/sl_component/sl_psa_driver/src/sli_se_transparent_driver_cipher.o
LOAD ./gecko_sdk_4.4.0/platform/security/sl_component/sl_psa_driver/src/sli_se_transparent_driver_hash.o
LOAD ./gecko_sdk_4.4.0/platform/security/sl_component/sl_psa_driver/src/sli_se_transparent_driver_mac.o
LOAD ./gecko_sdk_4.4.0/platform/security/sl_component/sl_psa_driver/src/sli_se_transparent_key_derivation.o
LOAD ./gecko_sdk_4.4.0/platform/security/sl_component/sl_psa_driver/src/sli_se_version_dependencies.o
LOAD ./gecko_sdk_4.4.0/platform/service/udelay/src/sl_udelay.o
LOAD ./gecko_sdk_4.4.0/platform/service/udelay/src/sl_udelay_armv6m_gcc.o
LOAD ./gecko_sdk_4.4.0/util/silicon_labs/silabs_core/memory_manager/sl_malloc.o
LOAD ./gecko_sdk_4.4.0/util/third_party/mbedtls/library/aes.o
LOAD ./gecko_sdk_4.4.0/util/third_party/mbedtls/library/constant_time.o
LOAD ./gecko_sdk_4.4.0/util/third_party/mbedtls/library/platform.o
LOAD ./gecko_sdk_4.4.0/util/third_party/mbedtls/library/platform_util.o
LOAD ./gecko_sdk_4.4.0/util/third_party/mbedtls/library/psa_crypto_client.o
LOAD ./gecko_sdk_4.4.0/util/third_party/mbedtls/library/psa_util.o
LOAD ./gecko_sdk_4.4.0/util/third_party/mbedtls/library/threading.o
LOAD ./gecko_sdk_4.4.0/util/third_party/trusted-firmware-m/lib/fih/src/fih.o
LOAD ./gecko_sdk_4.4.0/util/third_party/trusted-firmware-m/platform/ext/target/siliconlabs/hse/sli_se.o
LOAD /home/tim/Downloads/SimplicityStudio_v5/developer/toolchains/gnu_arm/12.2.rel1_2023.7/bin/../lib/gcc/arm-none-eabi/12.2.1/thumb/v8-m.main+fp/hard/libgcc.a
LOAD /home/tim/Downloads/SimplicityStudio_v5/developer/toolchains/gnu_arm/12.2.rel1_2023.7/bin/../lib/gcc/arm-none-eabi/12.2.1/../../../../arm-none-eabi/lib/thumb/v8-m.main+fp/hard/libc_nano.a
LOAD /home/tim/Downloads/SimplicityStudio_v5/developer/toolchains/gnu_arm/12.2.rel1_2023.7/bin/../lib/gcc/arm-none-eabi/12.2.1/../../../../arm-none-eabi/lib/thumb/v8-m.main+fp/hard/libm.a
LOAD /home/tim/Downloads/SimplicityStudio_v5/developer/toolchains/gnu_arm/12.2.rel1_2023.7/bin/../lib/gcc/arm-none-eabi/12.2.1/../../../../arm-none-eabi/lib/thumb/v8-m.main+fp/hard/libnosys.a
END GROUP
START GROUP
LOAD /home/tim/Downloads/SimplicityStudio_v5/developer/toolchains/gnu_arm/12.2.rel1_2023.7/bin/../lib/gcc/arm-none-eabi/12.2.1/thumb/v8-m.main+fp/hard/libgcc.a
LOAD /home/tim/Downloads/SimplicityStudio_v5/developer/toolchains/gnu_arm/12.2.rel1_2023.7/bin/../lib/gcc/arm-none-eabi/12.2.1/../../../../arm-none-eabi/lib/thumb/v8-m.main+fp/hard/libc_nano.a
LOAD /home/tim/Downloads/SimplicityStudio_v5/developer/toolchains/gnu_arm/12.2.rel1_2023.7/bin/../lib/gcc/arm-none-eabi/12.2.1/../../../../arm-none-eabi/lib/thumb/v8-m.main+fp/hard/libnosys.a
END GROUP
START GROUP
LOAD /home/tim/Downloads/SimplicityStudio_v5/developer/toolchains/gnu_arm/12.2.rel1_2023.7/bin/../lib/gcc/arm-none-eabi/12.2.1/thumb/v8-m.main+fp/hard/libgcc.a
LOAD /home/tim/Downloads/SimplicityStudio_v5/developer/toolchains/gnu_arm/12.2.rel1_2023.7/bin/../lib/gcc/arm-none-eabi/12.2.1/../../../../arm-none-eabi/lib/thumb/v8-m.main+fp/hard/libg_nano.a
LOAD /home/tim/Downloads/SimplicityStudio_v5/developer/toolchains/gnu_arm/12.2.rel1_2023.7/bin/../lib/gcc/arm-none-eabi/12.2.1/../../../../arm-none-eabi/lib/thumb/v8-m.main+fp/hard/libc_nano.a
END GROUP
START GROUP
LOAD /home/tim/Downloads/SimplicityStudio_v5/developer/toolchains/gnu_arm/12.2.rel1_2023.7/bin/../lib/gcc/arm-none-eabi/12.2.1/thumb/v8-m.main+fp/hard/libgcc.a
LOAD /home/tim/Downloads/SimplicityStudio_v5/developer/toolchains/gnu_arm/12.2.rel1_2023.7/bin/../lib/gcc/arm-none-eabi/12.2.1/../../../../arm-none-eabi/lib/thumb/v8-m.main+fp/hard/libc_nano.a
END GROUP
LOAD /home/tim/Downloads/SimplicityStudio_v5/developer/toolchains/gnu_arm/12.2.rel1_2023.7/bin/../lib/gcc/arm-none-eabi/12.2.1/thumb/v8-m.main+fp/hard/crtend.o
LOAD /home/tim/Downloads/SimplicityStudio_v5/developer/toolchains/gnu_arm/12.2.rel1_2023.7/bin/../lib/gcc/arm-none-eabi/12.2.1/thumb/v8-m.main+fp/hard/crtn.o

.text           0x0000000008000000     0x2c40
                0x0000000008000000                linker_vectors_begin = .
 *(.vectors)
 .vectors       0x0000000008000000      0x170 ./gecko_sdk_4.4.0/platform/Device/SiliconLabs/EFR32MG24/Source/startup_efr32mg24.o
                0x0000000008000000                __Vectors
                0x0000000008000170                linker_vectors_end = .
                0x0000000008000170                __Vectors_End = .
                0x0000000008000170                __Vectors_Size = (__Vectors_End - __Vectors)
                0x0000000008000170                linker_code_begin = .
 *(SORT_BY_ALIGNMENT(.text*))
 .text.Reset_Handler
                0x0000000008000170       0x40 ./gecko_sdk_4.4.0/platform/Device/SiliconLabs/EFR32MG24/Source/startup_efr32mg24.o
                0x0000000008000170                Reset_Handler
 .text.deregister_tm_clones
                0x00000000080001b0       0x1c /home/tim/Downloads/SimplicityStudio_v5/developer/toolchains/gnu_arm/12.2.rel1_2023.7/bin/../lib/gcc/arm-none-eabi/12.2.1/thumb/v8-m.main+fp/hard/crtbegin.o
 .text.register_tm_clones
                0x00000000080001cc       0x28 /home/tim/Downloads/SimplicityStudio_v5/developer/toolchains/gnu_arm/12.2.rel1_2023.7/bin/../lib/gcc/arm-none-eabi/12.2.1/thumb/v8-m.main+fp/hard/crtbegin.o
 .text.__do_global_dtors_aux
                0x00000000080001f4       0x28 /home/tim/Downloads/SimplicityStudio_v5/developer/toolchains/gnu_arm/12.2.rel1_2023.7/bin/../lib/gcc/arm-none-eabi/12.2.1/thumb/v8-m.main+fp/hard/crtbegin.o
 .text.frame_dummy
                0x000000000800021c       0x24 /home/tim/Downloads/SimplicityStudio_v5/developer/toolchains/gnu_arm/12.2.rel1_2023.7/bin/../lib/gcc/arm-none-eabi/12.2.1/thumb/v8-m.main+fp/hard/crtbegin.o
 .text.Copy_Table
                0x0000000008000240       0x28 ./gecko_sdk_4.4.0/platform/Device/SiliconLabs/EFR32MG24/Source/startup_efr32mg24.o
                0x0000000008000240                Copy_Table
 .text.Zero_Table
                0x0000000008000268       0x24 ./gecko_sdk_4.4.0/platform/Device/SiliconLabs/EFR32MG24/Source/startup_efr32mg24.o
                0x0000000008000268                Zero_Table
 .text.CopyRamFuncs
                0x000000000800028c       0x1c ./gecko_sdk_4.4.0/platform/Device/SiliconLabs/EFR32MG24/Source/startup_efr32mg24.o
                0x000000000800028c                CopyRamFuncs
 .text.SystemInit
                0x00000000080002a8       0x1c ./gecko_sdk_4.4.0/platform/Device/SiliconLabs/EFR32MG24/Source/system_efr32mg24.o
                0x00000000080002a8                SystemInit
 .text.xmodem_reset
                0x00000000080002c4       0x14 ./gecko_sdk_4.4.0/platform/bootloader/communication/xmodem-parser/btl_xmodem.o
                0x00000000080002c4                xmodem_reset
 .text.xmodem_parsePacket
                0x00000000080002d8       0xbc ./gecko_sdk_4.4.0/platform/bootloader/communication/xmodem-parser/btl_xmodem.o
                0x00000000080002d8                xmodem_parsePacket
 .text.communication_main
                0x0000000008000394       0x10 ./gecko_sdk_4.4.0/platform/bootloader/communication/xmodem-uart/btl_comm_xmodem.o
                0x0000000008000394                communication_main
 .text.bootloader_xmodem_communication_start
                0x00000000080003a4       0x6c ./gecko_sdk_4.4.0/platform/bootloader/communication/xmodem-uart/btl_comm_xmodem_common.o
                0x00000000080003a4                bootloader_xmodem_communication_start
 .text.bootloader_xmodem_communication_main
                0x0000000008000410      0x36c ./gecko_sdk_4.4.0/platform/bootloader/communication/xmodem-uart/btl_comm_xmodem_common.o
                0x0000000008000410                bootloader_xmodem_communication_main
 .text.bootload_bootloaderCallback
                0x000000000800077c       0x5c ./gecko_sdk_4.4.0/platform/bootloader/core/btl_bootload.o
                0x000000000800077c                bootload_bootloaderCallback
 .text.bootload_checkApplicationPropertiesMagic
                0x00000000080007d8       0x4c ./gecko_sdk_4.4.0/platform/bootloader/core/btl_bootload.o
                0x00000000080007d8                bootload_checkApplicationPropertiesMagic
 .text.bootload_verifyApplication
                0x0000000008000824       0xfc ./gecko_sdk_4.4.0/platform/bootloader/core/btl_bootload.o
                0x0000000008000824                bootload_verifyApplication
 .text.bootload_commitBootloaderUpgrade
                0x0000000008000920       0x94 ./gecko_sdk_4.4.0/platform/bootloader/core/btl_bootload.o
                0x0000000008000920                bootload_commitBootloaderUpgrade
 .text.bootload_commitSeUpgrade
                0x00000000080009b4       0x6c ./gecko_sdk_4.4.0/platform/bootloader/core/btl_bootload.o
                0x00000000080009b4                bootload_commitSeUpgrade
 .text.bootload_getSeVersion
                0x0000000008000a20       0x50 ./gecko_sdk_4.4.0/platform/bootloader/core/btl_bootload.o
                0x0000000008000a20                bootload_getSeVersion
 .text.bootload_getUpgradeLocation
                0x0000000008000a70        0x8 ./gecko_sdk_4.4.0/platform/bootloader/core/btl_bootload.o
                0x0000000008000a70                bootload_getUpgradeLocation
 .text.btl_getPeripheralList
                0x0000000008000a78       0x1c ./gecko_sdk_4.4.0/platform/bootloader/core/btl_main.o
 .text.SystemInit2
                0x0000000008000a94       0x94 ./gecko_sdk_4.4.0/platform/bootloader/core/btl_main.o
                0x0000000008000a94                SystemInit2
 .text.reset_invalidateResetReason
                0x0000000008000b28       0x10 ./gecko_sdk_4.4.0/platform/bootloader/core/btl_reset.o
                0x0000000008000b28                reset_invalidateResetReason
 .text.reset_resetCounterEnabled
                0x0000000008000b38       0x1c ./gecko_sdk_4.4.0/platform/bootloader/core/btl_reset.o
                0x0000000008000b38                reset_resetCounterEnabled
 .text.reset_setResetReason
                0x0000000008000b54       0x18 ./gecko_sdk_4.4.0/platform/bootloader/core/btl_reset.o
                0x0000000008000b54                reset_setResetReason
 .text.reset_resetWithReason
                0x0000000008000b6c       0x28 ./gecko_sdk_4.4.0/platform/bootloader/core/btl_reset.o
                0x0000000008000b6c                reset_resetWithReason
 .text.reset_classifyReset
                0x0000000008000b94       0x2c ./gecko_sdk_4.4.0/platform/bootloader/core/btl_reset.o
                0x0000000008000b94                reset_classifyReset
 .text.flash_erasePage
                0x0000000008000bc0       0x1c ./gecko_sdk_4.4.0/platform/bootloader/core/flash/btl_internal_flash.o
                0x0000000008000bc0                flash_erasePage
 .text.flash_writeBuffer_dma
                0x0000000008000bdc       0x50 ./gecko_sdk_4.4.0/platform/bootloader/core/flash/btl_internal_flash.o
                0x0000000008000bdc                flash_writeBuffer_dma
 .text.delay_init
                0x0000000008000c2c       0x4c ./gecko_sdk_4.4.0/platform/bootloader/driver/btl_driver_delay.o
                0x0000000008000c2c                delay_init
 .text.delay_milliseconds
                0x0000000008000c78       0x4c ./gecko_sdk_4.4.0/platform/bootloader/driver/btl_driver_delay.o
                0x0000000008000c78                delay_milliseconds
 .text.delay_expired
                0x0000000008000cc4       0x34 ./gecko_sdk_4.4.0/platform/bootloader/driver/btl_driver_delay.o
                0x0000000008000cc4                delay_expired
 .text.uart_init
                0x0000000008000cf8      0x148 ./gecko_sdk_4.4.0/platform/bootloader/driver/btl_driver_uart.o
                0x0000000008000cf8                uart_init
 .text.uart_isTxIdle
                0x0000000008000e40       0x2c ./gecko_sdk_4.4.0/platform/bootloader/driver/btl_driver_uart.o
                0x0000000008000e40                uart_isTxIdle
 .text.uart_sendBuffer
                0x0000000008000e6c       0x70 ./gecko_sdk_4.4.0/platform/bootloader/driver/btl_driver_uart.o
                0x0000000008000e6c                uart_sendBuffer
 .text.uart_sendByte
                0x0000000008000edc       0x28 ./gecko_sdk_4.4.0/platform/bootloader/driver/btl_driver_uart.o
                0x0000000008000edc                uart_sendByte
 .text.uart_getRxAvailableBytes
                0x0000000008000f04       0x48 ./gecko_sdk_4.4.0/platform/bootloader/driver/btl_driver_uart.o
                0x0000000008000f04                uart_getRxAvailableBytes
 .text.uart_receiveBuffer
                0x0000000008000f4c       0xa4 ./gecko_sdk_4.4.0/platform/bootloader/driver/btl_driver_uart.o
                0x0000000008000f4c                uart_receiveBuffer
 .text.uart_flush
                0x0000000008000ff0       0x3c ./gecko_sdk_4.4.0/platform/bootloader/driver/btl_driver_uart.o
                0x0000000008000ff0                uart_flush
 .text.util_getClockFreq
                0x000000000800102c       0x94 ./gecko_sdk_4.4.0/platform/bootloader/driver/btl_driver_util.o
                0x000000000800102c                util_getClockFreq
 .text.gpio_enterBootloader
                0x00000000080010c0       0x68 ./gecko_sdk_4.4.0/platform/bootloader/gpio/gpio-activation/btl_gpio_activation.o
                0x00000000080010c0                gpio_enterBootloader
 .text.gbl_getTagParsingInfoFromTagId
                0x0000000008001128       0x24 ./gecko_sdk_4.4.0/platform/bootloader/parser/gbl/btl_gbl_format.o
                0x0000000008001128                gbl_getTagParsingInfoFromTagId
 .text.gbl_parseHeader
                0x000000000800114c       0x7c ./gecko_sdk_4.4.0/platform/bootloader/parser/gbl/btl_gbl_parser.o
 .text.gbl_writeProgData
                0x00000000080011c8       0xa8 ./gecko_sdk_4.4.0/platform/bootloader/parser/gbl/btl_gbl_parser.o
                0x00000000080011c8                gbl_writeProgData
 .text.parser_init
                0x0000000008001270       0x74 ./gecko_sdk_4.4.0/platform/bootloader/parser/gbl/btl_gbl_parser.o
                0x0000000008001270                parser_init
 .text.parser_parse
                0x00000000080012e4      0x6a0 ./gecko_sdk_4.4.0/platform/bootloader/parser/gbl/btl_gbl_parser.o
                0x00000000080012e4                parser_parse
 .text.btl_crc32Stream
                0x0000000008001984       0x30 ./gecko_sdk_4.4.0/platform/bootloader/security/btl_crc32.o
                0x0000000008001984                btl_crc32Stream
 .text.btl_initAesCcm
                0x00000000080019b4       0x58 ./gecko_sdk_4.4.0/platform/bootloader/security/btl_security_aes.o
                0x00000000080019b4                btl_initAesCcm
 .text.btl_verifyEcdsaP256r1
                0x0000000008001a0c      0x100 ./gecko_sdk_4.4.0/platform/bootloader/security/btl_security_ecdsa.o
                0x0000000008001a0c                btl_verifyEcdsaP256r1
 .text.btl_initSha256
                0x0000000008001b0c       0x20 ./gecko_sdk_4.4.0/platform/bootloader/security/btl_security_sha256.o
                0x0000000008001b0c                btl_initSha256
 .text.btl_getSignedBootloaderKeyXPtr
                0x0000000008001b2c       0x3c ./gecko_sdk_4.4.0/platform/bootloader/security/btl_security_tokens.o
                0x0000000008001b2c                btl_getSignedBootloaderKeyXPtr
 .text.btl_getSignedBootloaderKeyYPtr
                0x0000000008001b68       0x3c ./gecko_sdk_4.4.0/platform/bootloader/security/btl_security_tokens.o
                0x0000000008001b68                btl_getSignedBootloaderKeyYPtr
 .text.btl_getImageFileEncryptionKeyPtr
                0x0000000008001ba4        0x8 ./gecko_sdk_4.4.0/platform/bootloader/security/btl_security_tokens.o
                0x0000000008001ba4                btl_getImageFileEncryptionKeyPtr
 .text.sha_x_update
                0x0000000008001bac       0xbc ./gecko_sdk_4.4.0/platform/bootloader/security/sha/btl_sha256.o
                0x0000000008001bac                sha_x_update
 .text.sha_x_finish.part.0
                0x0000000008001c68       0x98 ./gecko_sdk_4.4.0/platform/bootloader/security/sha/btl_sha256.o
 .text.sha_x_process
                0x0000000008001d00       0xa8 ./gecko_sdk_4.4.0/platform/bootloader/security/sha/se_sha.o
                0x0000000008001d00                sha_x_process
 .text.CMU_ClockEnable
                0x0000000008001da8       0x34 ./gecko_sdk_4.4.0/platform/emlib/src/em_cmu.o
                0x0000000008001da8                CMU_ClockEnable
 .text.GPIO_PinModeSet
                0x0000000008001ddc       0x80 ./gecko_sdk_4.4.0/platform/emlib/src/em_gpio.o
                0x0000000008001ddc                GPIO_PinModeSet
 .text.mscStatusWait
                0x0000000008001e5c       0x54 ./gecko_sdk_4.4.0/platform/emlib/src/em_msc.o
                0x0000000008001e5c                mscStatusWait
 .text.MSC_ErasePage
                0x0000000008001eb0       0x50 ./gecko_sdk_4.4.0/platform/emlib/src/em_msc.o
                0x0000000008001eb0                MSC_ErasePage
 .text.MSC_WriteWordDma
                0x0000000008001f00       0xe0 ./gecko_sdk_4.4.0/platform/emlib/src/em_msc.o
                0x0000000008001f00                MSC_WriteWordDma
 .text.sli_se_lock_acquire
                0x0000000008001fe0       0x10 ./gecko_sdk_4.4.0/platform/security/sl_component/se_manager/src/sl_se_manager.o
                0x0000000008001fe0                sli_se_lock_acquire
 .text.sli_se_lock_release
                0x0000000008001ff0       0x10 ./gecko_sdk_4.4.0/platform/security/sl_component/se_manager/src/sl_se_manager.o
                0x0000000008001ff0                sli_se_lock_release
 .text.sli_se_execute_and_wait
                0x0000000008002000       0x40 ./gecko_sdk_4.4.0/platform/security/sl_component/se_manager/src/sl_se_manager.o
                0x0000000008002000                sli_se_execute_and_wait
 .text.sl_se_read_pubkey
                0x0000000008002040       0x58 ./gecko_sdk_4.4.0/platform/security/sl_component/se_manager/src/sl_se_manager_util.o
                0x0000000008002040                sl_se_read_pubkey
 .text.mbedtls_aes_crypt_ecb
                0x0000000008002098       0xc8 ./gecko_sdk_4.4.0/platform/security/sl_component/sl_mbedtls_support/src/se_aes.o
                0x0000000008002098                mbedtls_aes_crypt_ecb
 .text.mbedtls_aes_crypt_ctr
                0x0000000008002160      0x180 ./gecko_sdk_4.4.0/platform/security/sl_component/sl_mbedtls_support/src/se_aes.o
                0x0000000008002160                mbedtls_aes_crypt_ctr
 .text.Default_Handler
                0x00000000080022e0        0x2 ./gecko_sdk_4.4.0/platform/Device/SiliconLabs/EFR32MG24/Source/startup_efr32mg24.o
                0x00000000080022e0                ULFRCO_IRQHandler
                0x00000000080022e0                AHB2AHB1_IRQHandler
                0x00000000080022e0                SW2_IRQHandler
                0x00000000080022e0                TIMER2_IRQHandler
                0x00000000080022e0                DebugMon_Handler
                0x00000000080022e0                USART0_TX_IRQHandler
                0x00000000080022e0                IADC_IRQHandler
                0x00000000080022e0                EUSART0_TX_IRQHandler
                0x00000000080022e0                I2C0_IRQHandler
                0x00000000080022e0                LFXO_IRQHandler
                0x00000000080022e0                SMU_SECURE_IRQHandler
                0x00000000080022e0                SysTick_Handler
                0x00000000080022e0                SYSRTC_SEQ_IRQHandler
                0x00000000080022e0                EMUEFP_IRQHandler
                0x00000000080022e0                PendSV_Handler
                0x00000000080022e0                NMI_Handler
                0x00000000080022e0                SYNTH_IRQHandler
                0x00000000080022e0                HOSTMAILBOX_IRQHandler
                0x00000000080022e0                HFXO0_IRQHandler
                0x00000000080022e0                I2C1_IRQHandler
                0x00000000080022e0                WDOG0_IRQHandler
                0x00000000080022e0                TIMER3_IRQHandler
                0x00000000080022e0                SYSCFG_IRQHandler
                0x00000000080022e0                RFECA1_IRQHandler
                0x00000000080022e0                EMUDG_IRQHandler
                0x00000000080022e0                MSC_IRQHandler
                0x00000000080022e0                DPLL0_IRQHandler
                0x00000000080022e0                UsageFault_Handler
                0x00000000080022e0                WDOG1_IRQHandler
                0x00000000080022e0                M33CTI1_IRQHandler
                0x00000000080022e0                TIMER4_IRQHandler
                0x00000000080022e0                GPIO_EVEN_IRQHandler
                0x00000000080022e0                VDAC0_IRQHandler
                0x00000000080022e0                LDMA_IRQHandler
                0x00000000080022e0                SEMBTX_IRQHandler
                0x00000000080022e0                SW0_IRQHandler
                0x00000000080022e0                TIMER0_IRQHandler
                0x00000000080022e0                MVP_IRQHandler
                0x00000000080022e0                LETIMER0_IRQHandler
                0x00000000080022e0                EUSART1_RX_IRQHandler
                0x00000000080022e0                TIMER1_IRQHandler
                0x00000000080022e0                HFRCO0_IRQHandler
                0x00000000080022e0                SecureFault_Handler
                0x00000000080022e0                BUFC_IRQHandler
                0x00000000080022e0                DCDC_IRQHandler
                0x00000000080022e0                MODEM_IRQHandler
                0x00000000080022e0                Default_Handler
                0x00000000080022e0                RAC_SEQ_IRQHandler
                0x00000000080022e0                FRC_PRI_IRQHandler
                0x00000000080022e0                EMU_IRQHandler
                0x00000000080022e0                SW3_IRQHandler
                0x00000000080022e0                KERNEL0_IRQHandler
                0x00000000080022e0                FRC_IRQHandler
                0x00000000080022e0                PCNT0_IRQHandler
                0x00000000080022e0                KERNEL1_IRQHandler
                0x00000000080022e0                AGC_IRQHandler
                0x00000000080022e0                EUSART1_TX_IRQHandler
                0x00000000080022e0                KEYSCAN_IRQHandler
                0x00000000080022e0                HFRCOEM23_IRQHandler
                0x00000000080022e0                BURTC_IRQHandler
                0x00000000080022e0                SEMBRX_IRQHandler
                0x00000000080022e0                RFECA0_IRQHandler
                0x00000000080022e0                LFRCO_IRQHandler
                0x00000000080022e0                VDAC1_IRQHandler
                0x00000000080022e0                ACMP0_IRQHandler
                0x00000000080022e0                USART0_RX_IRQHandler
                0x00000000080022e0                MemManage_Handler
                0x00000000080022e0                AHB2AHB0_IRQHandler
                0x00000000080022e0                SVC_Handler
                0x00000000080022e0                SMU_S_PRIVILEGED_IRQHandler
                0x00000000080022e0                SW1_IRQHandler
                0x00000000080022e0                CMU_IRQHandler
                0x00000000080022e0                EUSART0_RX_IRQHandler
                0x00000000080022e0                RAC_RSM_IRQHandler
                0x00000000080022e0                SETAMPERHOST_IRQHandler
                0x00000000080022e0                GPIO_ODD_IRQHandler
                0x00000000080022e0                AES_IRQHandler
                0x00000000080022e0                M33CTI0_IRQHandler
                0x00000000080022e0                ICACHE0_IRQHandler
                0x00000000080022e0                SMU_NS_PRIVILEGED_IRQHandler
                0x00000000080022e0                FPUEXH_IRQHandler
                0x00000000080022e0                PROTIMER_IRQHandler
                0x00000000080022e0                ACMP1_IRQHandler
                0x00000000080022e0                BusFault_Handler
                0x00000000080022e0                MPAHBRAM_IRQHandler
                0x00000000080022e0                SYSRTC_APP_IRQHandler
 .text.FlashToRamCopy
                0x00000000080022e2       0x16 ./gecko_sdk_4.4.0/platform/Device/SiliconLabs/EFR32MG24/Source/system_efr32mg24.o
                0x00000000080022e2                FlashToRamCopy
 .text.communication_init
                0x00000000080022f8        0x4 ./gecko_sdk_4.4.0/platform/bootloader/communication/xmodem-uart/btl_comm_xmodem.o
                0x00000000080022f8                communication_init
 .text.communication_start
                0x00000000080022fc        0x4 ./gecko_sdk_4.4.0/platform/bootloader/communication/xmodem-uart/btl_comm_xmodem.o
                0x00000000080022fc                communication_start
 .text.communication_shutdown
                0x0000000008002300        0x2 ./gecko_sdk_4.4.0/platform/bootloader/communication/xmodem-uart/btl_comm_xmodem.o
                0x0000000008002300                communication_shutdown
 .text.sendPacket.isra.0
                0x0000000008002302       0x1e ./gecko_sdk_4.4.0/platform/bootloader/communication/xmodem-uart/btl_comm_xmodem_common.o
 .text.bootloader_xmodem_communication_init
                0x0000000008002320        0x4 ./gecko_sdk_4.4.0/platform/bootloader/communication/xmodem-uart/btl_comm_xmodem_common.o
                0x0000000008002320                bootloader_xmodem_communication_init
 .text.SE_readCommandResponse
                0x0000000008002324       0x12 ./gecko_sdk_4.4.0/platform/bootloader/core/btl_bootload.o
 .text.flashData
                0x0000000008002336       0x44 ./gecko_sdk_4.4.0/platform/bootloader/core/btl_bootload.o
 .text.bootload_applicationCallback
                0x000000000800237a       0x22 ./gecko_sdk_4.4.0/platform/bootloader/core/btl_bootload.o
                0x000000000800237a                bootload_applicationCallback
 .text.bootload_checkApplicationPropertiesVersion
                0x000000000800239c        0xe ./gecko_sdk_4.4.0/platform/bootloader/core/btl_bootload.o
                0x000000000800239c                bootload_checkApplicationPropertiesVersion
 .text.getSignatureX
                0x00000000080023aa       0x26 ./gecko_sdk_4.4.0/platform/bootloader/core/btl_bootload.o
 .text.bootload_getBootloaderVersion
                0x00000000080023d0        0xa ./gecko_sdk_4.4.0/platform/bootloader/core/btl_bootload.o
                0x00000000080023d0                bootload_getBootloaderVersion
 .text.bootload_checkSeUpgradeVersion
                0x00000000080023da       0x20 ./gecko_sdk_4.4.0/platform/bootloader/core/btl_bootload.o
                0x00000000080023da                bootload_checkSeUpgradeVersion
 .text.btl_init
                0x00000000080023fa        0x4 ./gecko_sdk_4.4.0/platform/bootloader/core/btl_core.o
                0x00000000080023fa                btl_init
 .text.btl_deinit
                0x00000000080023fe        0x4 ./gecko_sdk_4.4.0/platform/bootloader/core/btl_core.o
                0x00000000080023fe                btl_deinit
 .text.bootToApp
                0x0000000008002402       0x14 ./gecko_sdk_4.4.0/platform/bootloader/core/btl_main.o
 .text.HardFault_Handler
                0x0000000008002416        0x8 ./gecko_sdk_4.4.0/platform/bootloader/core/btl_main.o
                0x0000000008002416                HardFault_Handler
 .text.startup.main
                0x000000000800241e       0x6c ./gecko_sdk_4.4.0/platform/bootloader/core/btl_main.o
                0x000000000800241e                main
 .text.core_initParser
                0x000000000800248a       0x30 ./gecko_sdk_4.4.0/platform/bootloader/core/btl_parse.o
                0x000000000800248a                core_initParser
 .text.core_parseBuffer
                0x00000000080024ba       0x30 ./gecko_sdk_4.4.0/platform/bootloader/core/btl_parse.o
                0x00000000080024ba                core_parseBuffer
 .text.core_parseImageInfo
                0x00000000080024ea       0x76 ./gecko_sdk_4.4.0/platform/bootloader/core/btl_parse.o
                0x00000000080024ea                core_parseImageInfo
 .text.core_parserContextSize
                0x0000000008002560        0x6 ./gecko_sdk_4.4.0/platform/bootloader/core/btl_parse.o
                0x0000000008002560                core_parserContextSize
 .text.uart_receiveByteTimeout
                0x0000000008002566       0x14 ./gecko_sdk_4.4.0/platform/bootloader/driver/btl_driver_uart.o
                0x0000000008002566                uart_receiveByteTimeout
 .text.gbl_storeData
                0x000000000800257a       0x42 ./gecko_sdk_4.4.0/platform/bootloader/parser/gbl/btl_gbl_parser.o
 .text.gbl_getData
                0x00000000080025bc      0x102 ./gecko_sdk_4.4.0/platform/bootloader/parser/gbl/btl_gbl_parser.o
 .text.btl_crc16
                0x00000000080026be       0x1e ./gecko_sdk_4.4.0/platform/bootloader/security/btl_crc16.o
                0x00000000080026be                btl_crc16
 .text.btl_crc16Stream
                0x00000000080026dc       0x1a ./gecko_sdk_4.4.0/platform/bootloader/security/btl_crc16.o
                0x00000000080026dc                btl_crc16Stream
 .text.btl_processAesCtrData
                0x00000000080026f6       0x22 ./gecko_sdk_4.4.0/platform/bootloader/security/btl_security_aes.o
                0x00000000080026f6                btl_processAesCtrData
 .text.btl_updateSha256
                0x0000000008002718        0x4 ./gecko_sdk_4.4.0/platform/bootloader/security/btl_security_sha256.o
                0x0000000008002718                btl_updateSha256
 .text.btl_finalizeSha256
                0x000000000800271c        0x6 ./gecko_sdk_4.4.0/platform/bootloader/security/btl_security_sha256.o
                0x000000000800271c                btl_finalizeSha256
 .text.btl_sha256_init
                0x0000000008002722        0x8 ./gecko_sdk_4.4.0/platform/bootloader/security/sha/btl_sha256.o
                0x0000000008002722                btl_sha256_init
 .text.btl_sha256_starts_ret
                0x000000000800272a        0xa ./gecko_sdk_4.4.0/platform/bootloader/security/sha/btl_sha256.o
                0x000000000800272a                btl_sha256_starts_ret
 .text.btl_sha256_update_ret
                0x0000000008002734       0x1a ./gecko_sdk_4.4.0/platform/bootloader/security/sha/btl_sha256.o
                0x0000000008002734                btl_sha256_update_ret
 .text.btl_sha256_finish_ret
                0x000000000800274e        0xe ./gecko_sdk_4.4.0/platform/bootloader/security/sha/btl_sha256.o
                0x000000000800274e                btl_sha256_finish_ret
 .text.CORE_EnterCritical
                0x000000000800275c        0x8 ./gecko_sdk_4.4.0/platform/emlib/src/em_core.o
                0x000000000800275c                CORE_EnterCritical
 .text.CORE_ExitCritical
                0x0000000008002764        0x6 ./gecko_sdk_4.4.0/platform/emlib/src/em_core.o
                0x0000000008002764                CORE_ExitCritical
 .text.BUS_RegMaskedWrite
                0x000000000800276a       0x1e ./gecko_sdk_4.4.0/platform/emlib/src/em_gpio.o
 .text.SE_addDataInput
                0x0000000008002788       0x14 ./gecko_sdk_4.4.0/platform/emlib/src/em_se.o
                0x0000000008002788                SE_addDataInput
 .text.SE_addDataOutput
                0x000000000800279c       0x14 ./gecko_sdk_4.4.0/platform/emlib/src/em_se.o
                0x000000000800279c                SE_addDataOutput
 .text.SE_addParameter
                0x00000000080027b0       0x12 ./gecko_sdk_4.4.0/platform/emlib/src/em_se.o
                0x00000000080027b0                SE_addParameter
 .text.SE_executeCommand
                0x00000000080027c2       0x3a ./gecko_sdk_4.4.0/platform/emlib/src/em_se.o
                0x00000000080027c2                SE_executeCommand
 .text.TIMER_SyncWait
                0x00000000080027fc        0xe ./gecko_sdk_4.4.0/platform/emlib/src/em_timer.o
                0x00000000080027fc                TIMER_SyncWait
 .text.TIMER_Init
                0x000000000800280a       0x82 ./gecko_sdk_4.4.0/platform/emlib/src/em_timer.o
                0x000000000800280a                TIMER_Init
 .text.sli_se_to_sl_status
                0x000000000800288c       0x5c ./gecko_sdk_4.4.0/platform/security/sl_component/se_manager/src/sl_se_manager.o
                0x000000000800288c                sli_se_to_sl_status
 .text.mbedtls_aes_init
                0x00000000080028e8        0x8 ./gecko_sdk_4.4.0/platform/security/sl_component/sl_mbedtls_support/src/se_aes.o
                0x00000000080028e8                mbedtls_aes_init
 .text.mbedtls_aes_setkey_enc
                0x00000000080028f0       0x36 ./gecko_sdk_4.4.0/platform/security/sl_component/sl_mbedtls_support/src/se_aes.o
                0x00000000080028f0                mbedtls_aes_setkey_enc
 .text.memcpy   0x0000000008002926       0x1a /home/tim/Downloads/SimplicityStudio_v5/developer/toolchains/gnu_arm/12.2.rel1_2023.7/bin/../lib/gcc/arm-none-eabi/12.2.1/../../../../arm-none-eabi/lib/thumb/v8-m.main+fp/hard/libc_nano.a(libc_a-memcpy-stub.o)
                0x0000000008002926                memcpy
 .text.memcmp   0x0000000008002940       0x20 /home/tim/Downloads/SimplicityStudio_v5/developer/toolchains/gnu_arm/12.2.rel1_2023.7/bin/../lib/gcc/arm-none-eabi/12.2.1/../../../../arm-none-eabi/lib/thumb/v8-m.main+fp/hard/libc_nano.a(libc_a-memcmp.o)
                0x0000000008002940                memcmp
 .text.memset   0x0000000008002960       0x10 /home/tim/Downloads/SimplicityStudio_v5/developer/toolchains/gnu_arm/12.2.rel1_2023.7/bin/../lib/gcc/arm-none-eabi/12.2.1/../../../../arm-none-eabi/lib/thumb/v8-m.main+fp/hard/libc_nano.a(libc_a-memset.o)
                0x0000000008002960                memset
                0x0000000008002980                . = ALIGN (0x20)
 *fill*         0x0000000008002970       0x10 
                0x0000000008002980                linker_code_end = .
 *(.init)
 .init          0x0000000008002980        0x4 /home/tim/Downloads/SimplicityStudio_v5/developer/toolchains/gnu_arm/12.2.rel1_2023.7/bin/../lib/gcc/arm-none-eabi/12.2.1/thumb/v8-m.main+fp/hard/crti.o
                0x0000000008002980                _init
 .init          0x0000000008002984        0x8 /home/tim/Downloads/SimplicityStudio_v5/developer/toolchains/gnu_arm/12.2.rel1_2023.7/bin/../lib/gcc/arm-none-eabi/12.2.1/thumb/v8-m.main+fp/hard/crtn.o
 *(.fini)
 .fini          0x000000000800298c        0x4 /home/tim/Downloads/SimplicityStudio_v5/developer/toolchains/gnu_arm/12.2.rel1_2023.7/bin/../lib/gcc/arm-none-eabi/12.2.1/thumb/v8-m.main+fp/hard/crti.o
                0x000000000800298c                _fini
 .fini          0x0000000008002990        0x8 /home/tim/Downloads/SimplicityStudio_v5/developer/toolchains/gnu_arm/12.2.rel1_2023.7/bin/../lib/gcc/arm-none-eabi/12.2.1/thumb/v8-m.main+fp/hard/crtn.o
 *crtbegin.o(.ctors)
 *crtbegin?.o(.ctors)
 *(EXCLUDE_FILE(*crtend.o *crtend?.o) .ctors)
 *(SORT_BY_NAME(.ctors.*))
 *(.ctors)
 *crtbegin.o(.dtors)
 *crtbegin?.o(.dtors)
 *(EXCLUDE_FILE(*crtend.o *crtend?.o) .dtors)
 *(SORT_BY_NAME(.dtors.*))
 *(.dtors)
                0x0000000008002998                __code_classification_validator_start__ = .
                0x00000000080029b8                . = (. + 0x20)
 *fill*         0x0000000008002998       0x20 
 *(code_classification_validator)
                0x00000000080029c0                . = ALIGN (0x20)
 *fill*         0x00000000080029b8        0x8 
                0x00000000080029c0                __code_classification_validator_end__ = .
 *(.rodata*)
 .rodata.parseCb.0
                0x00000000080029c0       0x10 ./gecko_sdk_4.4.0/platform/bootloader/communication/xmodem-uart/btl_comm_xmodem.o
 .rodata.bootloader_xmodem_communication_start.str1.1
                0x00000000080029d0       0x47 ./gecko_sdk_4.4.0/platform/bootloader/communication/xmodem-uart/btl_comm_xmodem_common.o
 .rodata.bootError
                0x0000000008002a17       0x13 ./gecko_sdk_4.4.0/platform/bootloader/communication/xmodem-uart/btl_comm_xmodem_common.o
 .rodata.fileError
                0x0000000008002a2a       0x10 ./gecko_sdk_4.4.0/platform/bootloader/communication/xmodem-uart/btl_comm_xmodem_common.o
 .rodata.xmodemError
                0x0000000008002a3a       0x11 ./gecko_sdk_4.4.0/platform/bootloader/communication/xmodem-uart/btl_comm_xmodem_common.o
 .rodata.transferAbortedStr
                0x0000000008002a4b       0x1a ./gecko_sdk_4.4.0/platform/bootloader/communication/xmodem-uart/btl_comm_xmodem_common.o
 .rodata.transferCompleteStr
                0x0000000008002a65       0x1b ./gecko_sdk_4.4.0/platform/bootloader/communication/xmodem-uart/btl_comm_xmodem_common.o
 .rodata.transferInitStr
                0x0000000008002a80       0x11 ./gecko_sdk_4.4.0/platform/bootloader/communication/xmodem-uart/btl_comm_xmodem_common.o
 .rodata.bootload_checkApplicationPropertiesMagic.str1.1
                0x0000000008002a91       0x11 ./gecko_sdk_4.4.0/platform/bootloader/core/btl_bootload.o
 *fill*         0x0000000008002aa2        0x2 
 .rodata.sl_app_properties
                0x0000000008002aa4       0x50 ./gecko_sdk_4.4.0/platform/bootloader/core/btl_main.o
                0x0000000008002aa4                sl_app_properties
 .rodata.mainStageTable
                0x0000000008002af4       0x48 ./gecko_sdk_4.4.0/platform/bootloader/core/btl_main.o
                0x0000000008002af4                mainStageTable
 .rodata        0x0000000008002b3c       0x11 ./gecko_sdk_4.4.0/platform/bootloader/driver/btl_driver_util.o
 *fill*         0x0000000008002b4d        0x3 
 .rodata.gblTagParsingInfoStructs
                0x0000000008002b50       0x90 ./gecko_sdk_4.4.0/platform/bootloader/parser/gbl/btl_gbl_format.o
                0x0000000008002b50                gblTagParsingInfoStructs
 .rodata.shax_padding
                0x0000000008002be0       0x40 ./gecko_sdk_4.4.0/platform/bootloader/security/sha/btl_sha256.o
 .rodata.init_state_sha256
                0x0000000008002c20       0x20 ./gecko_sdk_4.4.0/platform/bootloader/security/sha/btl_sha256.o
 *(.eh_frame*)
 .eh_frame      0x0000000008002c40        0x0 /home/tim/Downloads/SimplicityStudio_v5/developer/toolchains/gnu_arm/12.2.rel1_2023.7/bin/../lib/gcc/arm-none-eabi/12.2.1/thumb/v8-m.main+fp/hard/crtbegin.o

.glue_7         0x0000000008002c40        0x0
 .glue_7        0x0000000008002c40        0x0 linker stubs

.glue_7t        0x0000000008002c40        0x0
 .glue_7t       0x0000000008002c40        0x0 linker stubs

.vfp11_veneer   0x0000000008002c40        0x0
 .vfp11_veneer  0x0000000008002c40        0x0 linker stubs

.v4_bx          0x0000000008002c40        0x0
 .v4_bx         0x0000000008002c40        0x0 linker stubs

.iplt           0x0000000008002c40        0x0
 .iplt          0x0000000008002c40        0x0 /home/tim/Downloads/SimplicityStudio_v5/developer/toolchains/gnu_arm/12.2.rel1_2023.7/bin/../lib/gcc/arm-none-eabi/12.2.1/thumb/v8-m.main+fp/hard/crtbegin.o

.rel.dyn        0x0000000008002c40        0x0
 .rel.iplt      0x0000000008002c40        0x0 /home/tim/Downloads/SimplicityStudio_v5/developer/toolchains/gnu_arm/12.2.rel1_2023.7/bin/../lib/gcc/arm-none-eabi/12.2.1/thumb/v8-m.main+fp/hard/crtbegin.o

.gnu.sgstubs    0x0000000008002c40        0x0
                0x0000000008002c40                . = ALIGN (0x20)
                0x0000000008002c40                linker_sg_begin = .
 *(.gnu.sgstubs*)
                0x0000000008002c40                . = ALIGN (0x20)
                0x0000000008002c40                linker_sg_end = (linker_sg_begin + SIZEOF (.gnu.sgstubs))

.ARM.extab
 *(.ARM.extab* .gnu.linkonce.armextab.*)
                0x0000000008002c40                __exidx_start = .

.ARM.exidx
 *(.ARM.exidx* .gnu.linkonce.armexidx.*)
                0x0000000008002c40                __exidx_end = .

.copy.table     0x0000000008002c40        0xc
                0x0000000008002c40                . = ALIGN (0x4)
                0x0000000008002c40                __copy_table_start__ = .
                0x0000000008002c40        0x4 LONG 0x8002c4c __etext
                0x0000000008002c44        0x4 LONG 0x20001010 __data_start__
                0x0000000008002c48        0x4 LONG 0x18 ((__data_end__ - __data_start__) / 0x4)
                0x0000000008002c4c                __copy_table_end__ = .

.zero.table     0x0000000008002c4c        0x0
                0x0000000008002c4c                . = ALIGN (0x4)
                0x0000000008002c4c                __zero_table_start__ = .
                0x0000000008002c4c                __zero_table_end__ = .
                0x0000000008002c4c                __etext = .
                0x0000000020000000                . = ORIGIN (BOOTLOADER_RESET_REGION)

.bootloader_reset_section
                0x0000000020000000        0x0
                0x0000000020000000                __ResetReasonStart__ = .
 *(.bootloader_reset_section)
                0x0000000020000004                . = ORIGIN (RAM)

.stack          0x0000000020000008     0x1000
                0x0000000020000008                __StackLimit = .
 *(.stack*)
 .stack         0x0000000020000008     0x1000 ./gecko_sdk_4.4.0/platform/common/toolchain/src/sl_memory.o
                0x0000000020001008                . = ALIGN (0x4)
                0x0000000020001008                __StackTop = .
                0x0000000020001008                PROVIDE (__stack = __StackTop)

.stackseal      0x0000000020001008        0x8
                0x0000000020001008                __StackSeal = .
                0x0000000020001010                . = (. + 0x8)
 *fill*         0x0000000020001008        0x8 
                0x0000000020001010                . = ALIGN (0x8)

.noinit
 *(.noinit*)

.data           0x0000000020001010       0x60 load address 0x0000000008002c4c
                0x0000000020001010                . = ALIGN (0x4)
                0x0000000020001010                __data_start__ = .
 *(vtable)
 *(SORT_BY_ALIGNMENT(.data*))
 .data.ldmaRxDesc
                0x0000000020001010       0x40 ./gecko_sdk_4.4.0/platform/bootloader/driver/btl_driver_uart.o
 .data.ldmaTxDesc
                0x0000000020001050       0x10 ./gecko_sdk_4.4.0/platform/bootloader/driver/btl_driver_uart.o
 .data.sl_uart_init_inst
                0x0000000020001060        0x8 ./gecko_sdk_4.4.0/platform/bootloader/driver/btl_driver_uart.o
                0x0000000020001060                sl_uart_init_inst
                0x0000000020001068                . = ALIGN (0x4)
                [!provide]                        PROVIDE (__ram_func_section_start = .)
 *(.ram)
                [!provide]                        PROVIDE (__ram_func_section_end = .)
                0x0000000020001068                . = ALIGN (0x4)
                0x0000000020001068                PROVIDE (__preinit_array_start = .)
 *(.preinit_array)
                0x0000000020001068                PROVIDE (__preinit_array_end = .)
                0x0000000020001068                . = ALIGN (0x4)
                0x0000000020001068                PROVIDE (__init_array_start = .)
 *(SORT_BY_NAME(.init_array.*))
 *(.init_array)
 .init_array    0x0000000020001068        0x4 /home/tim/Downloads/SimplicityStudio_v5/developer/toolchains/gnu_arm/12.2.rel1_2023.7/bin/../lib/gcc/arm-none-eabi/12.2.1/thumb/v8-m.main+fp/hard/crtbegin.o
                0x000000002000106c                PROVIDE (__init_array_end = .)
                0x000000002000106c                . = ALIGN (0x4)
                [!provide]                        PROVIDE (__fini_array_start = .)
 *(SORT_BY_NAME(.fini_array.*))
 *(.fini_array)
 .fini_array    0x000000002000106c        0x4 /home/tim/Downloads/SimplicityStudio_v5/developer/toolchains/gnu_arm/12.2.rel1_2023.7/bin/../lib/gcc/arm-none-eabi/12.2.1/thumb/v8-m.main+fp/hard/crtbegin.o
                [!provide]                        PROVIDE (__fini_array_end = .)
                0x0000000020001070                . = ALIGN (0x4)
                0x0000000020001070                __data_end__ = .
                0x0000000008002cac                __rom_end__ = (__etext + SIZEOF (.data))

.tm_clone_table
                0x0000000020001070        0x0 load address 0x0000000008002cac
 .tm_clone_table
                0x0000000020001070        0x0 /home/tim/Downloads/SimplicityStudio_v5/developer/toolchains/gnu_arm/12.2.rel1_2023.7/bin/../lib/gcc/arm-none-eabi/12.2.1/thumb/v8-m.main+fp/hard/crtbegin.o
 .tm_clone_table
                0x0000000020001070        0x0 /home/tim/Downloads/SimplicityStudio_v5/developer/toolchains/gnu_arm/12.2.rel1_2023.7/bin/../lib/gcc/arm-none-eabi/12.2.1/thumb/v8-m.main+fp/hard/crtend.o

.igot.plt       0x0000000020001070        0x0 load address 0x0000000008002cac
 .igot.plt      0x0000000020001070        0x0 /home/tim/Downloads/SimplicityStudio_v5/developer/toolchains/gnu_arm/12.2.rel1_2023.7/bin/../lib/gcc/arm-none-eabi/12.2.1/thumb/v8-m.main+fp/hard/crtbegin.o

.bss            0x0000000020001070      0x2d4 load address 0x0000000008002cac
                0x0000000020001070                . = ALIGN (0x4)
                0x0000000020001070                __bss_start__ = .
 *(SORT_BY_ALIGNMENT(.bss*))
 .bss.object.0  0x0000000020001070       0x18 /home/tim/Downloads/SimplicityStudio_v5/developer/toolchains/gnu_arm/12.2.rel1_2023.7/bin/../lib/gcc/arm-none-eabi/12.2.1/thumb/v8-m.main+fp/hard/crtbegin.o
 .bss.imageProps.1
                0x0000000020001088       0x2c ./gecko_sdk_4.4.0/platform/bootloader/communication/xmodem-uart/btl_comm_xmodem.o
 .bss.ticksPerMillisecond
                0x00000000200010b4        0x4 ./gecko_sdk_4.4.0/platform/bootloader/driver/btl_driver_delay.o
 .bss.rxHead    0x00000000200010b8        0x4 ./gecko_sdk_4.4.0/platform/bootloader/driver/btl_driver_uart.o
 .bss.delayTarget
                0x00000000200010bc        0x2 ./gecko_sdk_4.4.0/platform/bootloader/driver/btl_driver_delay.o
 .bss.completed.1
                0x00000000200010be        0x1 /home/tim/Downloads/SimplicityStudio_v5/developer/toolchains/gnu_arm/12.2.rel1_2023.7/bin/../lib/gcc/arm-none-eabi/12.2.1/thumb/v8-m.main+fp/hard/crtbegin.o
 .bss.started   0x00000000200010bf        0x1 ./gecko_sdk_4.4.0/platform/bootloader/communication/xmodem-parser/btl_xmodem.o
 .bss.packetNumber
                0x00000000200010c0        0x1 ./gecko_sdk_4.4.0/platform/bootloader/communication/xmodem-parser/btl_xmodem.o
 .bss.expectOverflow
                0x00000000200010c1        0x1 ./gecko_sdk_4.4.0/platform/bootloader/driver/btl_driver_delay.o
 .bss.txBuffer  0x00000000200010c2       0x80 ./gecko_sdk_4.4.0/platform/bootloader/driver/btl_driver_uart.o
 .bss.rxBuffer  0x0000000020001142      0x200 ./gecko_sdk_4.4.0/platform/bootloader/driver/btl_driver_uart.o
 *(COMMON)
                0x0000000020001344                . = ALIGN (0x4)
 *fill*         0x0000000020001342        0x2 
                0x0000000020001344                __bss_end__ = .
                0x0000000020001344                __ramfuncs_start__ = .
                0x0000000020001344                __vma_ramfuncs_start__ = .
                0x0000000008002cac                __lma_ramfuncs_start__ = (__etext + SIZEOF (.data))
                0x0000000000000000                __text_application_ram_offset__ = (. - __vma_ramfuncs_start__)

text_application_ram
                0x0000000020001344        0x0 load address 0x0000000008002cac
                0x0000000020001344                . = ALIGN (0x4)
                0x0000000020001344                __text_application_ram_start__ = .
 *(text_application_ram)
                0x0000000020001344                . = ALIGN (0x4)
                0x0000000020001344                __text_application_ram_end__ = .
                0x0000000020001344                . = ALIGN (0x4)
                0x0000000020001344                __vma_ramfuncs_end__ = .
                0x0000000008002cac                __lma_ramfuncs_end__ = ((__lma_ramfuncs_start__ + __text_application_ram_offset__) + SIZEOF (text_application_ram))
                0x0000000020001344                __ramfuncs_end__ = .

.heap           0x0000000020001348      0x800
                0x0000000020001348                __HeapBase = .
                0x0000000020001348                __end__ = .
                0x0000000020001348                end = __end__
                0x0000000020001348                _end = __end__
 *(.heap*)
 .heap          0x0000000020001348      0x800 ./gecko_sdk_4.4.0/platform/common/toolchain/src/sl_memory.o
                0x0000000020030000                __HeapLimit = (ORIGIN (RAM) + LENGTH (RAM))
                0x000000000002ecb8                __heap_size = (__HeapLimit - __HeapBase)
                0x0000000020030000                __ram_end__ = 0x20030000
                0x000000000817e000                __main_flash_end__ = 0x817e000

.internal_storage
 *(.internal_storage*)
                0x000000000817e000                linker_storage_end = __main_flash_end__
                0x000000000817e000                linker_storage_begin = (linker_storage_end - SIZEOF (.internal_storage))
                0x0000000000000000                linker_storage_size = SIZEOF (.internal_storage)
                0x0000000000000020                _app_rollback_protection_size = 0x20
                0x0000000000000001                ASSERT (((((ORIGIN (FLASH) + LENGTH (FLASH)) - 0x40) - _app_rollback_protection_size) >= (__etext + SIZEOF (.data))), FLASH memory overflowed !)
OUTPUT(bootloader-uart-xmodem_slzb07mg24.axf elf32-littlearm)
LOAD linker stubs

.ARM.attributes
                0x0000000000000000       0x36
 .ARM.attributes
                0x0000000000000000       0x26 /home/tim/Downloads/SimplicityStudio_v5/developer/toolchains/gnu_arm/12.2.rel1_2023.7/bin/../lib/gcc/arm-none-eabi/12.2.1/thumb/v8-m.main+fp/hard/crti.o
 .ARM.attributes
                0x0000000000000026       0x38 /home/tim/Downloads/SimplicityStudio_v5/developer/toolchains/gnu_arm/12.2.rel1_2023.7/bin/../lib/gcc/arm-none-eabi/12.2.1/thumb/v8-m.main+fp/hard/crtbegin.o
 .ARM.attributes
                0x000000000000005e       0x3a ./gecko_sdk_4.4.0/platform/Device/SiliconLabs/EFR32MG24/Source/startup_efr32mg24.o
 .ARM.attributes
                0x0000000000000098       0x3a ./gecko_sdk_4.4.0/platform/Device/SiliconLabs/EFR32MG24/Source/system_efr32mg24.o
 .ARM.attributes
                0x00000000000000d2       0x3a ./gecko_sdk_4.4.0/platform/bootloader/communication/xmodem-parser/btl_xmodem.o
 .ARM.attributes
                0x000000000000010c       0x3a ./gecko_sdk_4.4.0/platform/bootloader/communication/xmodem-uart/btl_comm_xmodem.o
 .ARM.attributes
                0x0000000000000146       0x3a ./gecko_sdk_4.4.0/platform/bootloader/communication/xmodem-uart/btl_comm_xmodem_common.o
 .ARM.attributes
                0x0000000000000180       0x3a ./gecko_sdk_4.4.0/platform/bootloader/core/btl_bootload.o
 .ARM.attributes
                0x00000000000001ba       0x3a ./gecko_sdk_4.4.0/platform/bootloader/core/btl_core.o
 .ARM.attributes
                0x00000000000001f4       0x3a ./gecko_sdk_4.4.0/platform/bootloader/core/btl_main.o
 .ARM.attributes
                0x000000000000022e       0x3a ./gecko_sdk_4.4.0/platform/bootloader/core/btl_parse.o
 .ARM.attributes
                0x0000000000000268       0x3a ./gecko_sdk_4.4.0/platform/bootloader/core/btl_reset.o
 .ARM.attributes
                0x00000000000002a2       0x3a ./gecko_sdk_4.4.0/platform/bootloader/core/flash/btl_internal_flash.o
 .ARM.attributes
                0x00000000000002dc       0x3a ./gecko_sdk_4.4.0/platform/bootloader/driver/btl_driver_delay.o
 .ARM.attributes
                0x0000000000000316       0x3a ./gecko_sdk_4.4.0/platform/bootloader/driver/btl_driver_uart.o
 .ARM.attributes
                0x0000000000000350       0x3a ./gecko_sdk_4.4.0/platform/bootloader/driver/btl_driver_util.o
 .ARM.attributes
                0x000000000000038a       0x3a ./gecko_sdk_4.4.0/platform/bootloader/gpio/gpio-activation/btl_gpio_activation.o
 .ARM.attributes
                0x00000000000003c4       0x3a ./gecko_sdk_4.4.0/platform/bootloader/parser/gbl/btl_gbl_format.o
 .ARM.attributes
                0x00000000000003fe       0x3a ./gecko_sdk_4.4.0/platform/bootloader/parser/gbl/btl_gbl_parser.o
 .ARM.attributes
                0x0000000000000438       0x3a ./gecko_sdk_4.4.0/platform/bootloader/security/btl_crc16.o
 .ARM.attributes
                0x0000000000000472       0x3a ./gecko_sdk_4.4.0/platform/bootloader/security/btl_crc32.o
 .ARM.attributes
                0x00000000000004ac       0x3a ./gecko_sdk_4.4.0/platform/bootloader/security/btl_security_aes.o
 .ARM.attributes
                0x00000000000004e6       0x3a ./gecko_sdk_4.4.0/platform/bootloader/security/btl_security_ecdsa.o
 .ARM.attributes
                0x0000000000000520       0x3a ./gecko_sdk_4.4.0/platform/bootloader/security/btl_security_sha256.o
 .ARM.attributes
                0x000000000000055a       0x3a ./gecko_sdk_4.4.0/platform/bootloader/security/btl_security_tokens.o
 .ARM.attributes
                0x0000000000000594       0x3a ./gecko_sdk_4.4.0/platform/bootloader/security/sha/btl_sha256.o
 .ARM.attributes
                0x00000000000005ce       0x3a ./gecko_sdk_4.4.0/platform/bootloader/security/sha/se_sha.o
 .ARM.attributes
                0x0000000000000608       0x3a ./gecko_sdk_4.4.0/platform/common/toolchain/src/sl_memory.o
 .ARM.attributes
                0x0000000000000642       0x3a ./gecko_sdk_4.4.0/platform/emlib/src/em_cmu.o
 .ARM.attributes
                0x000000000000067c       0x3a ./gecko_sdk_4.4.0/platform/emlib/src/em_core.o
 .ARM.attributes
                0x00000000000006b6       0x3a ./gecko_sdk_4.4.0/platform/emlib/src/em_gpio.o
 .ARM.attributes
                0x00000000000006f0       0x3a ./gecko_sdk_4.4.0/platform/emlib/src/em_msc.o
 .ARM.attributes
                0x000000000000072a       0x3a ./gecko_sdk_4.4.0/platform/emlib/src/em_se.o
 .ARM.attributes
                0x0000000000000764       0x3a ./gecko_sdk_4.4.0/platform/emlib/src/em_timer.o
 .ARM.attributes
                0x000000000000079e       0x3a ./gecko_sdk_4.4.0/platform/security/sl_component/se_manager/src/sl_se_manager.o
 .ARM.attributes
                0x00000000000007d8       0x3a ./gecko_sdk_4.4.0/platform/security/sl_component/se_manager/src/sl_se_manager_util.o
 .ARM.attributes
                0x0000000000000812       0x3a ./gecko_sdk_4.4.0/platform/security/sl_component/sl_mbedtls_support/src/se_aes.o
 .ARM.attributes
                0x000000000000084c       0x38 /home/tim/Downloads/SimplicityStudio_v5/developer/toolchains/gnu_arm/12.2.rel1_2023.7/bin/../lib/gcc/arm-none-eabi/12.2.1/../../../../arm-none-eabi/lib/thumb/v8-m.main+fp/hard/libc_nano.a(libc_a-memcpy-stub.o)
 .ARM.attributes
                0x0000000000000884       0x38 /home/tim/Downloads/SimplicityStudio_v5/developer/toolchains/gnu_arm/12.2.rel1_2023.7/bin/../lib/gcc/arm-none-eabi/12.2.1/../../../../arm-none-eabi/lib/thumb/v8-m.main+fp/hard/libc_nano.a(libc_a-memcmp.o)
 .ARM.attributes
                0x00000000000008bc       0x38 /home/tim/Downloads/SimplicityStudio_v5/developer/toolchains/gnu_arm/12.2.rel1_2023.7/bin/../lib/gcc/arm-none-eabi/12.2.1/../../../../arm-none-eabi/lib/thumb/v8-m.main+fp/hard/libc_nano.a(libc_a-memset.o)
 .ARM.attributes
                0x00000000000008f4       0x38 /home/tim/Downloads/SimplicityStudio_v5/developer/toolchains/gnu_arm/12.2.rel1_2023.7/bin/../lib/gcc/arm-none-eabi/12.2.1/thumb/v8-m.main+fp/hard/crtend.o
 .ARM.attributes
                0x000000000000092c       0x26 /home/tim/Downloads/SimplicityStudio_v5/developer/toolchains/gnu_arm/12.2.rel1_2023.7/bin/../lib/gcc/arm-none-eabi/12.2.1/thumb/v8-m.main+fp/hard/crtn.o

.comment        0x0000000000000000       0x45
 .comment       0x0000000000000000       0x45 ./gecko_sdk_4.4.0/platform/Device/SiliconLabs/EFR32MG24/Source/startup_efr32mg24.o
                                         0x46 (size before relaxing)
 .comment       0x0000000000000045       0x46 ./gecko_sdk_4.4.0/platform/Device/SiliconLabs/EFR32MG24/Source/system_efr32mg24.o
 .comment       0x0000000000000045       0x46 ./gecko_sdk_4.4.0/platform/bootloader/communication/xmodem-parser/btl_xmodem.o
 .comment       0x0000000000000045       0x46 ./gecko_sdk_4.4.0/platform/bootloader/communication/xmodem-uart/btl_comm_xmodem.o
 .comment       0x0000000000000045       0x46 ./gecko_sdk_4.4.0/platform/bootloader/communication/xmodem-uart/btl_comm_xmodem_common.o
 .comment       0x0000000000000045       0x46 ./gecko_sdk_4.4.0/platform/bootloader/core/btl_bootload.o
 .comment       0x0000000000000045       0x46 ./gecko_sdk_4.4.0/platform/bootloader/core/btl_core.o
 .comment       0x0000000000000045       0x46 ./gecko_sdk_4.4.0/platform/bootloader/core/btl_main.o
 .comment       0x0000000000000045       0x46 ./gecko_sdk_4.4.0/platform/bootloader/core/btl_parse.o
 .comment       0x0000000000000045       0x46 ./gecko_sdk_4.4.0/platform/bootloader/core/btl_reset.o
 .comment       0x0000000000000045       0x46 ./gecko_sdk_4.4.0/platform/bootloader/core/flash/btl_internal_flash.o
 .comment       0x0000000000000045       0x46 ./gecko_sdk_4.4.0/platform/bootloader/driver/btl_driver_delay.o
 .comment       0x0000000000000045       0x46 ./gecko_sdk_4.4.0/platform/bootloader/driver/btl_driver_uart.o
 .comment       0x0000000000000045       0x46 ./gecko_sdk_4.4.0/platform/bootloader/driver/btl_driver_util.o
 .comment       0x0000000000000045       0x46 ./gecko_sdk_4.4.0/platform/bootloader/gpio/gpio-activation/btl_gpio_activation.o
 .comment       0x0000000000000045       0x46 ./gecko_sdk_4.4.0/platform/bootloader/parser/gbl/btl_gbl_format.o
 .comment       0x0000000000000045       0x46 ./gecko_sdk_4.4.0/platform/bootloader/parser/gbl/btl_gbl_parser.o
 .comment       0x0000000000000045       0x46 ./gecko_sdk_4.4.0/platform/bootloader/security/btl_crc16.o
 .comment       0x0000000000000045       0x46 ./gecko_sdk_4.4.0/platform/bootloader/security/btl_crc32.o
 .comment       0x0000000000000045       0x46 ./gecko_sdk_4.4.0/platform/bootloader/security/btl_security_aes.o
 .comment       0x0000000000000045       0x46 ./gecko_sdk_4.4.0/platform/bootloader/security/btl_security_ecdsa.o
 .comment       0x0000000000000045       0x46 ./gecko_sdk_4.4.0/platform/bootloader/security/btl_security_sha256.o
 .comment       0x0000000000000045       0x46 ./gecko_sdk_4.4.0/platform/bootloader/security/btl_security_tokens.o
 .comment       0x0000000000000045       0x46 ./gecko_sdk_4.4.0/platform/bootloader/security/sha/btl_sha256.o
 .comment       0x0000000000000045       0x46 ./gecko_sdk_4.4.0/platform/bootloader/security/sha/se_sha.o
 .comment       0x0000000000000045       0x46 ./gecko_sdk_4.4.0/platform/common/toolchain/src/sl_memory.o
 .comment       0x0000000000000045       0x46 ./gecko_sdk_4.4.0/platform/emlib/src/em_cmu.o
 .comment       0x0000000000000045       0x46 ./gecko_sdk_4.4.0/platform/emlib/src/em_core.o
 .comment       0x0000000000000045       0x46 ./gecko_sdk_4.4.0/platform/emlib/src/em_gpio.o
 .comment       0x0000000000000045       0x46 ./gecko_sdk_4.4.0/platform/emlib/src/em_msc.o
 .comment       0x0000000000000045       0x46 ./gecko_sdk_4.4.0/platform/emlib/src/em_se.o
 .comment       0x0000000000000045       0x46 ./gecko_sdk_4.4.0/platform/emlib/src/em_timer.o
 .comment       0x0000000000000045       0x46 ./gecko_sdk_4.4.0/platform/security/sl_component/se_manager/src/sl_se_manager.o
 .comment       0x0000000000000045       0x46 ./gecko_sdk_4.4.0/platform/security/sl_component/se_manager/src/sl_se_manager_util.o
 .comment       0x0000000000000045       0x46 ./gecko_sdk_4.4.0/platform/security/sl_component/sl_mbedtls_support/src/se_aes.o

.debug_info     0x0000000000000000    0x38dfa
 .debug_info    0x0000000000000000      0xbc4 ./gecko_sdk_4.4.0/platform/Device/SiliconLabs/EFR32MG24/Source/startup_efr32mg24.o
 .debug_info    0x0000000000000bc4     0x175a ./gecko_sdk_4.4.0/platform/Device/SiliconLabs/EFR32MG24/Source/system_efr32mg24.o
 .debug_info    0x000000000000231e      0x259 ./gecko_sdk_4.4.0/platform/bootloader/communication/xmodem-parser/btl_xmodem.o
 .debug_info    0x0000000000002577      0x3ab ./gecko_sdk_4.4.0/platform/bootloader/communication/xmodem-uart/btl_comm_xmodem.o
 .debug_info    0x0000000000002922     0x1413 ./gecko_sdk_4.4.0/platform/bootloader/communication/xmodem-uart/btl_comm_xmodem_common.o
 .debug_info    0x0000000000003d35     0x30e9 ./gecko_sdk_4.4.0/platform/bootloader/core/btl_bootload.o
 .debug_info    0x0000000000006e1e       0xed ./gecko_sdk_4.4.0/platform/bootloader/core/btl_core.o
 .debug_info    0x0000000000006f0b     0x215b ./gecko_sdk_4.4.0/platform/bootloader/core/btl_main.o
 .debug_info    0x0000000000009066      0xbe7 ./gecko_sdk_4.4.0/platform/bootloader/core/btl_parse.o
 .debug_info    0x0000000000009c4d      0x75c ./gecko_sdk_4.4.0/platform/bootloader/core/btl_reset.o
 .debug_info    0x000000000000a3a9     0x127e ./gecko_sdk_4.4.0/platform/bootloader/core/flash/btl_internal_flash.o
 .debug_info    0x000000000000b627     0x1936 ./gecko_sdk_4.4.0/platform/bootloader/driver/btl_driver_delay.o
 .debug_info    0x000000000000cf5d     0x44f4 ./gecko_sdk_4.4.0/platform/bootloader/driver/btl_driver_uart.o
 .debug_info    0x0000000000011451     0x2d42 ./gecko_sdk_4.4.0/platform/bootloader/driver/btl_driver_util.o
 .debug_info    0x0000000000014193     0x25ad ./gecko_sdk_4.4.0/platform/bootloader/gpio/gpio-activation/btl_gpio_activation.o
 .debug_info    0x0000000000016740      0x257 ./gecko_sdk_4.4.0/platform/bootloader/parser/gbl/btl_gbl_format.o
 .debug_info    0x0000000000016997     0x2574 ./gecko_sdk_4.4.0/platform/bootloader/parser/gbl/btl_gbl_parser.o
 .debug_info    0x0000000000018f0b      0x173 ./gecko_sdk_4.4.0/platform/bootloader/security/btl_crc16.o
 .debug_info    0x000000000001907e     0x11fb ./gecko_sdk_4.4.0/platform/bootloader/security/btl_crc32.o
 .debug_info    0x000000000001a279     0x14a4 ./gecko_sdk_4.4.0/platform/bootloader/security/btl_security_aes.o
 .debug_info    0x000000000001b71d     0x129e ./gecko_sdk_4.4.0/platform/bootloader/security/btl_security_ecdsa.o
 .debug_info    0x000000000001c9bb     0x118f ./gecko_sdk_4.4.0/platform/bootloader/security/btl_security_sha256.o
 .debug_info    0x000000000001db4a     0x1113 ./gecko_sdk_4.4.0/platform/bootloader/security/btl_security_tokens.o
 .debug_info    0x000000000001ec5d      0x8ef ./gecko_sdk_4.4.0/platform/bootloader/security/sha/btl_sha256.o
 .debug_info    0x000000000001f54c     0x1248 ./gecko_sdk_4.4.0/platform/bootloader/security/sha/se_sha.o
 .debug_info    0x0000000000020794      0x205 ./gecko_sdk_4.4.0/platform/common/toolchain/src/sl_memory.o
 .debug_info    0x0000000000020999     0x9ead ./gecko_sdk_4.4.0/platform/emlib/src/em_cmu.o
 .debug_info    0x000000000002a846     0x10b9 ./gecko_sdk_4.4.0/platform/emlib/src/em_core.o
 .debug_info    0x000000000002b8ff     0x273a ./gecko_sdk_4.4.0/platform/emlib/src/em_gpio.o
 .debug_info    0x000000000002e039     0x34e2 ./gecko_sdk_4.4.0/platform/emlib/src/em_msc.o
 .debug_info    0x000000000003151b     0x115d ./gecko_sdk_4.4.0/platform/emlib/src/em_se.o
 .debug_info    0x0000000000032678     0x2d85 ./gecko_sdk_4.4.0/platform/emlib/src/em_timer.o
 .debug_info    0x00000000000353fd     0x148c ./gecko_sdk_4.4.0/platform/security/sl_component/se_manager/src/sl_se_manager.o
 .debug_info    0x0000000000036889     0x1a6c ./gecko_sdk_4.4.0/platform/security/sl_component/se_manager/src/sl_se_manager_util.o
 .debug_info    0x00000000000382f5      0xb05 ./gecko_sdk_4.4.0/platform/security/sl_component/sl_mbedtls_support/src/se_aes.o

.debug_abbrev   0x0000000000000000     0x5889
 .debug_abbrev  0x0000000000000000      0x296 ./gecko_sdk_4.4.0/platform/Device/SiliconLabs/EFR32MG24/Source/startup_efr32mg24.o
 .debug_abbrev  0x0000000000000296      0x2b0 ./gecko_sdk_4.4.0/platform/Device/SiliconLabs/EFR32MG24/Source/system_efr32mg24.o
 .debug_abbrev  0x0000000000000546      0x13f ./gecko_sdk_4.4.0/platform/bootloader/communication/xmodem-parser/btl_xmodem.o
 .debug_abbrev  0x0000000000000685      0x195 ./gecko_sdk_4.4.0/platform/bootloader/communication/xmodem-uart/btl_comm_xmodem.o
 .debug_abbrev  0x000000000000081a      0x386 ./gecko_sdk_4.4.0/platform/bootloader/communication/xmodem-uart/btl_comm_xmodem_common.o
 .debug_abbrev  0x0000000000000ba0      0x4dd ./gecko_sdk_4.4.0/platform/bootloader/core/btl_bootload.o
 .debug_abbrev  0x000000000000107d       0x8f ./gecko_sdk_4.4.0/platform/bootloader/core/btl_core.o
 .debug_abbrev  0x000000000000110c      0x3e3 ./gecko_sdk_4.4.0/platform/bootloader/core/btl_main.o
 .debug_abbrev  0x00000000000014ef      0x226 ./gecko_sdk_4.4.0/platform/bootloader/core/btl_parse.o
 .debug_abbrev  0x0000000000001715      0x210 ./gecko_sdk_4.4.0/platform/bootloader/core/btl_reset.o
 .debug_abbrev  0x0000000000001925      0x1c9 ./gecko_sdk_4.4.0/platform/bootloader/core/flash/btl_internal_flash.o
 .debug_abbrev  0x0000000000001aee      0x21a ./gecko_sdk_4.4.0/platform/bootloader/driver/btl_driver_delay.o
 .debug_abbrev  0x0000000000001d08      0x3c5 ./gecko_sdk_4.4.0/platform/bootloader/driver/btl_driver_uart.o
 .debug_abbrev  0x00000000000020cd      0x158 ./gecko_sdk_4.4.0/platform/bootloader/driver/btl_driver_util.o
 .debug_abbrev  0x0000000000002225      0x213 ./gecko_sdk_4.4.0/platform/bootloader/gpio/gpio-activation/btl_gpio_activation.o
 .debug_abbrev  0x0000000000002438      0x10a ./gecko_sdk_4.4.0/platform/bootloader/parser/gbl/btl_gbl_format.o
 .debug_abbrev  0x0000000000002542      0x495 ./gecko_sdk_4.4.0/platform/bootloader/parser/gbl/btl_gbl_parser.o
 .debug_abbrev  0x00000000000029d7       0xb8 ./gecko_sdk_4.4.0/platform/bootloader/security/btl_crc16.o
 .debug_abbrev  0x0000000000002a8f       0xd0 ./gecko_sdk_4.4.0/platform/bootloader/security/btl_crc32.o
 .debug_abbrev  0x0000000000002b5f      0x230 ./gecko_sdk_4.4.0/platform/bootloader/security/btl_security_aes.o
 .debug_abbrev  0x0000000000002d8f      0x1c1 ./gecko_sdk_4.4.0/platform/bootloader/security/btl_security_ecdsa.o
 .debug_abbrev  0x0000000000002f50      0x1f9 ./gecko_sdk_4.4.0/platform/bootloader/security/btl_security_sha256.o
 .debug_abbrev  0x0000000000003149      0x1a8 ./gecko_sdk_4.4.0/platform/bootloader/security/btl_security_tokens.o
 .debug_abbrev  0x00000000000032f1      0x29e ./gecko_sdk_4.4.0/platform/bootloader/security/sha/btl_sha256.o
 .debug_abbrev  0x000000000000358f      0x1e4 ./gecko_sdk_4.4.0/platform/bootloader/security/sha/se_sha.o
 .debug_abbrev  0x0000000000003773      0x11e ./gecko_sdk_4.4.0/platform/common/toolchain/src/sl_memory.o
 .debug_abbrev  0x0000000000003891      0x583 ./gecko_sdk_4.4.0/platform/emlib/src/em_cmu.o
 .debug_abbrev  0x0000000000003e14      0x375 ./gecko_sdk_4.4.0/platform/emlib/src/em_core.o
 .debug_abbrev  0x0000000000004189      0x392 ./gecko_sdk_4.4.0/platform/emlib/src/em_gpio.o
 .debug_abbrev  0x000000000000451b      0x383 ./gecko_sdk_4.4.0/platform/emlib/src/em_msc.o
 .debug_abbrev  0x000000000000489e      0x2e9 ./gecko_sdk_4.4.0/platform/emlib/src/em_se.o
 .debug_abbrev  0x0000000000004b87      0x354 ./gecko_sdk_4.4.0/platform/emlib/src/em_timer.o
 .debug_abbrev  0x0000000000004edb      0x36d ./gecko_sdk_4.4.0/platform/security/sl_component/se_manager/src/sl_se_manager.o
 .debug_abbrev  0x0000000000005248      0x368 ./gecko_sdk_4.4.0/platform/security/sl_component/se_manager/src/sl_se_manager_util.o
 .debug_abbrev  0x00000000000055b0      0x2d9 ./gecko_sdk_4.4.0/platform/security/sl_component/sl_mbedtls_support/src/se_aes.o

.debug_loc      0x0000000000000000     0xdd2a
 .debug_loc     0x0000000000000000       0x20 ./gecko_sdk_4.4.0/platform/Device/SiliconLabs/EFR32MG24/Source/startup_efr32mg24.o
 .debug_loc     0x0000000000000020      0x274 ./gecko_sdk_4.4.0/platform/Device/SiliconLabs/EFR32MG24/Source/system_efr32mg24.o
 .debug_loc     0x0000000000000294      0x180 ./gecko_sdk_4.4.0/platform/bootloader/communication/xmodem-parser/btl_xmodem.o
 .debug_loc     0x0000000000000414      0x461 ./gecko_sdk_4.4.0/platform/bootloader/communication/xmodem-uart/btl_comm_xmodem_common.o
 .debug_loc     0x0000000000000875      0xcb4 ./gecko_sdk_4.4.0/platform/bootloader/core/btl_bootload.o
 .debug_loc     0x0000000000001529      0x122 ./gecko_sdk_4.4.0/platform/bootloader/core/btl_main.o
 .debug_loc     0x000000000000164b      0x28f ./gecko_sdk_4.4.0/platform/bootloader/core/btl_parse.o
 .debug_loc     0x00000000000018da       0xca ./gecko_sdk_4.4.0/platform/bootloader/core/btl_reset.o
 .debug_loc     0x00000000000019a4      0x2bd ./gecko_sdk_4.4.0/platform/bootloader/core/flash/btl_internal_flash.o
 .debug_loc     0x0000000000001c61      0x1e9 ./gecko_sdk_4.4.0/platform/bootloader/driver/btl_driver_delay.o
 .debug_loc     0x0000000000001e4a      0x6b2 ./gecko_sdk_4.4.0/platform/bootloader/driver/btl_driver_uart.o
 .debug_loc     0x00000000000024fc       0xea ./gecko_sdk_4.4.0/platform/bootloader/driver/btl_driver_util.o
 .debug_loc     0x00000000000025e6       0x96 ./gecko_sdk_4.4.0/platform/bootloader/gpio/gpio-activation/btl_gpio_activation.o
 .debug_loc     0x000000000000267c       0x65 ./gecko_sdk_4.4.0/platform/bootloader/parser/gbl/btl_gbl_format.o
 .debug_loc     0x00000000000026e1     0x1090 ./gecko_sdk_4.4.0/platform/bootloader/parser/gbl/btl_gbl_parser.o
 .debug_loc     0x0000000000003771      0x16e ./gecko_sdk_4.4.0/platform/bootloader/security/btl_crc16.o
 .debug_loc     0x00000000000038df       0xba ./gecko_sdk_4.4.0/platform/bootloader/security/btl_crc32.o
 .debug_loc     0x0000000000003999      0x510 ./gecko_sdk_4.4.0/platform/bootloader/security/btl_security_aes.o
 .debug_loc     0x0000000000003ea9      0x163 ./gecko_sdk_4.4.0/platform/bootloader/security/btl_security_ecdsa.o
 .debug_loc     0x000000000000400c      0x288 ./gecko_sdk_4.4.0/platform/bootloader/security/btl_security_sha256.o
 .debug_loc     0x0000000000004294       0x9c ./gecko_sdk_4.4.0/platform/bootloader/security/btl_security_tokens.o
 .debug_loc     0x0000000000004330      0x8d0 ./gecko_sdk_4.4.0/platform/bootloader/security/sha/btl_sha256.o
 .debug_loc     0x0000000000004c00      0x102 ./gecko_sdk_4.4.0/platform/bootloader/security/sha/se_sha.o
 .debug_loc     0x0000000000004d02       0xa9 ./gecko_sdk_4.4.0/platform/common/toolchain/src/sl_memory.o
 .debug_loc     0x0000000000004dab     0x408c ./gecko_sdk_4.4.0/platform/emlib/src/em_cmu.o
 .debug_loc     0x0000000000008e37      0x6ff ./gecko_sdk_4.4.0/platform/emlib/src/em_core.o
 .debug_loc     0x0000000000009536      0x7bb ./gecko_sdk_4.4.0/platform/emlib/src/em_gpio.o
 .debug_loc     0x0000000000009cf1      0xa10 ./gecko_sdk_4.4.0/platform/emlib/src/em_msc.o
 .debug_loc     0x000000000000a701      0x8e8 ./gecko_sdk_4.4.0/platform/emlib/src/em_se.o
 .debug_loc     0x000000000000afe9      0x530 ./gecko_sdk_4.4.0/platform/emlib/src/em_timer.o
 .debug_loc     0x000000000000b519      0x424 ./gecko_sdk_4.4.0/platform/security/sl_component/se_manager/src/sl_se_manager.o
 .debug_loc     0x000000000000b93d     0x1d89 ./gecko_sdk_4.4.0/platform/security/sl_component/se_manager/src/sl_se_manager_util.o
 .debug_loc     0x000000000000d6c6      0x664 ./gecko_sdk_4.4.0/platform/security/sl_component/sl_mbedtls_support/src/se_aes.o

.debug_aranges  0x0000000000000000      0xcf8
 .debug_aranges
                0x0000000000000000       0x40 ./gecko_sdk_4.4.0/platform/Device/SiliconLabs/EFR32MG24/Source/startup_efr32mg24.o
 .debug_aranges
                0x0000000000000040       0x98 ./gecko_sdk_4.4.0/platform/Device/SiliconLabs/EFR32MG24/Source/system_efr32mg24.o
 .debug_aranges
                0x00000000000000d8       0x30 ./gecko_sdk_4.4.0/platform/bootloader/communication/xmodem-parser/btl_xmodem.o
 .debug_aranges
                0x0000000000000108       0x38 ./gecko_sdk_4.4.0/platform/bootloader/communication/xmodem-uart/btl_comm_xmodem.o
 .debug_aranges
                0x0000000000000140       0x38 ./gecko_sdk_4.4.0/platform/bootloader/communication/xmodem-uart/btl_comm_xmodem_common.o
 .debug_aranges
                0x0000000000000178       0xe8 ./gecko_sdk_4.4.0/platform/bootloader/core/btl_bootload.o
 .debug_aranges
                0x0000000000000260       0x28 ./gecko_sdk_4.4.0/platform/bootloader/core/btl_core.o
 .debug_aranges
                0x0000000000000288       0x40 ./gecko_sdk_4.4.0/platform/bootloader/core/btl_main.o
 .debug_aranges
                0x00000000000002c8       0x38 ./gecko_sdk_4.4.0/platform/bootloader/core/btl_parse.o
 .debug_aranges
                0x0000000000000300       0x68 ./gecko_sdk_4.4.0/platform/bootloader/core/btl_reset.o
 .debug_aranges
                0x0000000000000368       0x30 ./gecko_sdk_4.4.0/platform/bootloader/core/flash/btl_internal_flash.o
 .debug_aranges
                0x0000000000000398       0x38 ./gecko_sdk_4.4.0/platform/bootloader/driver/btl_driver_delay.o
 .debug_aranges
                0x00000000000003d0       0x68 ./gecko_sdk_4.4.0/platform/bootloader/driver/btl_driver_uart.o
 .debug_aranges
                0x0000000000000438       0x28 ./gecko_sdk_4.4.0/platform/bootloader/driver/btl_driver_util.o
 .debug_aranges
                0x0000000000000460       0x20 ./gecko_sdk_4.4.0/platform/bootloader/gpio/gpio-activation/btl_gpio_activation.o
 .debug_aranges
                0x0000000000000480       0x20 ./gecko_sdk_4.4.0/platform/bootloader/parser/gbl/btl_gbl_format.o
 .debug_aranges
                0x00000000000004a0       0x50 ./gecko_sdk_4.4.0/platform/bootloader/parser/gbl/btl_gbl_parser.o
 .debug_aranges
                0x00000000000004f0       0x28 ./gecko_sdk_4.4.0/platform/bootloader/security/btl_crc16.o
 .debug_aranges
                0x0000000000000518       0x20 ./gecko_sdk_4.4.0/platform/bootloader/security/btl_crc32.o
 .debug_aranges
                0x0000000000000538       0x40 ./gecko_sdk_4.4.0/platform/bootloader/security/btl_security_aes.o
 .debug_aranges
                0x0000000000000578       0x20 ./gecko_sdk_4.4.0/platform/bootloader/security/btl_security_ecdsa.o
 .debug_aranges
                0x0000000000000598       0x38 ./gecko_sdk_4.4.0/platform/bootloader/security/btl_security_sha256.o
 .debug_aranges
                0x00000000000005d0       0x30 ./gecko_sdk_4.4.0/platform/bootloader/security/btl_security_tokens.o
 .debug_aranges
                0x0000000000000600       0x50 ./gecko_sdk_4.4.0/platform/bootloader/security/sha/btl_sha256.o
 .debug_aranges
                0x0000000000000650       0x20 ./gecko_sdk_4.4.0/platform/bootloader/security/sha/se_sha.o
 .debug_aranges
                0x0000000000000670       0x30 ./gecko_sdk_4.4.0/platform/common/toolchain/src/sl_memory.o
 .debug_aranges
                0x00000000000006a0      0x1f8 ./gecko_sdk_4.4.0/platform/emlib/src/em_cmu.o
 .debug_aranges
                0x0000000000000898       0xe8 ./gecko_sdk_4.4.0/platform/emlib/src/em_core.o
 .debug_aranges
                0x0000000000000980       0x50 ./gecko_sdk_4.4.0/platform/emlib/src/em_gpio.o
 .debug_aranges
                0x00000000000009d0       0x80 ./gecko_sdk_4.4.0/platform/emlib/src/em_msc.o
 .debug_aranges
                0x0000000000000a50       0xa8 ./gecko_sdk_4.4.0/platform/emlib/src/em_se.o
 .debug_aranges
                0x0000000000000af8       0x48 ./gecko_sdk_4.4.0/platform/emlib/src/em_timer.o
 .debug_aranges
                0x0000000000000b40       0x60 ./gecko_sdk_4.4.0/platform/security/sl_component/se_manager/src/sl_se_manager.o
 .debug_aranges
                0x0000000000000ba0      0x110 ./gecko_sdk_4.4.0/platform/security/sl_component/se_manager/src/sl_se_manager_util.o
 .debug_aranges
                0x0000000000000cb0       0x48 ./gecko_sdk_4.4.0/platform/security/sl_component/sl_mbedtls_support/src/se_aes.o

.debug_ranges   0x0000000000000000     0x1560
 .debug_ranges  0x0000000000000000       0x48 ./gecko_sdk_4.4.0/platform/Device/SiliconLabs/EFR32MG24/Source/startup_efr32mg24.o
 .debug_ranges  0x0000000000000048       0x88 ./gecko_sdk_4.4.0/platform/Device/SiliconLabs/EFR32MG24/Source/system_efr32mg24.o
 .debug_ranges  0x00000000000000d0       0x20 ./gecko_sdk_4.4.0/platform/bootloader/communication/xmodem-parser/btl_xmodem.o
 .debug_ranges  0x00000000000000f0       0x28 ./gecko_sdk_4.4.0/platform/bootloader/communication/xmodem-uart/btl_comm_xmodem.o
 .debug_ranges  0x0000000000000118       0x88 ./gecko_sdk_4.4.0/platform/bootloader/communication/xmodem-uart/btl_comm_xmodem_common.o
 .debug_ranges  0x00000000000001a0      0x138 ./gecko_sdk_4.4.0/platform/bootloader/core/btl_bootload.o
 .debug_ranges  0x00000000000002d8       0x18 ./gecko_sdk_4.4.0/platform/bootloader/core/btl_core.o
 .debug_ranges  0x00000000000002f0       0x30 ./gecko_sdk_4.4.0/platform/bootloader/core/btl_main.o
 .debug_ranges  0x0000000000000320       0x28 ./gecko_sdk_4.4.0/platform/bootloader/core/btl_parse.o
 .debug_ranges  0x0000000000000348       0x58 ./gecko_sdk_4.4.0/platform/bootloader/core/btl_reset.o
 .debug_ranges  0x00000000000003a0       0x20 ./gecko_sdk_4.4.0/platform/bootloader/core/flash/btl_internal_flash.o
 .debug_ranges  0x00000000000003c0       0x28 ./gecko_sdk_4.4.0/platform/bootloader/driver/btl_driver_delay.o
 .debug_ranges  0x00000000000003e8       0xa0 ./gecko_sdk_4.4.0/platform/bootloader/driver/btl_driver_uart.o
 .debug_ranges  0x0000000000000488       0x18 ./gecko_sdk_4.4.0/platform/bootloader/driver/btl_driver_util.o
 .debug_ranges  0x00000000000004a0       0x60 ./gecko_sdk_4.4.0/platform/bootloader/gpio/gpio-activation/btl_gpio_activation.o
 .debug_ranges  0x0000000000000500       0x28 ./gecko_sdk_4.4.0/platform/bootloader/parser/gbl/btl_gbl_format.o
 .debug_ranges  0x0000000000000528      0x1a0 ./gecko_sdk_4.4.0/platform/bootloader/parser/gbl/btl_gbl_parser.o
 .debug_ranges  0x00000000000006c8       0x18 ./gecko_sdk_4.4.0/platform/bootloader/security/btl_crc16.o
 .debug_ranges  0x00000000000006e0       0x10 ./gecko_sdk_4.4.0/platform/bootloader/security/btl_crc32.o
 .debug_ranges  0x00000000000006f0       0x30 ./gecko_sdk_4.4.0/platform/bootloader/security/btl_security_aes.o
 .debug_ranges  0x0000000000000720       0x40 ./gecko_sdk_4.4.0/platform/bootloader/security/btl_security_ecdsa.o
 .debug_ranges  0x0000000000000760       0x40 ./gecko_sdk_4.4.0/platform/bootloader/security/btl_security_sha256.o
 .debug_ranges  0x00000000000007a0       0x20 ./gecko_sdk_4.4.0/platform/bootloader/security/btl_security_tokens.o
 .debug_ranges  0x00000000000007c0       0xc8 ./gecko_sdk_4.4.0/platform/bootloader/security/sha/btl_sha256.o
 .debug_ranges  0x0000000000000888       0x28 ./gecko_sdk_4.4.0/platform/bootloader/security/sha/se_sha.o
 .debug_ranges  0x00000000000008b0       0x20 ./gecko_sdk_4.4.0/platform/common/toolchain/src/sl_memory.o
 .debug_ranges  0x00000000000008d0      0x400 ./gecko_sdk_4.4.0/platform/emlib/src/em_cmu.o
 .debug_ranges  0x0000000000000cd0      0x1a0 ./gecko_sdk_4.4.0/platform/emlib/src/em_core.o
 .debug_ranges  0x0000000000000e70      0x108 ./gecko_sdk_4.4.0/platform/emlib/src/em_gpio.o
 .debug_ranges  0x0000000000000f78      0x110 ./gecko_sdk_4.4.0/platform/emlib/src/em_msc.o
 .debug_ranges  0x0000000000001088      0x138 ./gecko_sdk_4.4.0/platform/emlib/src/em_se.o
 .debug_ranges  0x00000000000011c0       0x88 ./gecko_sdk_4.4.0/platform/emlib/src/em_timer.o
 .debug_ranges  0x0000000000001248       0xd0 ./gecko_sdk_4.4.0/platform/security/sl_component/se_manager/src/sl_se_manager.o
 .debug_ranges  0x0000000000001318      0x148 ./gecko_sdk_4.4.0/platform/security/sl_component/se_manager/src/sl_se_manager_util.o
 .debug_ranges  0x0000000000001460      0x100 ./gecko_sdk_4.4.0/platform/security/sl_component/sl_mbedtls_support/src/se_aes.o

.debug_line     0x0000000000000000    0x1026b
 .debug_line    0x0000000000000000      0x46f ./gecko_sdk_4.4.0/platform/Device/SiliconLabs/EFR32MG24/Source/startup_efr32mg24.o
 .debug_line    0x000000000000046f      0x522 ./gecko_sdk_4.4.0/platform/Device/SiliconLabs/EFR32MG24/Source/system_efr32mg24.o
 .debug_line    0x0000000000000991      0x3ee ./gecko_sdk_4.4.0/platform/bootloader/communication/xmodem-parser/btl_xmodem.o
 .debug_line    0x0000000000000d7f      0x3b7 ./gecko_sdk_4.4.0/platform/bootloader/communication/xmodem-uart/btl_comm_xmodem.o
 .debug_line    0x0000000000001136      0xac6 ./gecko_sdk_4.4.0/platform/bootloader/communication/xmodem-uart/btl_comm_xmodem_common.o
 .debug_line    0x0000000000001bfc      0xc54 ./gecko_sdk_4.4.0/platform/bootloader/core/btl_bootload.o
 .debug_line    0x0000000000002850      0x19f ./gecko_sdk_4.4.0/platform/bootloader/core/btl_core.o
 .debug_line    0x00000000000029ef      0x93b ./gecko_sdk_4.4.0/platform/bootloader/core/btl_main.o
 .debug_line    0x000000000000332a      0x607 ./gecko_sdk_4.4.0/platform/bootloader/core/btl_parse.o
 .debug_line    0x0000000000003931      0x433 ./gecko_sdk_4.4.0/platform/bootloader/core/btl_reset.o
 .debug_line    0x0000000000003d64      0x3b3 ./gecko_sdk_4.4.0/platform/bootloader/core/flash/btl_internal_flash.o
 .debug_line    0x0000000000004117      0x3ce ./gecko_sdk_4.4.0/platform/bootloader/driver/btl_driver_delay.o
 .debug_line    0x00000000000044e5      0xa03 ./gecko_sdk_4.4.0/platform/bootloader/driver/btl_driver_uart.o
 .debug_line    0x0000000000004ee8      0x357 ./gecko_sdk_4.4.0/platform/bootloader/driver/btl_driver_util.o
 .debug_line    0x000000000000523f      0x357 ./gecko_sdk_4.4.0/platform/bootloader/gpio/gpio-activation/btl_gpio_activation.o
 .debug_line    0x0000000000005596      0x2ac ./gecko_sdk_4.4.0/platform/bootloader/parser/gbl/btl_gbl_format.o
 .debug_line    0x0000000000005842     0x1121 ./gecko_sdk_4.4.0/platform/bootloader/parser/gbl/btl_gbl_parser.o
 .debug_line    0x0000000000006963      0x28e ./gecko_sdk_4.4.0/platform/bootloader/security/btl_crc16.o
 .debug_line    0x0000000000006bf1      0x2e4 ./gecko_sdk_4.4.0/platform/bootloader/security/btl_crc32.o
 .debug_line    0x0000000000006ed5      0x544 ./gecko_sdk_4.4.0/platform/bootloader/security/btl_security_aes.o
 .debug_line    0x0000000000007419      0x406 ./gecko_sdk_4.4.0/platform/bootloader/security/btl_security_ecdsa.o
 .debug_line    0x000000000000781f      0x399 ./gecko_sdk_4.4.0/platform/bootloader/security/btl_security_sha256.o
 .debug_line    0x0000000000007bb8      0x449 ./gecko_sdk_4.4.0/platform/bootloader/security/btl_security_tokens.o
 .debug_line    0x0000000000008001      0x57a ./gecko_sdk_4.4.0/platform/bootloader/security/sha/btl_sha256.o
 .debug_line    0x000000000000857b      0x420 ./gecko_sdk_4.4.0/platform/bootloader/security/sha/se_sha.o
 .debug_line    0x000000000000899b      0x2e7 ./gecko_sdk_4.4.0/platform/common/toolchain/src/sl_memory.o
 .debug_line    0x0000000000008c82     0x2c85 ./gecko_sdk_4.4.0/platform/emlib/src/em_cmu.o
 .debug_line    0x000000000000b907      0x84d ./gecko_sdk_4.4.0/platform/emlib/src/em_core.o
 .debug_line    0x000000000000c154      0x5cd ./gecko_sdk_4.4.0/platform/emlib/src/em_gpio.o
 .debug_line    0x000000000000c721      0x9b7 ./gecko_sdk_4.4.0/platform/emlib/src/em_msc.o
 .debug_line    0x000000000000d0d8      0xa3f ./gecko_sdk_4.4.0/platform/emlib/src/em_se.o
 .debug_line    0x000000000000db17      0x808 ./gecko_sdk_4.4.0/platform/emlib/src/em_timer.o
 .debug_line    0x000000000000e31f      0x644 ./gecko_sdk_4.4.0/platform/security/sl_component/se_manager/src/sl_se_manager.o
 .debug_line    0x000000000000e963      0xfce ./gecko_sdk_4.4.0/platform/security/sl_component/se_manager/src/sl_se_manager_util.o
 .debug_line    0x000000000000f931      0x93a ./gecko_sdk_4.4.0/platform/security/sl_component/sl_mbedtls_support/src/se_aes.o

.debug_str      0x0000000000000000     0xc641
 .debug_str     0x0000000000000000      0x75f ./gecko_sdk_4.4.0/platform/Device/SiliconLabs/EFR32MG24/Source/startup_efr32mg24.o
                                        0x8bd (size before relaxing)
 .debug_str     0x000000000000075f      0xc95 ./gecko_sdk_4.4.0/platform/Device/SiliconLabs/EFR32MG24/Source/system_efr32mg24.o
                                        0xf6b (size before relaxing)
 .debug_str     0x00000000000013f4       0xf5 ./gecko_sdk_4.4.0/platform/bootloader/communication/xmodem-parser/btl_xmodem.o
                                        0x30a (size before relaxing)
 .debug_str     0x00000000000014e9      0x1c7 ./gecko_sdk_4.4.0/platform/bootloader/communication/xmodem-uart/btl_comm_xmodem.o
                                        0x4b8 (size before relaxing)
 .debug_str     0x00000000000016b0      0x84e ./gecko_sdk_4.4.0/platform/bootloader/communication/xmodem-uart/btl_comm_xmodem_common.o
                                        0xd47 (size before relaxing)
 .debug_str     0x0000000000001efe      0x97e ./gecko_sdk_4.4.0/platform/bootloader/core/btl_bootload.o
                                       0x1bd2 (size before relaxing)
 .debug_str     0x000000000000287c       0x69 ./gecko_sdk_4.4.0/platform/bootloader/core/btl_core.o
                                        0x236 (size before relaxing)
 .debug_str     0x00000000000028e5      0x41f ./gecko_sdk_4.4.0/platform/bootloader/core/btl_main.o
                                       0x16e3 (size before relaxing)
 .debug_str     0x0000000000002d04       0x76 ./gecko_sdk_4.4.0/platform/bootloader/core/btl_parse.o
                                        0xa9f (size before relaxing)
 .debug_str     0x0000000000002d7a      0x151 ./gecko_sdk_4.4.0/platform/bootloader/core/btl_reset.o
                                        0x4be (size before relaxing)
 .debug_str     0x0000000000002ecb      0x56d ./gecko_sdk_4.4.0/platform/bootloader/core/flash/btl_internal_flash.o
                                       0x11b7 (size before relaxing)
 .debug_str     0x0000000000003438      0x508 ./gecko_sdk_4.4.0/platform/bootloader/driver/btl_driver_delay.o
                                       0x1206 (size before relaxing)
 .debug_str     0x0000000000003940     0x1ff8 ./gecko_sdk_4.4.0/platform/bootloader/driver/btl_driver_uart.o
                                       0x32b6 (size before relaxing)
 .debug_str     0x0000000000005938       0x8d ./gecko_sdk_4.4.0/platform/bootloader/driver/btl_driver_util.o
                                       0x1c15 (size before relaxing)
 .debug_str     0x00000000000059c5       0x8e ./gecko_sdk_4.4.0/platform/bootloader/gpio/gpio-activation/btl_gpio_activation.o
                                       0x1a07 (size before relaxing)
 .debug_str     0x0000000000005a53       0xd6 ./gecko_sdk_4.4.0/platform/bootloader/parser/gbl/btl_gbl_format.o
                                        0x4bd (size before relaxing)
 .debug_str     0x0000000000005b29      0x376 ./gecko_sdk_4.4.0/platform/bootloader/parser/gbl/btl_gbl_parser.o
                                       0x10ff (size before relaxing)
 .debug_str     0x0000000000005e9f       0x70 ./gecko_sdk_4.4.0/platform/bootloader/security/btl_crc16.o
                                        0x274 (size before relaxing)
 .debug_str     0x0000000000005f0f      0x1c9 ./gecko_sdk_4.4.0/platform/bootloader/security/btl_crc32.o
                                        0xe74 (size before relaxing)
 .debug_str     0x00000000000060d8      0x145 ./gecko_sdk_4.4.0/platform/bootloader/security/btl_security_aes.o